Archive member included to satisfy reference by file (symbol)

F:/CubeIDE1.14.1/STM32CubeIDE_1.14.1/STM32CubeIDE/plugins/com.st.stm32cube.ide.mcu.externaltools.gnu-tools-for-stm32.11.3.rel1.win32_1.1.100.202309141235/tools/bin/../lib/gcc/arm-none-eabi/11.3.1/../../../../arm-none-eabi/lib/thumb/v7-m/nofp\libc_nano.a(libc_a-exit.o)
                              F:/CubeIDE1.14.1/STM32CubeIDE_1.14.1/STM32CubeIDE/plugins/com.st.stm32cube.ide.mcu.externaltools.gnu-tools-for-stm32.11.3.rel1.win32_1.1.100.202309141235/tools/bin/../lib/gcc/arm-none-eabi/11.3.1/../../../../arm-none-eabi/lib/thumb/v7-m/nofp/crt0.o (exit)
F:/CubeIDE1.14.1/STM32CubeIDE_1.14.1/STM32CubeIDE/plugins/com.st.stm32cube.ide.mcu.externaltools.gnu-tools-for-stm32.11.3.rel1.win32_1.1.100.202309141235/tools/bin/../lib/gcc/arm-none-eabi/11.3.1/../../../../arm-none-eabi/lib/thumb/v7-m/nofp\libc_nano.a(libc_a-findfp.o)
                              F:/CubeIDE1.14.1/STM32CubeIDE_1.14.1/STM32CubeIDE/plugins/com.st.stm32cube.ide.mcu.externaltools.gnu-tools-for-stm32.11.3.rel1.win32_1.1.100.202309141235/tools/bin/../lib/gcc/arm-none-eabi/11.3.1/../../../../arm-none-eabi/lib/thumb/v7-m/nofp\libc_nano.a(libc_a-exit.o) (__stdio_exit_handler)
F:/CubeIDE1.14.1/STM32CubeIDE_1.14.1/STM32CubeIDE/plugins/com.st.stm32cube.ide.mcu.externaltools.gnu-tools-for-stm32.11.3.rel1.win32_1.1.100.202309141235/tools/bin/../lib/gcc/arm-none-eabi/11.3.1/../../../../arm-none-eabi/lib/thumb/v7-m/nofp\libc_nano.a(libc_a-fwalk.o)
                              F:/CubeIDE1.14.1/STM32CubeIDE_1.14.1/STM32CubeIDE/plugins/com.st.stm32cube.ide.mcu.externaltools.gnu-tools-for-stm32.11.3.rel1.win32_1.1.100.202309141235/tools/bin/../lib/gcc/arm-none-eabi/11.3.1/../../../../arm-none-eabi/lib/thumb/v7-m/nofp\libc_nano.a(libc_a-findfp.o) (_fwalk_sglue)
F:/CubeIDE1.14.1/STM32CubeIDE_1.14.1/STM32CubeIDE/plugins/com.st.stm32cube.ide.mcu.externaltools.gnu-tools-for-stm32.11.3.rel1.win32_1.1.100.202309141235/tools/bin/../lib/gcc/arm-none-eabi/11.3.1/../../../../arm-none-eabi/lib/thumb/v7-m/nofp\libc_nano.a(libc_a-putchar.o)
                              ./Core/Src/main.o (putchar)
F:/CubeIDE1.14.1/STM32CubeIDE_1.14.1/STM32CubeIDE/plugins/com.st.stm32cube.ide.mcu.externaltools.gnu-tools-for-stm32.11.3.rel1.win32_1.1.100.202309141235/tools/bin/../lib/gcc/arm-none-eabi/11.3.1/../../../../arm-none-eabi/lib/thumb/v7-m/nofp\libc_nano.a(libc_a-puts.o)
                              ./Core/Src/main.o (puts)
F:/CubeIDE1.14.1/STM32CubeIDE_1.14.1/STM32CubeIDE/plugins/com.st.stm32cube.ide.mcu.externaltools.gnu-tools-for-stm32.11.3.rel1.win32_1.1.100.202309141235/tools/bin/../lib/gcc/arm-none-eabi/11.3.1/../../../../arm-none-eabi/lib/thumb/v7-m/nofp\libc_nano.a(libc_a-stdio.o)
                              F:/CubeIDE1.14.1/STM32CubeIDE_1.14.1/STM32CubeIDE/plugins/com.st.stm32cube.ide.mcu.externaltools.gnu-tools-for-stm32.11.3.rel1.win32_1.1.100.202309141235/tools/bin/../lib/gcc/arm-none-eabi/11.3.1/../../../../arm-none-eabi/lib/thumb/v7-m/nofp\libc_nano.a(libc_a-findfp.o) (__sread)
F:/CubeIDE1.14.1/STM32CubeIDE_1.14.1/STM32CubeIDE/plugins/com.st.stm32cube.ide.mcu.externaltools.gnu-tools-for-stm32.11.3.rel1.win32_1.1.100.202309141235/tools/bin/../lib/gcc/arm-none-eabi/11.3.1/../../../../arm-none-eabi/lib/thumb/v7-m/nofp\libc_nano.a(libc_a-wbuf.o)
                              F:/CubeIDE1.14.1/STM32CubeIDE_1.14.1/STM32CubeIDE/plugins/com.st.stm32cube.ide.mcu.externaltools.gnu-tools-for-stm32.11.3.rel1.win32_1.1.100.202309141235/tools/bin/../lib/gcc/arm-none-eabi/11.3.1/../../../../arm-none-eabi/lib/thumb/v7-m/nofp\libc_nano.a(libc_a-puts.o) (__swbuf_r)
F:/CubeIDE1.14.1/STM32CubeIDE_1.14.1/STM32CubeIDE/plugins/com.st.stm32cube.ide.mcu.externaltools.gnu-tools-for-stm32.11.3.rel1.win32_1.1.100.202309141235/tools/bin/../lib/gcc/arm-none-eabi/11.3.1/../../../../arm-none-eabi/lib/thumb/v7-m/nofp\libc_nano.a(libc_a-wsetup.o)
                              F:/CubeIDE1.14.1/STM32CubeIDE_1.14.1/STM32CubeIDE/plugins/com.st.stm32cube.ide.mcu.externaltools.gnu-tools-for-stm32.11.3.rel1.win32_1.1.100.202309141235/tools/bin/../lib/gcc/arm-none-eabi/11.3.1/../../../../arm-none-eabi/lib/thumb/v7-m/nofp\libc_nano.a(libc_a-puts.o) (__swsetup_r)
F:/CubeIDE1.14.1/STM32CubeIDE_1.14.1/STM32CubeIDE/plugins/com.st.stm32cube.ide.mcu.externaltools.gnu-tools-for-stm32.11.3.rel1.win32_1.1.100.202309141235/tools/bin/../lib/gcc/arm-none-eabi/11.3.1/../../../../arm-none-eabi/lib/thumb/v7-m/nofp\libc_nano.a(libc_a-memset.o)
                              F:/CubeIDE1.14.1/STM32CubeIDE_1.14.1/STM32CubeIDE/plugins/com.st.stm32cube.ide.mcu.externaltools.gnu-tools-for-stm32.11.3.rel1.win32_1.1.100.202309141235/tools/bin/../lib/gcc/arm-none-eabi/11.3.1/../../../../arm-none-eabi/lib/thumb/v7-m/nofp/crt0.o (memset)
[...]
Memory Configuration

Name             Origin             Length             Attributes
RAM              0x0000000020000000 0x0000000000010000 xrw
FLASH            0x0000000008000000 0x0000000000080000 xr
*default*        0x0000000000000000 0xffffffffffffffff

Linker script and memory map

LOAD F:/CubeIDE1.14.1/STM32CubeIDE_1.14.1/STM32CubeIDE/plugins/com.st.stm32cube.ide.mcu.externaltools.gnu-tools-for-stm32.11.3.rel1.win32_1.1.100.202309141235/tools/bin/../lib/gcc/arm-none-eabi/11.3.1/thumb/v7-m/nofp/crti.o
LOAD F:/CubeIDE1.14.1/STM32CubeIDE_1.14.1/STM32CubeIDE/plugins/com.st.stm32cube.ide.mcu.externaltools.gnu-tools-for-stm32.11.3.rel1.win32_1.1.100.202309141235/tools/bin/../lib/gcc/arm-none-eabi/11.3.1/thumb/v7-m/nofp/crtbegin.o
LOAD F:/CubeIDE1.14.1/STM32CubeIDE_1.14.1/STM32CubeIDE/plugins/com.st.stm32cube.ide.mcu.externaltools.gnu-tools-for-stm32.11.3.rel1.win32_1.1.100.202309141235/tools/bin/../lib/gcc/arm-none-eabi/11.3.1/../../../../arm-none-eabi/lib/thumb/v7-m/nofp/crt0.o
LOAD ./BSP/KEY/key.o
LOAD ./BSP/LED/led.o
LOAD ./Core/Src/gpio.o
LOAD ./Core/Src/main.o
LOAD ./Core/Src/stm32f1xx_hal_msp.o
LOAD ./Core/Src/stm32f1xx_it.o
LOAD ./Core/Src/syscalls.o
LOAD ./Core/Src/sysmem.o
LOAD ./Core/Src/system_stm32f1xx.o
LOAD ./Core/Src/tim.o
LOAD ./Core/Src/usart.o
LOAD ./Core/Startup/startup_stm32f103vetx.o
LOAD ./libraries/Drivers/STM32F1xx_HAL_Driver/Src/stm32f1xx_hal.o
LOAD ./libraries/Drivers/STM32F1xx_HAL_Driver/Src/stm32f1xx_hal_cortex.o
LOAD ./libraries/Drivers/STM32F1xx_HAL_Driver/Src/stm32f1xx_hal_dma.o
LOAD ./libraries/Drivers/STM32F1xx_HAL_Driver/Src/stm32f1xx_hal_exti.o
LOAD ./libraries/Drivers/STM32F1xx_HAL_Driver/Src/stm32f1xx_hal_flash.o
LOAD ./libraries/Drivers/STM32F1xx_HAL_Driver/Src/stm32f1xx_hal_flash_ex.o
LOAD ./libraries/Drivers/STM32F1xx_HAL_Driver/Src/stm32f1xx_hal_gpio.o
LOAD ./libraries/Drivers/STM32F1xx_HAL_Driver/Src/stm32f1xx_hal_gpio_ex.o
LOAD ./libraries/Drivers/STM32F1xx_HAL_Driver/Src/stm32f1xx_hal_iwdg.o
LOAD ./libraries/Drivers/STM32F1xx_HAL_Driver/Src/stm32f1xx_hal_pwr.o
LOAD ./libraries/Drivers/STM32F1xx_HAL_Driver/Src/stm32f1xx_hal_rcc.o
LOAD ./libraries/Drivers/STM32F1xx_HAL_Driver/Src/stm32f1xx_hal_rcc_ex.o
LOAD ./libraries/Drivers/STM32F1xx_HAL_Driver/Src/stm32f1xx_hal_tim.o
LOAD ./libraries/Drivers/STM32F1xx_HAL_Driver/Src/stm32f1xx_hal_tim_ex.o
LOAD ./libraries/Drivers/STM32F1xx_HAL_Driver/Src/stm32f1xx_hal_uart.o
LOAD ./libraries/Drivers/STM32F1xx_HAL_Driver/Src/stm32f1xx_hal_wwdg.o
START GROUP
LOAD F:/CubeIDE1.14.1/STM32CubeIDE_1.14.1/STM32CubeIDE/plugins/com.st.stm32cube.ide.mcu.externaltools.gnu-tools-for-stm32.11.3.rel1.win32_1.1.100.202309141235/tools/bin/../lib/gcc/arm-none-eabi/11.3.1/../../../../arm-none-eabi/lib/thumb/v7-m/nofp\libc_nano.a
LOAD F:/CubeIDE1.14.1/STM32CubeIDE_1.14.1/STM32CubeIDE/plugins/com.st.stm32cube.ide.mcu.externaltools.gnu-tools-for-stm32.11.3.rel1.win32_1.1.100.202309141235/tools/bin/../lib/gcc/arm-none-eabi/11.3.1/../../../../arm-none-eabi/lib/thumb/v7-m/nofp\libm.a
END GROUP
START GROUP
LOAD F:/CubeIDE1.14.1/STM32CubeIDE_1.14.1/STM32CubeIDE/plugins/com.st.stm32cube.ide.mcu.externaltools.gnu-tools-for-stm32.11.3.rel1.win32_1.1.100.202309141235/tools/bin/../lib/gcc/arm-none-eabi/11.3.1/thumb/v7-m/nofp\libgcc.a
LOAD F:/CubeIDE1.14.1/STM32CubeIDE_1.14.1/STM32CubeIDE/plugins/com.st.stm32cube.ide.mcu.externaltools.gnu-tools-for-stm32.11.3.rel1.win32_1.1.100.202309141235/tools/bin/../lib/gcc/arm-none-eabi/11.3.1/../../../../arm-none-eabi/lib/thumb/v7-m/nofp\libc_nano.a
END GROUP
START GROUP
LOAD F:/CubeIDE1.14.1/STM32CubeIDE_1.14.1/STM32CubeIDE/plugins/com.st.stm32cube.ide.mcu.externaltools.gnu-tools-for-stm32.11.3.rel1.win32_1.1.100.202309141235/tools/bin/../lib/gcc/arm-none-eabi/11.3.1/thumb/v7-m/nofp\libgcc.a
LOAD F:/CubeIDE1.14.1/STM32CubeIDE_1.14.1/STM32CubeIDE/plugins/com.st.stm32cube.ide.mcu.externaltools.gnu-tools-for-stm32.11.3.rel1.win32_1.1.100.202309141235/tools/bin/../lib/gcc/arm-none-eabi/11.3.1/../../../../arm-none-eabi/lib/thumb/v7-m/nofp\libc_nano.a
LOAD F:/CubeIDE1.14.1/STM32CubeIDE_1.14.1/STM32CubeIDE/plugins/com.st.stm32cube.ide.mcu.externaltools.gnu-tools-for-stm32.11.3.rel1.win32_1.1.100.202309141235/tools/bin/../lib/gcc/arm-none-eabi/11.3.1/../../../../arm-none-eabi/lib/thumb/v7-m/nofp\libnosys.a
END GROUP
START GROUP
LOAD F:/CubeIDE1.14.1/STM32CubeIDE_1.14.1/STM32CubeIDE/plugins/com.st.stm32cube.ide.mcu.externaltools.gnu-tools-for-stm32.11.3.rel1.win32_1.1.100.202309141235/tools/bin/../lib/gcc/arm-none-eabi/11.3.1/thumb/v7-m/nofp\libgcc.a
LOAD F:/CubeIDE1.14.1/STM32CubeIDE_1.14.1/STM32CubeIDE/plugins/com.st.stm32cube.ide.mcu.externaltools.gnu-tools-for-stm32.11.3.rel1.win32_1.1.100.202309141235/tools/bin/../lib/gcc/arm-none-eabi/11.3.1/../../../../arm-none-eabi/lib/thumb/v7-m/nofp\libc_nano.a
LOAD F:/CubeIDE1.14.1/STM32CubeIDE_1.14.1/STM32CubeIDE/plugins/com.st.stm32cube.ide.mcu.externaltools.gnu-tools-for-stm32.11.3.rel1.win32_1.1.100.202309141235/tools/bin/../lib/gcc/arm-none-eabi/11.3.1/../../../../arm-none-eabi/lib/thumb/v7-m/nofp\libnosys.a
END GROUP
LOAD F:/CubeIDE1.14.1/STM32CubeIDE_1.14.1/STM32CubeIDE/plugins/com.st.stm32cube.ide.mcu.externaltools.gnu-tools-for-stm32.11.3.rel1.win32_1.1.100.202309141235/tools/bin/../lib/gcc/arm-none-eabi/11.3.1/thumb/v7-m/nofp/crtend.o
LOAD F:/CubeIDE1.14.1/STM32CubeIDE_1.14.1/STM32CubeIDE/plugins/com.st.stm32cube.ide.mcu.externaltools.gnu-tools-for-stm32.11.3.rel1.win32_1.1.100.202309141235/tools/bin/../lib/gcc/arm-none-eabi/11.3.1/thumb/v7-m/nofp/crtn.o
                0x0000000020010000                _estack = (ORIGIN (RAM) + LENGTH (RAM))
                0x0000000000000200                _Min_Heap_Size = 0x200
                0x0000000000000400                _Min_Stack_Size = 0x400

.isr_vector     0x0000000008000000      0x1e4
                0x0000000008000000                . = ALIGN (0x4)
 *(.isr_vector)
 .isr_vector    0x0000000008000000      0x1e4 ./Core/Startup/startup_stm32f103vetx.o
                0x0000000008000000                g_pfnVectors
                0x00000000080001e4                . = ALIGN (0x4)

.text           0x00000000080001e4     0x3508
                0x00000000080001e4                . = ALIGN (0x4)
 *(.text)
 .text          0x00000000080001e4       0x40 F:/CubeIDE1.14.1/STM32CubeIDE_1.14.1/STM32CubeIDE/plugins/com.st.stm32cube.ide.mcu.externaltools.gnu-tools-for-stm32.11.3.rel1.win32_1.1.100.202309141235/tools/bin/../lib/gcc/arm-none-eabi/11.3.1/thumb/v7-m/nofp/crtbegin.o
 *(.text*)
 .text.MX_GPIO_Init
                0x0000000008000224       0xb0 ./Core/Src/gpio.o
                0x0000000008000224                MX_GPIO_Init
 .text.stm32f103ve_show_mesg
                0x00000000080002d4       0x48 ./Core/Src/main.o
                0x00000000080002d4                stm32f103ve_show_mesg
 .text.main     0x000000000800031c       0x30 ./Core/Src/main.o
                0x000000000800031c                main
 .text.SystemClock_Config
                0x000000000800034c       0x8a ./Core/Src/main.o
                0x000000000800034c                SystemClock_Config
 .text.Error_Handler
                0x00000000080003d6        0xa ./Core/Src/main.o
                0x00000000080003d6                Error_Handler
 .text.HAL_MspInit
                0x00000000080003e0       0x68 ./Core/Src/stm32f1xx_hal_msp.o
                0x00000000080003e0                HAL_MspInit
 .text.NMI_Handler
                0x0000000008000448        0x6 ./Core/Src/stm32f1xx_it.o
                0x0000000008000448                NMI_Handler
 .text.HardFault_Handler
                0x000000000800044e        0x6 ./Core/Src/stm32f1xx_it.o
                0x000000000800044e                HardFault_Handler
 .text.MemManage_Handler
                0x0000000008000454        0x6 ./Core/Src/stm32f1xx_it.o
                0x0000000008000454                MemManage_Handler
 .text.BusFault_Handler
                0x000000000800045a        0x6 ./Core/Src/stm32f1xx_it.o
                0x000000000800045a                BusFault_Handler
 .text.UsageFault_Handler
                0x0000000008000460        0x6 ./Core/Src/stm32f1xx_it.o
                0x0000000008000460                UsageFault_Handler
 .text.SVC_Handler
                0x0000000008000466        0xc ./Core/Src/stm32f1xx_it.o
                0x0000000008000466                SVC_Handler
 .text.DebugMon_Handler
                0x0000000008000472        0xc ./Core/Src/stm32f1xx_it.o
                0x0000000008000472                DebugMon_Handler
 .text.PendSV_Handler
                0x000000000800047e        0xc ./Core/Src/stm32f1xx_it.o
                0x000000000800047e                PendSV_Handler
 .text.SysTick_Handler
                0x000000000800048a        0xc ./Core/Src/stm32f1xx_it.o
                0x000000000800048a                SysTick_Handler
 *fill*         0x0000000008000496        0x2 
 .text.USART1_IRQHandler
                0x0000000008000498       0x14 ./Core/Src/stm32f1xx_it.o
                0x0000000008000498                USART1_IRQHandler
 .text.TIM6_IRQHandler
                0x00000000080004ac       0x14 ./Core/Src/stm32f1xx_it.o
                0x00000000080004ac                TIM6_IRQHandler
 .text._read    0x00000000080004c0       0x3a ./Core/Src/syscalls.o
                0x00000000080004c0                _read
 .text._write   0x00000000080004fa       0x38 ./Core/Src/syscalls.o
                0x00000000080004fa                _write
 .text._close   0x0000000008000532       0x16 ./Core/Src/syscalls.o
                0x0000000008000532                _close
 .text._fstat   0x0000000008000548       0x1e ./Core/Src/syscalls.o
                0x0000000008000548                _fstat
 .text._isatty  0x0000000008000566       0x14 ./Core/Src/syscalls.o
                0x0000000008000566                _isatty
 .text._lseek   0x000000000800057a       0x18 ./Core/Src/syscalls.o
                0x000000000800057a                _lseek
 *fill*         0x0000000008000592        0x2 
 .text._sbrk    0x0000000008000594       0x6c ./Core/Src/sysmem.o
                0x0000000008000594                _sbrk
 .text.SystemInit
                0x0000000008000600        0xc ./Core/Src/system_stm32f1xx.o
                0x0000000008000600                SystemInit
 .text.MX_TIM6_Init
                0x000000000800060c       0x74 ./Core/Src/tim.o
                0x000000000800060c                MX_TIM6_Init
 .text.HAL_TIM_Base_MspInit
                0x0000000008000680       0x4c ./Core/Src/tim.o
                0x0000000008000680                HAL_TIM_Base_MspInit
 .text.HAL_TIM_PeriodElapsedCallback
                0x00000000080006cc       0x2c ./Core/Src/tim.o
                0x00000000080006cc                HAL_TIM_PeriodElapsedCallback
 .text.__io_putchar
                0x00000000080006f8       0x24 ./Core/Src/usart.o
                0x00000000080006f8                __io_putchar
 .text.MX_USART1_UART_Init
                0x000000000800071c       0x60 ./Core/Src/usart.o
                0x000000000800071c                MX_USART1_UART_Init
 .text.HAL_UART_MspInit
                0x000000000800077c       0xa8 ./Core/Src/usart.o
                0x000000000800077c                HAL_UART_MspInit
 .text.HAL_UART_RxCpltCallback
                0x0000000008000824       0xb4 ./Core/Src/usart.o
                0x0000000008000824                HAL_UART_RxCpltCallback
 .text.Reset_Handler
                0x00000000080008d8       0x48 ./Core/Startup/startup_stm32f103vetx.o
                0x00000000080008d8                Reset_Handler
 .text.Default_Handler
                0x0000000008000920        0x2 ./Core/Startup/startup_stm32f103vetx.o
                0x0000000008000920                RTC_Alarm_IRQHandler
                0x0000000008000920                EXTI2_IRQHandler
                0x0000000008000920                TIM8_TRG_COM_IRQHandler
                0x0000000008000920                TIM8_CC_IRQHandler
                0x0000000008000920                TIM1_CC_IRQHandler
                0x0000000008000920                PVD_IRQHandler
                0x0000000008000920                SDIO_IRQHandler
                0x0000000008000920                EXTI3_IRQHandler
                0x0000000008000920                EXTI0_IRQHandler
                0x0000000008000920                I2C2_EV_IRQHandler
                0x0000000008000920                ADC1_2_IRQHandler
                0x0000000008000920                SPI1_IRQHandler
                0x0000000008000920                TAMPER_IRQHandler
                0x0000000008000920                TIM8_UP_IRQHandler
                0x0000000008000920                DMA2_Channel2_IRQHandler
                0x0000000008000920                DMA1_Channel4_IRQHandler
                0x0000000008000920                USART3_IRQHandler
                0x0000000008000920                RTC_IRQHandler
                0x0000000008000920                DMA1_Channel7_IRQHandler
                0x0000000008000920                CAN1_RX1_IRQHandler
                0x0000000008000920                UART5_IRQHandler
                0x0000000008000920                ADC3_IRQHandler
                0x0000000008000920                TIM4_IRQHandler
                0x0000000008000920                DMA2_Channel1_IRQHandler
                0x0000000008000920                I2C1_EV_IRQHandler
                0x0000000008000920                DMA1_Channel6_IRQHandler
                0x0000000008000920                UART4_IRQHandler
                0x0000000008000920                TIM3_IRQHandler
                0x0000000008000920                RCC_IRQHandler
                0x0000000008000920                TIM1_TRG_COM_IRQHandler
                0x0000000008000920                DMA1_Channel1_IRQHandler
                0x0000000008000920                Default_Handler
                0x0000000008000920                EXTI15_10_IRQHandler
                0x0000000008000920                TIM7_IRQHandler
                0x0000000008000920                TIM5_IRQHandler
                0x0000000008000920                EXTI9_5_IRQHandler
                0x0000000008000920                SPI2_IRQHandler
                0x0000000008000920                DMA1_Channel5_IRQHandler
                0x0000000008000920                EXTI4_IRQHandler
                0x0000000008000920                USB_LP_CAN1_RX0_IRQHandler
                0x0000000008000920                USB_HP_CAN1_TX_IRQHandler
                0x0000000008000920                DMA1_Channel3_IRQHandler
                0x0000000008000920                FSMC_IRQHandler
                0x0000000008000920                TIM1_UP_IRQHandler
                0x0000000008000920                WWDG_IRQHandler
                0x0000000008000920                TIM2_IRQHandler
                0x0000000008000920                TIM1_BRK_IRQHandler
                0x0000000008000920                EXTI1_IRQHandler
                0x0000000008000920                DMA2_Channel4_5_IRQHandler
                0x0000000008000920                USART2_IRQHandler
                0x0000000008000920                I2C2_ER_IRQHandler
                0x0000000008000920                DMA1_Channel2_IRQHandler
                0x0000000008000920                TIM8_BRK_IRQHandler
                0x0000000008000920                CAN1_SCE_IRQHandler
                0x0000000008000920                FLASH_IRQHandler
                0x0000000008000920                SPI3_IRQHandler
                0x0000000008000920                I2C1_ER_IRQHandler
                0x0000000008000920                USBWakeUp_IRQHandler
                0x0000000008000920                DMA2_Channel3_IRQHandler
 *fill*         0x0000000008000922        0x2 
 .text.HAL_Init
                0x0000000008000924       0x2c ./libraries/Drivers/STM32F1xx_HAL_Driver/Src/stm32f1xx_hal.o
                0x0000000008000924                HAL_Init
 .text.HAL_InitTick
                0x0000000008000950       0x60 ./libraries/Drivers/STM32F1xx_HAL_Driver/Src/stm32f1xx_hal.o
                0x0000000008000950                HAL_InitTick
 .text.HAL_IncTick
                0x00000000080009b0       0x24 ./libraries/Drivers/STM32F1xx_HAL_Driver/Src/stm32f1xx_hal.o
                0x00000000080009b0                HAL_IncTick
 .text.HAL_GetTick
                0x00000000080009d4       0x14 ./libraries/Drivers/STM32F1xx_HAL_Driver/Src/stm32f1xx_hal.o
                0x00000000080009d4                HAL_GetTick
 .text.HAL_Delay
                0x00000000080009e8       0x48 ./libraries/Drivers/STM32F1xx_HAL_Driver/Src/stm32f1xx_hal.o
                0x00000000080009e8                HAL_Delay
 .text.__NVIC_SetPriorityGrouping
                0x0000000008000a30       0x48 ./libraries/Drivers/STM32F1xx_HAL_Driver/Src/stm32f1xx_hal_cortex.o
 .text.__NVIC_GetPriorityGrouping
                0x0000000008000a78       0x1c ./libraries/Drivers/STM32F1xx_HAL_Driver/Src/stm32f1xx_hal_cortex.o
 .text.__NVIC_EnableIRQ
                0x0000000008000a94       0x38 ./libraries/Drivers/STM32F1xx_HAL_Driver/Src/stm32f1xx_hal_cortex.o
 .text.__NVIC_SetPriority
                0x0000000008000acc       0x54 ./libraries/Drivers/STM32F1xx_HAL_Driver/Src/stm32f1xx_hal_cortex.o
 .text.NVIC_EncodePriority
                0x0000000008000b20       0x64 ./libraries/Drivers/STM32F1xx_HAL_Driver/Src/stm32f1xx_hal_cortex.o
 .text.SysTick_Config
                0x0000000008000b84       0x44 ./libraries/Drivers/STM32F1xx_HAL_Driver/Src/stm32f1xx_hal_cortex.o
 .text.HAL_NVIC_SetPriorityGrouping
                0x0000000008000bc8       0x16 ./libraries/Drivers/STM32F1xx_HAL_Driver/Src/stm32f1xx_hal_cortex.o
                0x0000000008000bc8                HAL_NVIC_SetPriorityGrouping
 .text.HAL_NVIC_SetPriority
                0x0000000008000bde       0x38 ./libraries/Drivers/STM32F1xx_HAL_Driver/Src/stm32f1xx_hal_cortex.o
                0x0000000008000bde                HAL_NVIC_SetPriority
 .text.HAL_NVIC_EnableIRQ
                0x0000000008000c16       0x1c ./libraries/Drivers/STM32F1xx_HAL_Driver/Src/stm32f1xx_hal_cortex.o
                0x0000000008000c16                HAL_NVIC_EnableIRQ
 .text.HAL_SYSTICK_Config
                0x0000000008000c32       0x18 ./libraries/Drivers/STM32F1xx_HAL_Driver/Src/stm32f1xx_hal_cortex.o
                0x0000000008000c32                HAL_SYSTICK_Config
 .text.HAL_DMA_Abort
                0x0000000008000c4a       0x76 ./libraries/Drivers/STM32F1xx_HAL_Driver/Src/stm32f1xx_hal_dma.o
                0x0000000008000c4a                HAL_DMA_Abort
 .text.HAL_DMA_Abort_IT
                0x0000000008000cc0      0x210 ./libraries/Drivers/STM32F1xx_HAL_Driver/Src/stm32f1xx_hal_dma.o
                0x0000000008000cc0                HAL_DMA_Abort_IT
 .text.HAL_GPIO_Init
                0x0000000008000ed0      0x328 ./libraries/Drivers/STM32F1xx_HAL_Driver/Src/stm32f1xx_hal_gpio.o
                0x0000000008000ed0                HAL_GPIO_Init
 .text.HAL_GPIO_WritePin
                0x00000000080011f8       0x30 ./libraries/Drivers/STM32F1xx_HAL_Driver/Src/stm32f1xx_hal_gpio.o
                0x00000000080011f8                HAL_GPIO_WritePin
 .text.HAL_GPIO_TogglePin
                0x0000000008001228       0x32 ./libraries/Drivers/STM32F1xx_HAL_Driver/Src/stm32f1xx_hal_gpio.o
                0x0000000008001228                HAL_GPIO_TogglePin
 *fill*         0x000000000800125a        0x2 
 .text.HAL_RCC_OscConfig
                0x000000000800125c      0x504 ./libraries/Drivers/STM32F1xx_HAL_Driver/Src/stm32f1xx_hal_rcc.o
                0x000000000800125c                HAL_RCC_OscConfig
 .text.HAL_RCC_ClockConfig
                0x0000000008001760      0x1d4 ./libraries/Drivers/STM32F1xx_HAL_Driver/Src/stm32f1xx_hal_rcc.o
                0x0000000008001760                HAL_RCC_ClockConfig
 .text.HAL_RCC_GetSysClockFreq
                0x0000000008001934       0xa8 ./libraries/Drivers/STM32F1xx_HAL_Driver/Src/stm32f1xx_hal_rcc.o
                0x0000000008001934                HAL_RCC_GetSysClockFreq
 .text.HAL_RCC_GetHCLKFreq
                0x00000000080019dc       0x14 ./libraries/Drivers/STM32F1xx_HAL_Driver/Src/stm32f1xx_hal_rcc.o
                0x00000000080019dc                HAL_RCC_GetHCLKFreq
 .text.HAL_RCC_GetPCLK1Freq
                0x00000000080019f0       0x28 ./libraries/Drivers/STM32F1xx_HAL_Driver/Src/stm32f1xx_hal_rcc.o
                0x00000000080019f0                HAL_RCC_GetPCLK1Freq
 .text.HAL_RCC_GetPCLK2Freq
                0x0000000008001a18       0x28 ./libraries/Drivers/STM32F1xx_HAL_Driver/Src/stm32f1xx_hal_rcc.o
                0x0000000008001a18                HAL_RCC_GetPCLK2Freq
 .text.RCC_Delay
                0x0000000008001a40       0x3c ./libraries/Drivers/STM32F1xx_HAL_Driver/Src/stm32f1xx_hal_rcc.o
 .text.HAL_TIM_Base_Init
                0x0000000008001a7c       0x9e ./libraries/Drivers/STM32F1xx_HAL_Driver/Src/stm32f1xx_hal_tim.o
                0x0000000008001a7c                HAL_TIM_Base_Init
 *fill*         0x0000000008001b1a        0x2 
 .text.HAL_TIM_Base_Start_IT
                0x0000000008001b1c       0xc0 ./libraries/Drivers/STM32F1xx_HAL_Driver/Src/stm32f1xx_hal_tim.o
                0x0000000008001b1c                HAL_TIM_Base_Start_IT
 .text.HAL_TIM_IRQHandler
                0x0000000008001bdc      0x210 ./libraries/Drivers/STM32F1xx_HAL_Driver/Src/stm32f1xx_hal_tim.o
                0x0000000008001bdc                HAL_TIM_IRQHandler
 .text.HAL_TIM_OC_DelayElapsedCallback
                0x0000000008001dec       0x12 ./libraries/Drivers/STM32F1xx_HAL_Driver/Src/stm32f1xx_hal_tim.o
                0x0000000008001dec                HAL_TIM_OC_DelayElapsedCallback
 .text.HAL_TIM_IC_CaptureCallback
                0x0000000008001dfe       0x12 ./libraries/Drivers/STM32F1xx_HAL_Driver/Src/stm32f1xx_hal_tim.o
                0x0000000008001dfe                HAL_TIM_IC_CaptureCallback
 .text.HAL_TIM_PWM_PulseFinishedCallback
                0x0000000008001e10       0x12 ./libraries/Drivers/STM32F1xx_HAL_Driver/Src/stm32f1xx_hal_tim.o
                0x0000000008001e10                HAL_TIM_PWM_PulseFinishedCallback
 .text.HAL_TIM_TriggerCallback
                0x0000000008001e22       0x12 ./libraries/Drivers/STM32F1xx_HAL_Driver/Src/stm32f1xx_hal_tim.o
                0x0000000008001e22                HAL_TIM_TriggerCallback
 .text.TIM_Base_SetConfig
                0x0000000008001e34       0xf4 ./libraries/Drivers/STM32F1xx_HAL_Driver/Src/stm32f1xx_hal_tim.o
                0x0000000008001e34                TIM_Base_SetConfig
 .text.HAL_TIMEx_MasterConfigSynchronization
                0x0000000008001f28       0xd8 ./libraries/Drivers/STM32F1xx_HAL_Driver/Src/stm32f1xx_hal_tim_ex.o
                0x0000000008001f28                HAL_TIMEx_MasterConfigSynchronization
 .text.HAL_TIMEx_CommutCallback
                0x0000000008002000       0x12 ./libraries/Drivers/STM32F1xx_HAL_Driver/Src/stm32f1xx_hal_tim_ex.o
                0x0000000008002000                HAL_TIMEx_CommutCallback
 .text.HAL_TIMEx_BreakCallback
                0x0000000008002012       0x12 ./libraries/Drivers/STM32F1xx_HAL_Driver/Src/stm32f1xx_hal_tim_ex.o
                0x0000000008002012                HAL_TIMEx_BreakCallback
 .text.HAL_UART_Init
                0x0000000008002024       0xa0 ./libraries/Drivers/STM32F1xx_HAL_Driver/Src/stm32f1xx_hal_uart.o
                0x0000000008002024                HAL_UART_Init
 .text.HAL_UART_Transmit
                0x00000000080020c4      0x106 ./libraries/Drivers/STM32F1xx_HAL_Driver/Src/stm32f1xx_hal_uart.o
                0x00000000080020c4                HAL_UART_Transmit
 .text.HAL_UART_Receive_IT
                0x00000000080021ca       0x4a ./libraries/Drivers/STM32F1xx_HAL_Driver/Src/stm32f1xx_hal_uart.o
                0x00000000080021ca                HAL_UART_Receive_IT
 .text.HAL_UART_IRQHandler
                0x0000000008002214      0x524 ./libraries/Drivers/STM32F1xx_HAL_Driver/Src/stm32f1xx_hal_uart.o
                0x0000000008002214                HAL_UART_IRQHandler
 .text.HAL_UART_TxCpltCallback
                0x0000000008002738       0x12 ./libraries/Drivers/STM32F1xx_HAL_Driver/Src/stm32f1xx_hal_uart.o
                0x0000000008002738                HAL_UART_TxCpltCallback
 .text.HAL_UART_ErrorCallback
                0x000000000800274a       0x12 ./libraries/Drivers/STM32F1xx_HAL_Driver/Src/stm32f1xx_hal_uart.o
                0x000000000800274a                HAL_UART_ErrorCallback
 .text.HAL_UARTEx_RxEventCallback
                0x000000000800275c       0x16 ./libraries/Drivers/STM32F1xx_HAL_Driver/Src/stm32f1xx_hal_uart.o
                0x000000000800275c                HAL_UARTEx_RxEventCallback
 .text.UART_WaitOnFlagUntilTimeout
                0x0000000008002772       0xdc ./libraries/Drivers/STM32F1xx_HAL_Driver/Src/stm32f1xx_hal_uart.o
 .text.UART_Start_Receive_IT
                0x000000000800284e       0x72 ./libraries/Drivers/STM32F1xx_HAL_Driver/Src/stm32f1xx_hal_uart.o
                0x000000000800284e                UART_Start_Receive_IT
 .text.UART_EndRxTransfer
                0x00000000080028c0       0xc4 ./libraries/Drivers/STM32F1xx_HAL_Driver/Src/stm32f1xx_hal_uart.o
 .text.UART_DMAAbortOnError
                0x0000000008002984       0x28 ./libraries/Drivers/STM32F1xx_HAL_Driver/Src/stm32f1xx_hal_uart.o
 .text.UART_Transmit_IT
                0x00000000080029ac       0x9e ./libraries/Drivers/STM32F1xx_HAL_Driver/Src/stm32f1xx_hal_uart.o
 .text.UART_EndTransmit_IT
                0x0000000008002a4a       0x30 ./libraries/Drivers/STM32F1xx_HAL_Driver/Src/stm32f1xx_hal_uart.o
 .text.UART_Receive_IT
                0x0000000008002a7a      0x17c ./libraries/Drivers/STM32F1xx_HAL_Driver/Src/stm32f1xx_hal_uart.o
 *fill*         0x0000000008002bf6        0x2 
 .text.UART_SetConfig
                0x0000000008002bf8      0x11c ./libraries/Drivers/STM32F1xx_HAL_Driver/Src/stm32f1xx_hal_uart.o
 .text.std      0x0000000008002d14       0x6c F:/CubeIDE1.14.1/STM32CubeIDE_1.14.1/STM32CubeIDE/plugins/com.st.stm32cube.ide.mcu.externaltools.gnu-tools-for-stm32.11.3.rel1.win32_1.1.100.202309141235/tools/bin/../lib/gcc/arm-none-eabi/11.3.1/../../../../arm-none-eabi/lib/thumb/v7-m/nofp\libc_nano.a(libc_a-findfp.o)
 .text.stdio_exit_handler
                0x0000000008002d80       0x18 F:/CubeIDE1.14.1/STM32CubeIDE_1.14.1/STM32CubeIDE/plugins/com.st.stm32cube.ide.mcu.externaltools.gnu-tools-for-stm32.11.3.rel1.win32_1.1.100.202309141235/tools/bin/../lib/gcc/arm-none-eabi/11.3.1/../../../../arm-none-eabi/lib/thumb/v7-m/nofp\libc_nano.a(libc_a-findfp.o)
 .text.cleanup_stdio
                0x0000000008002d98       0x40 F:/CubeIDE1.14.1/STM32CubeIDE_1.14.1/STM32CubeIDE/plugins/com.st.stm32cube.ide.mcu.externaltools.gnu-tools-for-stm32.11.3.rel1.win32_1.1.100.202309141235/tools/bin/../lib/gcc/arm-none-eabi/11.3.1/../../../../arm-none-eabi/lib/thumb/v7-m/nofp\libc_nano.a(libc_a-findfp.o)
 .text.global_stdio_init.part.0
                0x0000000008002dd8       0x3c F:/CubeIDE1.14.1/STM32CubeIDE_1.14.1/STM32CubeIDE/plugins/com.st.stm32cube.ide.mcu.externaltools.gnu-tools-for-stm32.11.3.rel1.win32_1.1.100.202309141235/tools/bin/../lib/gcc/arm-none-eabi/11.3.1/../../../../arm-none-eabi/lib/thumb/v7-m/nofp\libc_nano.a(libc_a-findfp.o)
 .text.__sfp_lock_acquire
                0x0000000008002e14        0xc F:/CubeIDE1.14.1/STM32CubeIDE_1.14.1/STM32CubeIDE/plugins/com.st.stm32cube.ide.mcu.externaltools.gnu-tools-for-stm32.11.3.rel1.win32_1.1.100.202309141235/tools/bin/../lib/gcc/arm-none-eabi/11.3.1/../../../../arm-none-eabi/lib/thumb/v7-m/nofp\libc_nano.a(libc_a-findfp.o)
                0x0000000008002e14                __sfp_lock_acquire
 .text.__sfp_lock_release
                0x0000000008002e20        0xc F:/CubeIDE1.14.1/STM32CubeIDE_1.14.1/STM32CubeIDE/plugins/com.st.stm32cube.ide.mcu.externaltools.gnu-tools-for-stm32.11.3.rel1.win32_1.1.100.202309141235/tools/bin/../lib/gcc/arm-none-eabi/11.3.1/../../../../arm-none-eabi/lib/thumb/v7-m/nofp\libc_nano.a(libc_a-findfp.o)
                0x0000000008002e20                __sfp_lock_release
 .text.__sinit  0x0000000008002e2c       0x30 F:/CubeIDE1.14.1/STM32CubeIDE_1.14.1/STM32CubeIDE/plugins/com.st.stm32cube.ide.mcu.externaltools.gnu-tools-for-stm32.11.3.rel1.win32_1.1.100.202309141235/tools/bin/../lib/gcc/arm-none-eabi/11.3.1/../../../../arm-none-eabi/lib/thumb/v7-m/nofp\libc_nano.a(libc_a-findfp.o)
                0x0000000008002e2c                __sinit
 .text._fwalk_sglue
                0x0000000008002e5c       0x3c F:/CubeIDE1.14.1/STM32CubeIDE_1.14.1/STM32CubeIDE/plugins/com.st.stm32cube.ide.mcu.externaltools.gnu-tools-for-stm32.11.3.rel1.win32_1.1.100.202309141235/tools/bin/../lib/gcc/arm-none-eabi/11.3.1/../../../../arm-none-eabi/lib/thumb/v7-m/nofp\libc_nano.a(libc_a-fwalk.o)
                0x0000000008002e5c                _fwalk_sglue
 .text.putchar  0x0000000008002e98       0x10 F:/CubeIDE1.14.1/STM32CubeIDE_1.14.1/STM32CubeIDE/plugins/com.st.stm32cube.ide.mcu.externaltools.gnu-tools-for-stm32.11.3.rel1.win32_1.1.100.202309141235/tools/bin/../lib/gcc/arm-none-eabi/11.3.1/../../../../arm-none-eabi/lib/thumb/v7-m/nofp\libc_nano.a(libc_a-putchar.o)
                0x0000000008002e98                putchar
 .text._puts_r  0x0000000008002ea8       0xa8 F:/CubeIDE1.14.1/STM32CubeIDE_1.14.1/STM32CubeIDE/plugins/com.st.stm32cube.ide.mcu.externaltools.gnu-tools-for-stm32.11.3.rel1.win32_1.1.100.202309141235/tools/bin/../lib/gcc/arm-none-eabi/11.3.1/../../../../arm-none-eabi/lib/thumb/v7-m/nofp\libc_nano.a(libc_a-puts.o)
                0x0000000008002ea8                _puts_r
 .text.puts     0x0000000008002f50       0x10 F:/CubeIDE1.14.1/STM32CubeIDE_1.14.1/STM32CubeIDE/plugins/com.st.stm32cube.ide.mcu.externaltools.gnu-tools-for-stm32.11.3.rel1.win32_1.1.100.202309141235/tools/bin/../lib/gcc/arm-none-eabi/11.3.1/../../../../arm-none-eabi/lib/thumb/v7-m/nofp\libc_nano.a(libc_a-puts.o)
                0x0000000008002f50                puts
 .text.__sread  0x0000000008002f60       0x22 F:/CubeIDE1.14.1/STM32CubeIDE_1.14.1/STM32CubeIDE/plugins/com.st.stm32cube.ide.mcu.externaltools.gnu-tools-for-stm32.11.3.rel1.win32_1.1.100.202309141235/tools/bin/../lib/gcc/arm-none-eabi/11.3.1/../../../../arm-none-eabi/lib/thumb/v7-m/nofp\libc_nano.a(libc_a-stdio.o)
                0x0000000008002f60                __sread
 .text.__swrite
                0x0000000008002f82       0x38 F:/CubeIDE1.14.1/STM32CubeIDE_1.14.1/STM32CubeIDE/plugins/com.st.stm32cube.ide.mcu.externaltools.gnu-tools-for-stm32.11.3.rel1.win32_1.1.100.202309141235/tools/bin/../lib/gcc/arm-none-eabi/11.3.1/../../../../arm-none-eabi/lib/thumb/v7-m/nofp\libc_nano.a(libc_a-stdio.o)
                0x0000000008002f82                __swrite
 .text.__sseek  0x0000000008002fba       0x24 F:/CubeIDE1.14.1/STM32CubeIDE_1.14.1/STM32CubeIDE/plugins/com.st.stm32cube.ide.mcu.externaltools.gnu-tools-for-stm32.11.3.rel1.win32_1.1.100.202309141235/tools/bin/../lib/gcc/arm-none-eabi/11.3.1/../../../../arm-none-eabi/lib/thumb/v7-m/nofp\libc_nano.a(libc_a-stdio.o)
                0x0000000008002fba                __sseek
 .text.__sclose
                0x0000000008002fde        0x8 F:/CubeIDE1.14.1/STM32CubeIDE_1.14.1/STM32CubeIDE/plugins/com.st.stm32cube.ide.mcu.externaltools.gnu-tools-for-stm32.11.3.rel1.win32_1.1.100.202309141235/tools/bin/../lib/gcc/arm-none-eabi/11.3.1/../../../../arm-none-eabi/lib/thumb/v7-m/nofp\libc_nano.a(libc_a-stdio.o)
                0x0000000008002fde                __sclose
 .text.__swbuf_r
                0x0000000008002fe6       0x7a F:/CubeIDE1.14.1/STM32CubeIDE_1.14.1/STM32CubeIDE/plugins/com.st.stm32cube.ide.mcu.externaltools.gnu-tools-for-stm32.11.3.rel1.win32_1.1.100.202309141235/tools/bin/../lib/gcc/arm-none-eabi/11.3.1/../../../../arm-none-eabi/lib/thumb/v7-m/nofp\libc_nano.a(libc_a-wbuf.o)
                0x0000000008002fe6                __swbuf_r
 .text.__swsetup_r
                0x0000000008003060       0xb0 F:/CubeIDE1.14.1/STM32CubeIDE_1.14.1/STM32CubeIDE/plugins/com.st.stm32cube.ide.mcu.externaltools.gnu-tools-for-stm32.11.3.rel1.win32_1.1.100.202309141235/tools/bin/../lib/gcc/arm-none-eabi/11.3.1/../../../../arm-none-eabi/lib/thumb/v7-m/nofp\libc_nano.a(libc_a-wsetup.o)
                0x0000000008003060                __swsetup_r
 .text.memset   0x0000000008003110       0x10 F:/CubeIDE1.14.1/STM32CubeIDE_1.14.1/STM32CubeIDE/plugins/com.st.stm32cube.ide.mcu.externaltools.gnu-tools-for-stm32.11.3.rel1.win32_1.1.100.202309141235/tools/bin/../lib/gcc/arm-none-eabi/11.3.1/../../../../arm-none-eabi/lib/thumb/v7-m/nofp\libc_nano.a(libc_a-memset.o)
                0x0000000008003110                memset
 .text._close_r
                0x0000000008003120       0x20 F:/CubeIDE1.14.1/STM32CubeIDE_1.14.1/STM32CubeIDE/plugins/com.st.stm32cube.ide.mcu.externaltools.gnu-tools-for-stm32.11.3.rel1.win32_1.1.100.202309141235/tools/bin/../lib/gcc/arm-none-eabi/11.3.1/../../../../arm-none-eabi/lib/thumb/v7-m/nofp\libc_nano.a(libc_a-closer.o)
                0x0000000008003120                _close_r
 .text._lseek_r
                0x0000000008003140       0x24 F:/CubeIDE1.14.1/STM32CubeIDE_1.14.1/STM32CubeIDE/plugins/com.st.stm32cube.ide.mcu.externaltools.gnu-tools-for-stm32.11.3.rel1.win32_1.1.100.202309141235/tools/bin/../lib/gcc/arm-none-eabi/11.3.1/../../../../arm-none-eabi/lib/thumb/v7-m/nofp\libc_nano.a(libc_a-lseekr.o)
                0x0000000008003140                _lseek_r
 .text._read_r  0x0000000008003164       0x24 F:/CubeIDE1.14.1/STM32CubeIDE_1.14.1/STM32CubeIDE/plugins/com.st.stm32cube.ide.mcu.externaltools.gnu-tools-for-stm32.11.3.rel1.win32_1.1.100.202309141235/tools/bin/../lib/gcc/arm-none-eabi/11.3.1/../../../../arm-none-eabi/lib/thumb/v7-m/nofp\libc_nano.a(libc_a-readr.o)
                0x0000000008003164                _read_r
 .text._write_r
                0x0000000008003188       0x24 F:/CubeIDE1.14.1/STM32CubeIDE_1.14.1/STM32CubeIDE/plugins/com.st.stm32cube.ide.mcu.externaltools.gnu-tools-for-stm32.11.3.rel1.win32_1.1.100.202309141235/tools/bin/../lib/gcc/arm-none-eabi/11.3.1/../../../../arm-none-eabi/lib/thumb/v7-m/nofp\libc_nano.a(libc_a-writer.o)
                0x0000000008003188                _write_r
 .text.__errno  0x00000000080031ac        0xc F:/CubeIDE1.14.1/STM32CubeIDE_1.14.1/STM32CubeIDE/plugins/com.st.stm32cube.ide.mcu.externaltools.gnu-tools-for-stm32.11.3.rel1.win32_1.1.100.202309141235/tools/bin/../lib/gcc/arm-none-eabi/11.3.1/../../../../arm-none-eabi/lib/thumb/v7-m/nofp\libc_nano.a(libc_a-errno.o)
                0x00000000080031ac                __errno
 .text.__libc_init_array
                0x00000000080031b8       0x48 F:/CubeIDE1.14.1/STM32CubeIDE_1.14.1/STM32CubeIDE/plugins/com.st.stm32cube.ide.mcu.externaltools.gnu-tools-for-stm32.11.3.rel1.win32_1.1.100.202309141235/tools/bin/../lib/gcc/arm-none-eabi/11.3.1/../../../../arm-none-eabi/lib/thumb/v7-m/nofp\libc_nano.a(libc_a-init.o)
                0x00000000080031b8                __libc_init_array
 .text.__retarget_lock_init_recursive
                0x0000000008003200        0x2 F:/CubeIDE1.14.1/STM32CubeIDE_1.14.1/STM32CubeIDE/plugins/com.st.stm32cube.ide.mcu.externaltools.gnu-tools-for-stm32.11.3.rel1.win32_1.1.100.202309141235/tools/bin/../lib/gcc/arm-none-eabi/11.3.1/../../../../arm-none-eabi/lib/thumb/v7-m/nofp\libc_nano.a(libc_a-lock.o)
                0x0000000008003200                __retarget_lock_init_recursive
 .text.__retarget_lock_acquire_recursive
                0x0000000008003202        0x2 F:/CubeIDE1.14.1/STM32CubeIDE_1.14.1/STM32CubeIDE/plugins/com.st.stm32cube.ide.mcu.externaltools.gnu-tools-for-stm32.11.3.rel1.win32_1.1.100.202309141235/tools/bin/../lib/gcc/arm-none-eabi/11.3.1/../../../../arm-none-eabi/lib/thumb/v7-m/nofp\libc_nano.a(libc_a-lock.o)
                0x0000000008003202                __retarget_lock_acquire_recursive
 .text.__retarget_lock_release_recursive
                0x0000000008003204        0x2 F:/CubeIDE1.14.1/STM32CubeIDE_1.14.1/STM32CubeIDE/plugins/com.st.stm32cube.ide.mcu.externaltools.gnu-tools-for-stm32.11.3.rel1.win32_1.1.100.202309141235/tools/bin/../lib/gcc/arm-none-eabi/11.3.1/../../../../arm-none-eabi/lib/thumb/v7-m/nofp\libc_nano.a(libc_a-lock.o)
                0x0000000008003204                __retarget_lock_release_recursive
 *fill*         0x0000000008003206        0x2 
 .text._free_r  0x0000000008003208       0x90 F:/CubeIDE1.14.1/STM32CubeIDE_1.14.1/STM32CubeIDE/plugins/com.st.stm32cube.ide.mcu.externaltools.gnu-tools-for-stm32.11.3.rel1.win32_1.1.100.202309141235/tools/bin/../lib/gcc/arm-none-eabi/11.3.1/../../../../arm-none-eabi/lib/thumb/v7-m/nofp\libc_nano.a(libc_a-freer.o)
                0x0000000008003208                _free_r
 .text.sbrk_aligned
                0x0000000008003298       0x40 F:/CubeIDE1.14.1/STM32CubeIDE_1.14.1/STM32CubeIDE/plugins/com.st.stm32cube.ide.mcu.externaltools.gnu-tools-for-stm32.11.3.rel1.win32_1.1.100.202309141235/tools/bin/../lib/gcc/arm-none-eabi/11.3.1/../../../../arm-none-eabi/lib/thumb/v7-m/nofp\libc_nano.a(libc_a-mallocr.o)
 .text._malloc_r
                0x00000000080032d8      0x100 F:/CubeIDE1.14.1/STM32CubeIDE_1.14.1/STM32CubeIDE/plugins/com.st.stm32cube.ide.mcu.externaltools.gnu-tools-for-stm32.11.3.rel1.win32_1.1.100.202309141235/tools/bin/../lib/gcc/arm-none-eabi/11.3.1/../../../../arm-none-eabi/lib/thumb/v7-m/nofp\libc_nano.a(libc_a-mallocr.o)
                0x00000000080032d8                _malloc_r
 .text.__malloc_lock
                0x00000000080033d8        0xc F:/CubeIDE1.14.1/STM32CubeIDE_1.14.1/STM32CubeIDE/plugins/com.st.stm32cube.ide.mcu.externaltools.gnu-tools-for-stm32.11.3.rel1.win32_1.1.100.202309141235/tools/bin/../lib/gcc/arm-none-eabi/11.3.1/../../../../arm-none-eabi/lib/thumb/v7-m/nofp\libc_nano.a(libc_a-mlock.o)
                0x00000000080033d8                __malloc_lock
 .text.__malloc_unlock
                0x00000000080033e4        0xc F:/CubeIDE1.14.1/STM32CubeIDE_1.14.1/STM32CubeIDE/plugins/com.st.stm32cube.ide.mcu.externaltools.gnu-tools-for-stm32.11.3.rel1.win32_1.1.100.202309141235/tools/bin/../lib/gcc/arm-none-eabi/11.3.1/../../../../arm-none-eabi/lib/thumb/v7-m/nofp\libc_nano.a(libc_a-mlock.o)
                0x00000000080033e4                __malloc_unlock
 .text.__sflush_r
                0x00000000080033f0      0x104 F:/CubeIDE1.14.1/STM32CubeIDE_1.14.1/STM32CubeIDE/plugins/com.st.stm32cube.ide.mcu.externaltools.gnu-tools-for-stm32.11.3.rel1.win32_1.1.100.202309141235/tools/bin/../lib/gcc/arm-none-eabi/11.3.1/../../../../arm-none-eabi/lib/thumb/v7-m/nofp\libc_nano.a(libc_a-fflush.o)
                0x00000000080033f0                __sflush_r
 .text._fflush_r
                0x00000000080034f4       0x50 F:/CubeIDE1.14.1/STM32CubeIDE_1.14.1/STM32CubeIDE/plugins/com.st.stm32cube.ide.mcu.externaltools.gnu-tools-for-stm32.11.3.rel1.win32_1.1.100.202309141235/tools/bin/../lib/gcc/arm-none-eabi/11.3.1/../../../../arm-none-eabi/lib/thumb/v7-m/nofp\libc_nano.a(libc_a-fflush.o)
                0x00000000080034f4                _fflush_r
 .text.__swhatbuf_r
                0x0000000008003544       0x4a F:/CubeIDE1.14.1/STM32CubeIDE_1.14.1/STM32CubeIDE/plugins/com.st.stm32cube.ide.mcu.externaltools.gnu-tools-for-stm32.11.3.rel1.win32_1.1.100.202309141235/tools/bin/../lib/gcc/arm-none-eabi/11.3.1/../../../../arm-none-eabi/lib/thumb/v7-m/nofp\libc_nano.a(libc_a-makebuf.o)
                0x0000000008003544                __swhatbuf_r
 .text.__smakebuf_r
                0x000000000800358e       0x78 F:/CubeIDE1.14.1/STM32CubeIDE_1.14.1/STM32CubeIDE/plugins/com.st.stm32cube.ide.mcu.externaltools.gnu-tools-for-stm32.11.3.rel1.win32_1.1.100.202309141235/tools/bin/../lib/gcc/arm-none-eabi/11.3.1/../../../../arm-none-eabi/lib/thumb/v7-m/nofp\libc_nano.a(libc_a-makebuf.o)
                0x000000000800358e                __smakebuf_r
 .text._putc_r  0x0000000008003606       0x68 F:/CubeIDE1.14.1/STM32CubeIDE_1.14.1/STM32CubeIDE/plugins/com.st.stm32cube.ide.mcu.externaltools.gnu-tools-for-stm32.11.3.rel1.win32_1.1.100.202309141235/tools/bin/../lib/gcc/arm-none-eabi/11.3.1/../../../../arm-none-eabi/lib/thumb/v7-m/nofp\libc_nano.a(libc_a-putc.o)
                0x0000000008003606                _putc_r
 *fill*         0x000000000800366e        0x2 
 .text._fstat_r
                0x0000000008003670       0x24 F:/CubeIDE1.14.1/STM32CubeIDE_1.14.1/STM32CubeIDE/plugins/com.st.stm32cube.ide.mcu.externaltools.gnu-tools-for-stm32.11.3.rel1.win32_1.1.100.202309141235/tools/bin/../lib/gcc/arm-none-eabi/11.3.1/../../../../arm-none-eabi/lib/thumb/v7-m/nofp\libc_nano.a(libc_a-fstatr.o)
                0x0000000008003670                _fstat_r
 .text._isatty_r
                0x0000000008003694       0x20 F:/CubeIDE1.14.1/STM32CubeIDE_1.14.1/STM32CubeIDE/plugins/com.st.stm32cube.ide.mcu.externaltools.gnu-tools-for-stm32.11.3.rel1.win32_1.1.100.202309141235/tools/bin/../lib/gcc/arm-none-eabi/11.3.1/../../../../arm-none-eabi/lib/thumb/v7-m/nofp\libc_nano.a(libc_a-isattyr.o)
                0x0000000008003694                _isatty_r
 .text._sbrk_r  0x00000000080036b4       0x20 F:/CubeIDE1.14.1/STM32CubeIDE_1.14.1/STM32CubeIDE/plugins/com.st.stm32cube.ide.mcu.externaltools.gnu-tools-for-stm32.11.3.rel1.win32_1.1.100.202309141235/tools/bin/../lib/gcc/arm-none-eabi/11.3.1/../../../../arm-none-eabi/lib/thumb/v7-m/nofp\libc_nano.a(libc_a-sbrkr.o)
                0x00000000080036b4                _sbrk_r
 *(.glue_7)
 .glue_7        0x00000000080036d4        0x0 linker stubs
 *(.glue_7t)
 .glue_7t       0x00000000080036d4        0x0 linker stubs
 *(.eh_frame)
 .eh_frame      0x00000000080036d4        0x0 F:/CubeIDE1.14.1/STM32CubeIDE_1.14.1/STM32CubeIDE/plugins/com.st.stm32cube.ide.mcu.externaltools.gnu-tools-for-stm32.11.3.rel1.win32_1.1.100.202309141235/tools/bin/../lib/gcc/arm-none-eabi/11.3.1/thumb/v7-m/nofp/crtbegin.o
 *(.init)
 .init          0x00000000080036d4        0x4 F:/CubeIDE1.14.1/STM32CubeIDE_1.14.1/STM32CubeIDE/plugins/com.st.stm32cube.ide.mcu.externaltools.gnu-tools-for-stm32.11.3.rel1.win32_1.1.100.202309141235/tools/bin/../lib/gcc/arm-none-eabi/11.3.1/thumb/v7-m/nofp/crti.o
                0x00000000080036d4                _init
 .init          0x00000000080036d8        0x8 F:/CubeIDE1.14.1/STM32CubeIDE_1.14.1/STM32CubeIDE/plugins/com.st.stm32cube.ide.mcu.externaltools.gnu-tools-for-stm32.11.3.rel1.win32_1.1.100.202309141235/tools/bin/../lib/gcc/arm-none-eabi/11.3.1/thumb/v7-m/nofp/crtn.o
 *(.fini)
 .fini          0x00000000080036e0        0x4 F:/CubeIDE1.14.1/STM32CubeIDE_1.14.1/STM32CubeIDE/plugins/com.st.stm32cube.ide.mcu.externaltools.gnu-tools-for-stm32.11.3.rel1.win32_1.1.100.202309141235/tools/bin/../lib/gcc/arm-none-eabi/11.3.1/thumb/v7-m/nofp/crti.o
                0x00000000080036e0                _fini
 .fini          0x00000000080036e4        0x8 F:/CubeIDE1.14.1/STM32CubeIDE_1.14.1/STM32CubeIDE/plugins/com.st.stm32cube.ide.mcu.externaltools.gnu-tools-for-stm32.11.3.rel1.win32_1.1.100.202309141235/tools/bin/../lib/gcc/arm-none-eabi/11.3.1/thumb/v7-m/nofp/crtn.o
                0x00000000080036ec                . = ALIGN (0x4)
                0x00000000080036ec                _etext = .

.vfp11_veneer   0x00000000080036ec        0x0
 .vfp11_veneer  0x00000000080036ec        0x0 linker stubs

.v4_bx          0x00000000080036ec        0x0
 .v4_bx         0x00000000080036ec        0x0 linker stubs

.iplt           0x00000000080036ec        0x0
 .iplt          0x00000000080036ec        0x0 F:/CubeIDE1.14.1/STM32CubeIDE_1.14.1/STM32CubeIDE/plugins/com.st.stm32cube.ide.mcu.externaltools.gnu-tools-for-stm32.11.3.rel1.win32_1.1.100.202309141235/tools/bin/../lib/gcc/arm-none-eabi/11.3.1/thumb/v7-m/nofp/crtbegin.o

.rodata         0x00000000080036ec       0x88
                0x00000000080036ec                . = ALIGN (0x4)
 *(.rodata)
 .rodata        0x00000000080036ec       0x5a ./Core/Src/main.o
 *(.rodata*)
 *fill*         0x0000000008003746        0x2 
 .rodata.AHBPrescTable
                0x0000000008003748       0x10 ./Core/Src/system_stm32f1xx.o
                0x0000000008003748                AHBPrescTable
 .rodata.APBPrescTable
                0x0000000008003758        0x8 ./Core/Src/system_stm32f1xx.o
                0x0000000008003758                APBPrescTable
 .rodata.aPLLMULFactorTable.1
                0x0000000008003760       0x10 ./libraries/Drivers/STM32F1xx_HAL_Driver/Src/stm32f1xx_hal_rcc.o
 .rodata.aPredivFactorTable.0
                0x0000000008003770        0x2 ./libraries/Drivers/STM32F1xx_HAL_Driver/Src/stm32f1xx_hal_rcc.o
                0x0000000008003774                . = ALIGN (0x4)
 *fill*         0x0000000008003772        0x2 

.rel.dyn        0x0000000008003774        0x0
 .rel.iplt      0x0000000008003774        0x0 F:/CubeIDE1.14.1/STM32CubeIDE_1.14.1/STM32CubeIDE/plugins/com.st.stm32cube.ide.mcu.externaltools.gnu-tools-for-stm32.11.3.rel1.win32_1.1.100.202309141235/tools/bin/../lib/gcc/arm-none-eabi/11.3.1/thumb/v7-m/nofp/crtbegin.o

.ARM.extab      0x0000000008003774        0x0
                0x0000000008003774                . = ALIGN (0x4)
 *(.ARM.extab* .gnu.linkonce.armextab.*)
                0x0000000008003774                . = ALIGN (0x4)

.ARM            0x0000000008003774        0x0
                0x0000000008003774                . = ALIGN (0x4)
                0x0000000008003774                __exidx_start = .
 *(.ARM.exidx*)
                0x0000000008003774                __exidx_end = .
                0x0000000008003774                . = ALIGN (0x4)

.preinit_array  0x0000000008003774        0x0
                0x0000000008003774                . = ALIGN (0x4)
                0x0000000008003774                PROVIDE (__preinit_array_start = .)
 *(.preinit_array*)
                0x0000000008003774                PROVIDE (__preinit_array_end = .)
                0x0000000008003774                . = ALIGN (0x4)

.init_array     0x0000000008003774        0x4
                0x0000000008003774                . = ALIGN (0x4)
                0x0000000008003774                PROVIDE (__init_array_start = .)
 *(SORT_BY_NAME(.init_array.*))
 *(.init_array*)
 .init_array    0x0000000008003774        0x4 F:/CubeIDE1.14.1/STM32CubeIDE_1.14.1/STM32CubeIDE/plugins/com.st.stm32cube.ide.mcu.externaltools.gnu-tools-for-stm32.11.3.rel1.win32_1.1.100.202309141235/tools/bin/../lib/gcc/arm-none-eabi/11.3.1/thumb/v7-m/nofp/crtbegin.o
                0x0000000008003778                PROVIDE (__init_array_end = .)
                0x0000000008003778                . = ALIGN (0x4)

.fini_array     0x0000000008003778        0x4
                0x0000000008003778                . = ALIGN (0x4)
                [!provide]                        PROVIDE (__fini_array_start = .)
 *(SORT_BY_NAME(.fini_array.*))
 *(.fini_array*)
 .fini_array    0x0000000008003778        0x4 F:/CubeIDE1.14.1/STM32CubeIDE_1.14.1/STM32CubeIDE/plugins/com.st.stm32cube.ide.mcu.externaltools.gnu-tools-for-stm32.11.3.rel1.win32_1.1.100.202309141235/tools/bin/../lib/gcc/arm-none-eabi/11.3.1/thumb/v7-m/nofp/crtbegin.o
                [!provide]                        PROVIDE (__fini_array_end = .)
                0x000000000800377c                . = ALIGN (0x4)
                0x000000000800377c                _sidata = LOADADDR (.data)

.data           0x0000000020000000       0x68 load address 0x000000000800377c
                0x0000000020000000                . = ALIGN (0x4)
                0x0000000020000000                _sdata = .
 *(.data)
 *(.data*)
 .data.SystemCoreClock
                0x0000000020000000        0x4 ./Core/Src/system_stm32f1xx.o
                0x0000000020000000                SystemCoreClock
 .data.uwTickPrio
                0x0000000020000004        0x4 ./libraries/Drivers/STM32F1xx_HAL_Driver/Src/stm32f1xx_hal.o
                0x0000000020000004                uwTickPrio
 .data.uwTickFreq
                0x0000000020000008        0x1 ./libraries/Drivers/STM32F1xx_HAL_Driver/Src/stm32f1xx_hal.o
                0x0000000020000008                uwTickFreq
 *fill*         0x0000000020000009        0x3 
 .data.__sglue  0x000000002000000c        0xc F:/CubeIDE1.14.1/STM32CubeIDE_1.14.1/STM32CubeIDE/plugins/com.st.stm32cube.ide.mcu.externaltools.gnu-tools-for-stm32.11.3.rel1.win32_1.1.100.202309141235/tools/bin/../lib/gcc/arm-none-eabi/11.3.1/../../../../arm-none-eabi/lib/thumb/v7-m/nofp\libc_nano.a(libc_a-findfp.o)
                0x000000002000000c                __sglue
 .data._impure_data
                0x0000000020000018       0x4c F:/CubeIDE1.14.1/STM32CubeIDE_1.14.1/STM32CubeIDE/plugins/com.st.stm32cube.ide.mcu.externaltools.gnu-tools-for-stm32.11.3.rel1.win32_1.1.100.202309141235/tools/bin/../lib/gcc/arm-none-eabi/11.3.1/../../../../arm-none-eabi/lib/thumb/v7-m/nofp\libc_nano.a(libc_a-impure.o)
                0x0000000020000018                _impure_data
 .data._impure_ptr
                0x0000000020000064        0x4 F:/CubeIDE1.14.1/STM32CubeIDE_1.14.1/STM32CubeIDE/plugins/com.st.stm32cube.ide.mcu.externaltools.gnu-tools-for-stm32.11.3.rel1.win32_1.1.100.202309141235/tools/bin/../lib/gcc/arm-none-eabi/11.3.1/../../../../arm-none-eabi/lib/thumb/v7-m/nofp\libc_nano.a(libc_a-impure.o)
                0x0000000020000064                _impure_ptr
 *(.RamFunc)
 *(.RamFunc*)
                0x0000000020000068                . = ALIGN (0x4)
                0x0000000020000068                _edata = .

.igot.plt       0x0000000020000068        0x0 load address 0x00000000080037e4
 .igot.plt      0x0000000020000068        0x0 F:/CubeIDE1.14.1/STM32CubeIDE_1.14.1/STM32CubeIDE/plugins/com.st.stm32cube.ide.mcu.externaltools.gnu-tools-for-stm32.11.3.rel1.win32_1.1.100.202309141235/tools/bin/../lib/gcc/arm-none-eabi/11.3.1/thumb/v7-m/nofp/crtbegin.o
                0x0000000020000068                . = ALIGN (0x4)

.bss            0x0000000020000068      0x2d0 load address 0x00000000080037e4
                0x0000000020000068                _sbss = .
                0x0000000020000068                __bss_start__ = _sbss
 *(.bss)
 .bss           0x0000000020000068       0x1c F:/CubeIDE1.14.1/STM32CubeIDE_1.14.1/STM32CubeIDE/plugins/com.st.stm32cube.ide.mcu.externaltools.gnu-tools-for-stm32.11.3.rel1.win32_1.1.100.202309141235/tools/bin/../lib/gcc/arm-none-eabi/11.3.1/thumb/v7-m/nofp/crtbegin.o
 *(.bss*)
 .bss.__sbrk_heap_end
                0x0000000020000084        0x4 ./Core/Src/sysmem.o
 .bss.htim6     0x0000000020000088       0x48 ./Core/Src/tim.o
                0x0000000020000088                htim6
 .bss.g_usart_rx_buf
                0x00000000200000d0       0xc8 ./Core/Src/usart.o
                0x00000000200000d0                g_usart_rx_buf
 .bss.g_usart_rx_sta
                0x0000000020000198        0x2 ./Core/Src/usart.o
                0x0000000020000198                g_usart_rx_sta
 *fill*         0x000000002000019a        0x2 
 .bss.g_rx_buffer
                0x000000002000019c        0x1 ./Core/Src/usart.o
                0x000000002000019c                g_rx_buffer
 *fill*         0x000000002000019d        0x3 
 .bss.huart1    0x00000000200001a0       0x48 ./Core/Src/usart.o
                0x00000000200001a0                huart1
 .bss.uwTick    0x00000000200001e8        0x4 ./libraries/Drivers/STM32F1xx_HAL_Driver/Src/stm32f1xx_hal.o
                0x00000000200001e8                uwTick
 .bss.__sf      0x00000000200001ec      0x138 F:/CubeIDE1.14.1/STM32CubeIDE_1.14.1/STM32CubeIDE/plugins/com.st.stm32cube.ide.mcu.externaltools.gnu-tools-for-stm32.11.3.rel1.win32_1.1.100.202309141235/tools/bin/../lib/gcc/arm-none-eabi/11.3.1/../../../../arm-none-eabi/lib/thumb/v7-m/nofp\libc_nano.a(libc_a-findfp.o)
                0x00000000200001ec                __sf
 .bss.__stdio_exit_handler
                0x0000000020000324        0x4 F:/CubeIDE1.14.1/STM32CubeIDE_1.14.1/STM32CubeIDE/plugins/com.st.stm32cube.ide.mcu.externaltools.gnu-tools-for-stm32.11.3.rel1.win32_1.1.100.202309141235/tools/bin/../lib/gcc/arm-none-eabi/11.3.1/../../../../arm-none-eabi/lib/thumb/v7-m/nofp\libc_nano.a(libc_a-findfp.o)
                0x0000000020000324                __stdio_exit_handler
 .bss.errno     0x0000000020000328        0x4 F:/CubeIDE1.14.1/STM32CubeIDE_1.14.1/STM32CubeIDE/plugins/com.st.stm32cube.ide.mcu.externaltools.gnu-tools-for-stm32.11.3.rel1.win32_1.1.100.202309141235/tools/bin/../lib/gcc/arm-none-eabi/11.3.1/../../../../arm-none-eabi/lib/thumb/v7-m/nofp\libc_nano.a(libc_a-reent.o)
                0x0000000020000328                errno
 .bss.__lock___malloc_recursive_mutex
                0x000000002000032c        0x1 F:/CubeIDE1.14.1/STM32CubeIDE_1.14.1/STM32CubeIDE/plugins/com.st.stm32cube.ide.mcu.externaltools.gnu-tools-for-stm32.11.3.rel1.win32_1.1.100.202309141235/tools/bin/../lib/gcc/arm-none-eabi/11.3.1/../../../../arm-none-eabi/lib/thumb/v7-m/nofp\libc_nano.a(libc_a-lock.o)
                0x000000002000032c                __lock___malloc_recursive_mutex
 .bss.__lock___sfp_recursive_mutex
                0x000000002000032d        0x1 F:/CubeIDE1.14.1/STM32CubeIDE_1.14.1/STM32CubeIDE/plugins/com.st.stm32cube.ide.mcu.externaltools.gnu-tools-for-stm32.11.3.rel1.win32_1.1.100.202309141235/tools/bin/../lib/gcc/arm-none-eabi/11.3.1/../../../../arm-none-eabi/lib/thumb/v7-m/nofp\libc_nano.a(libc_a-lock.o)
                0x000000002000032d                __lock___sfp_recursive_mutex
 *fill*         0x000000002000032e        0x2 
 .bss.__malloc_free_list
                0x0000000020000330        0x4 F:/CubeIDE1.14.1/STM32CubeIDE_1.14.1/STM32CubeIDE/plugins/com.st.stm32cube.ide.mcu.externaltools.gnu-tools-for-stm32.11.3.rel1.win32_1.1.100.202309141235/tools/bin/../lib/gcc/arm-none-eabi/11.3.1/../../../../arm-none-eabi/lib/thumb/v7-m/nofp\libc_nano.a(libc_a-mallocr.o)
                0x0000000020000330                __malloc_free_list
 .bss.__malloc_sbrk_start
                0x0000000020000334        0x4 F:/CubeIDE1.14.1/STM32CubeIDE_1.14.1/STM32CubeIDE/plugins/com.st.stm32cube.ide.mcu.externaltools.gnu-tools-for-stm32.11.3.rel1.win32_1.1.100.202309141235/tools/bin/../lib/gcc/arm-none-eabi/11.3.1/../../../../arm-none-eabi/lib/thumb/v7-m/nofp\libc_nano.a(libc_a-mallocr.o)
                0x0000000020000334                __malloc_sbrk_start
 *(COMMON)
                0x0000000020000338                . = ALIGN (0x4)
                0x0000000020000338                _ebss = .
                0x0000000020000338                __bss_end__ = _ebss

._user_heap_stack
                0x0000000020000338      0x600 load address 0x00000000080037e4
                0x0000000020000338                . = ALIGN (0x8)
                [!provide]                        PROVIDE (end = .)
                0x0000000020000338                PROVIDE (_end = .)
                0x0000000020000538                . = (. + _Min_Heap_Size)
 *fill*         0x0000000020000338      0x200 
                0x0000000020000938                . = (. + _Min_Stack_Size)
 *fill*         0x0000000020000538      0x400 
                0x0000000020000938                . = ALIGN (0x8)

/DISCARD/
 libc.a(*)
 libm.a(*)
 libgcc.a(*)

.ARM.attributes
                0x0000000000000000       0x29
 *(.ARM.attributes)
 .ARM.attributes
                0x0000000000000000       0x1d F:/CubeIDE1.14.1/STM32CubeIDE_1.14.1/STM32CubeIDE/plugins/com.st.stm32cube.ide.mcu.externaltools.gnu-tools-for-stm32.11.3.rel1.win32_1.1.100.202309141235/tools/bin/../lib/gcc/arm-none-eabi/11.3.1/thumb/v7-m/nofp/crti.o
 .ARM.attributes
                0x000000000000001d       0x2d F:/CubeIDE1.14.1/STM32CubeIDE_1.14.1/STM32CubeIDE/plugins/com.st.stm32cube.ide.mcu.externaltools.gnu-tools-for-stm32.11.3.rel1.win32_1.1.100.202309141235/tools/bin/../lib/gcc/arm-none-eabi/11.3.1/thumb/v7-m/nofp/crtbegin.o
 .ARM.attributes
                0x000000000000004a       0x2d ./Core/Src/gpio.o
 .ARM.attributes
                0x0000000000000077       0x2d ./Core/Src/main.o
 .ARM.attributes
                0x00000000000000a4       0x2d ./Core/Src/stm32f1xx_hal_msp.o
 .ARM.attributes
                0x00000000000000d1       0x2d ./Core/Src/stm32f1xx_it.o
 .ARM.attributes
                0x00000000000000fe       0x2d ./Core/Src/syscalls.o
 .ARM.attributes
                0x000000000000012b       0x2d ./Core/Src/sysmem.o
 .ARM.attributes
                0x0000000000000158       0x2d ./Core/Src/system_stm32f1xx.o
 .ARM.attributes
                0x0000000000000185       0x2d ./Core/Src/tim.o
 .ARM.attributes
                0x00000000000001b2       0x2d ./Core/Src/usart.o
 .ARM.attributes
                0x00000000000001df       0x21 ./Core/Startup/startup_stm32f103vetx.o
 .ARM.attributes
                0x0000000000000200       0x2d ./libraries/Drivers/STM32F1xx_HAL_Driver/Src/stm32f1xx_hal.o
 .ARM.attributes
                0x000000000000022d       0x2d ./libraries/Drivers/STM32F1xx_HAL_Driver/Src/stm32f1xx_hal_cortex.o
 .ARM.attributes
                0x000000000000025a       0x2d ./libraries/Drivers/STM32F1xx_HAL_Driver/Src/stm32f1xx_hal_dma.o
 .ARM.attributes
                0x0000000000000287       0x2d ./libraries/Drivers/STM32F1xx_HAL_Driver/Src/stm32f1xx_hal_gpio.o
 .ARM.attributes
                0x00000000000002b4       0x2d ./libraries/Drivers/STM32F1xx_HAL_Driver/Src/stm32f1xx_hal_rcc.o
 .ARM.attributes
                0x00000000000002e1       0x2d ./libraries/Drivers/STM32F1xx_HAL_Driver/Src/stm32f1xx_hal_tim.o
 .ARM.attributes
                0x000000000000030e       0x2d ./libraries/Drivers/STM32F1xx_HAL_Driver/Src/stm32f1xx_hal_tim_ex.o
 .ARM.attributes
                0x000000000000033b       0x2d ./libraries/Drivers/STM32F1xx_HAL_Driver/Src/stm32f1xx_hal_uart.o
 .ARM.attributes
                0x0000000000000368       0x2d F:/CubeIDE1.14.1/STM32CubeIDE_1.14.1/STM32CubeIDE/plugins/com.st.stm32cube.ide.mcu.externaltools.gnu-tools-for-stm32.11.3.rel1.win32_1.1.100.202309141235/tools/bin/../lib/gcc/arm-none-eabi/11.3.1/../../../../arm-none-eabi/lib/thumb/v7-m/nofp\libc_nano.a(libc_a-findfp.o)
 .ARM.attributes
                0x0000000000000395       0x2d F:/CubeIDE1.14.1/STM32CubeIDE_1.14.1/STM32CubeIDE/plugins/com.st.stm32cube.ide.mcu.externaltools.gnu-tools-for-stm32.11.3.rel1.win32_1.1.100.202309141235/tools/bin/../lib/gcc/arm-none-eabi/11.3.1/../../../../arm-none-eabi/lib/thumb/v7-m/nofp\libc_nano.a(libc_a-fwalk.o)
 .ARM.attributes
                0x00000000000003c2       0x2d F:/CubeIDE1.14.1/STM32CubeIDE_1.14.1/STM32CubeIDE/plugins/com.st.stm32cube.ide.mcu.externaltools.gnu-tools-for-stm32.11.3.rel1.win32_1.1.100.202309141235/tools/bin/../lib/gcc/arm-none-eabi/11.3.1/../../../../arm-none-eabi/lib/thumb/v7-m/nofp\libc_nano.a(libc_a-putchar.o)
 .ARM.attributes
                0x00000000000003ef       0x2d F:/CubeIDE1.14.1/STM32CubeIDE_1.14.1/STM32CubeIDE/plugins/com.st.stm32cube.ide.mcu.externaltools.gnu-tools-for-stm32.11.3.rel1.win32_1.1.100.202309141235/tools/bin/../lib/gcc/arm-none-eabi/11.3.1/../../../../arm-none-eabi/lib/thumb/v7-m/nofp\libc_nano.a(libc_a-puts.o)
 .ARM.attributes
                0x000000000000041c       0x2d F:/CubeIDE1.14.1/STM32CubeIDE_1.14.1/STM32CubeIDE/plugins/com.st.stm32cube.ide.mcu.externaltools.gnu-tools-for-stm32.11.3.rel1.win32_1.1.100.202309141235/tools/bin/../lib/gcc/arm-none-eabi/11.3.1/../../../../arm-none-eabi/lib/thumb/v7-m/nofp\libc_nano.a(libc_a-stdio.o)
 .ARM.attributes
                0x0000000000000449       0x2d F:/CubeIDE1.14.1/STM32CubeIDE_1.14.1/STM32CubeIDE/plugins/com.st.stm32cube.ide.mcu.externaltools.gnu-tools-for-stm32.11.3.rel1.win32_1.1.100.202309141235/tools/bin/../lib/gcc/arm-none-eabi/11.3.1/../../../../arm-none-eabi/lib/thumb/v7-m/nofp\libc_nano.a(libc_a-wbuf.o)
 .ARM.attributes
                0x0000000000000476       0x2d F:/CubeIDE1.14.1/STM32CubeIDE_1.14.1/STM32CubeIDE/plugins/com.st.stm32cube.ide.mcu.externaltools.gnu-tools-for-stm32.11.3.rel1.win32_1.1.100.202309141235/tools/bin/../lib/gcc/arm-none-eabi/11.3.1/../../../../arm-none-eabi/lib/thumb/v7-m/nofp\libc_nano.a(libc_a-wsetup.o)
 .ARM.attributes
                0x00000000000004a3       0x2d F:/CubeIDE1.14.1/STM32CubeIDE_1.14.1/STM32CubeIDE/plugins/com.st.stm32cube.ide.mcu.externaltools.gnu-tools-for-stm32.11.3.rel1.win32_1.1.100.202309141235/tools/bin/../lib/gcc/arm-none-eabi/11.3.1/../../../../arm-none-eabi/lib/thumb/v7-m/nofp\libc_nano.a(libc_a-memset.o)
 .ARM.attributes
                0x00000000000004d0       0x2d F:/CubeIDE1.14.1/STM32CubeIDE_1.14.1/STM32CubeIDE/plugins/com.st.stm32cube.ide.mcu.externaltools.gnu-tools-for-stm32.11.3.rel1.win32_1.1.100.202309141235/tools/bin/../lib/gcc/arm-none-eabi/11.3.1/../../../../arm-none-eabi/lib/thumb/v7-m/nofp\libc_nano.a(libc_a-closer.o)
 .ARM.attributes
                0x00000000000004fd       0x2d F:/CubeIDE1.14.1/STM32CubeIDE_1.14.1/STM32CubeIDE/plugins/com.st.stm32cube.ide.mcu.externaltools.gnu-tools-for-stm32.11.3.rel1.win32_1.1.100.202309141235/tools/bin/../lib/gcc/arm-none-eabi/11.3.1/../../../../arm-none-eabi/lib/thumb/v7-m/nofp\libc_nano.a(libc_a-reent.o)
 .ARM.attributes
                0x000000000000052a       0x2d F:/CubeIDE1.14.1/STM32CubeIDE_1.14.1/STM32CubeIDE/plugins/com.st.stm32cube.ide.mcu.externaltools.gnu-tools-for-stm32.11.3.rel1.win32_1.1.100.202309141235/tools/bin/../lib/gcc/arm-none-eabi/11.3.1/../../../../arm-none-eabi/lib/thumb/v7-m/nofp\libc_nano.a(libc_a-impure.o)
 .ARM.attributes
                0x0000000000000557       0x2d F:/CubeIDE1.14.1/STM32CubeIDE_1.14.1/STM32CubeIDE/plugins/com.st.stm32cube.ide.mcu.externaltools.gnu-tools-for-stm32.11.3.rel1.win32_1.1.100.202309141235/tools/bin/../lib/gcc/arm-none-eabi/11.3.1/../../../../arm-none-eabi/lib/thumb/v7-m/nofp\libc_nano.a(libc_a-lseekr.o)
 .ARM.attributes
                0x0000000000000584       0x2d F:/CubeIDE1.14.1/STM32CubeIDE_1.14.1/STM32CubeIDE/plugins/com.st.stm32cube.ide.mcu.externaltools.gnu-tools-for-stm32.11.3.rel1.win32_1.1.100.202309141235/tools/bin/../lib/gcc/arm-none-eabi/11.3.1/../../../../arm-none-eabi/lib/thumb/v7-m/nofp\libc_nano.a(libc_a-readr.o)
 .ARM.attributes
                0x00000000000005b1       0x2d F:/CubeIDE1.14.1/STM32CubeIDE_1.14.1/STM32CubeIDE/plugins/com.st.stm32cube.ide.mcu.externaltools.gnu-tools-for-stm32.11.3.rel1.win32_1.1.100.202309141235/tools/bin/../lib/gcc/arm-none-eabi/11.3.1/../../../../arm-none-eabi/lib/thumb/v7-m/nofp\libc_nano.a(libc_a-writer.o)
 .ARM.attributes
                0x00000000000005de       0x2d F:/CubeIDE1.14.1/STM32CubeIDE_1.14.1/STM32CubeIDE/plugins/com.st.stm32cube.ide.mcu.externaltools.gnu-tools-for-stm32.11.3.rel1.win32_1.1.100.202309141235/tools/bin/../lib/gcc/arm-none-eabi/11.3.1/../../../../arm-none-eabi/lib/thumb/v7-m/nofp\libc_nano.a(libc_a-errno.o)
 .ARM.attributes
                0x000000000000060b       0x2d F:/CubeIDE1.14.1/STM32CubeIDE_1.14.1/STM32CubeIDE/plugins/com.st.stm32cube.ide.mcu.externaltools.gnu-tools-for-stm32.11.3.rel1.win32_1.1.100.202309141235/tools/bin/../lib/gcc/arm-none-eabi/11.3.1/../../../../arm-none-eabi/lib/thumb/v7-m/nofp\libc_nano.a(libc_a-init.o)
 .ARM.attributes
                0x0000000000000638       0x2d F:/CubeIDE1.14.1/STM32CubeIDE_1.14.1/STM32CubeIDE/plugins/com.st.stm32cube.ide.mcu.externaltools.gnu-tools-for-stm32.11.3.rel1.win32_1.1.100.202309141235/tools/bin/../lib/gcc/arm-none-eabi/11.3.1/../../../../arm-none-eabi/lib/thumb/v7-m/nofp\libc_nano.a(libc_a-lock.o)
 .ARM.attributes
                0x0000000000000665       0x2d F:/CubeIDE1.14.1/STM32CubeIDE_1.14.1/STM32CubeIDE/plugins/com.st.stm32cube.ide.mcu.externaltools.gnu-tools-for-stm32.11.3.rel1.win32_1.1.100.202309141235/tools/bin/../lib/gcc/arm-none-eabi/11.3.1/../../../../arm-none-eabi/lib/thumb/v7-m/nofp\libc_nano.a(libc_a-freer.o)
 .ARM.attributes
                0x0000000000000692       0x2d F:/CubeIDE1.14.1/STM32CubeIDE_1.14.1/STM32CubeIDE/plugins/com.st.stm32cube.ide.mcu.externaltools.gnu-tools-for-stm32.11.3.rel1.win32_1.1.100.202309141235/tools/bin/../lib/gcc/arm-none-eabi/11.3.1/../../../../arm-none-eabi/lib/thumb/v7-m/nofp\libc_nano.a(libc_a-mallocr.o)
 .ARM.attributes
                0x00000000000006bf       0x2d F:/CubeIDE1.14.1/STM32CubeIDE_1.14.1/STM32CubeIDE/plugins/com.st.stm32cube.ide.mcu.externaltools.gnu-tools-for-stm32.11.3.rel1.win32_1.1.100.202309141235/tools/bin/../lib/gcc/arm-none-eabi/11.3.1/../../../../arm-none-eabi/lib/thumb/v7-m/nofp\libc_nano.a(libc_a-mlock.o)
 .ARM.attributes
                0x00000000000006ec       0x2d F:/CubeIDE1.14.1/STM32CubeIDE_1.14.1/STM32CubeIDE/plugins/com.st.stm32cube.ide.mcu.externaltools.gnu-tools-for-stm32.11.3.rel1.win32_1.1.100.202309141235/tools/bin/../lib/gcc/arm-none-eabi/11.3.1/../../../../arm-none-eabi/lib/thumb/v7-m/nofp\libc_nano.a(libc_a-fflush.o)
 .ARM.attributes
                0x0000000000000719       0x2d F:/CubeIDE1.14.1/STM32CubeIDE_1.14.1/STM32CubeIDE/plugins/com.st.stm32cube.ide.mcu.externaltools.gnu-tools-for-stm32.11.3.rel1.win32_1.1.100.202309141235/tools/bin/../lib/gcc/arm-none-eabi/11.3.1/../../../../arm-none-eabi/lib/thumb/v7-m/nofp\libc_nano.a(libc_a-makebuf.o)
 .ARM.attributes
                0x0000000000000746       0x2d F:/CubeIDE1.14.1/STM32CubeIDE_1.14.1/STM32CubeIDE/plugins/com.st.stm32cube.ide.mcu.externaltools.gnu-tools-for-stm32.11.3.rel1.win32_1.1.100.202309141235/tools/bin/../lib/gcc/arm-none-eabi/11.3.1/../../../../arm-none-eabi/lib/thumb/v7-m/nofp\libc_nano.a(libc_a-putc.o)
 .ARM.attributes
                0x0000000000000773       0x2d F:/CubeIDE1.14.1/STM32CubeIDE_1.14.1/STM32CubeIDE/plugins/com.st.stm32cube.ide.mcu.externaltools.gnu-tools-for-stm32.11.3.rel1.win32_1.1.100.202309141235/tools/bin/../lib/gcc/arm-none-eabi/11.3.1/../../../../arm-none-eabi/lib/thumb/v7-m/nofp\libc_nano.a(libc_a-fstatr.o)
 .ARM.attributes
                0x00000000000007a0       0x2d F:/CubeIDE1.14.1/STM32CubeIDE_1.14.1/STM32CubeIDE/plugins/com.st.stm32cube.ide.mcu.externaltools.gnu-tools-for-stm32.11.3.rel1.win32_1.1.100.202309141235/tools/bin/../lib/gcc/arm-none-eabi/11.3.1/../../../../arm-none-eabi/lib/thumb/v7-m/nofp\libc_nano.a(libc_a-isattyr.o)
 .ARM.attributes
                0x00000000000007cd       0x2d F:/CubeIDE1.14.1/STM32CubeIDE_1.14.1/STM32CubeIDE/plugins/com.st.stm32cube.ide.mcu.externaltools.gnu-tools-for-stm32.11.3.rel1.win32_1.1.100.202309141235/tools/bin/../lib/gcc/arm-none-eabi/11.3.1/../../../../arm-none-eabi/lib/thumb/v7-m/nofp\libc_nano.a(libc_a-sbrkr.o)
 .ARM.attributes
                0x00000000000007fa       0x1d F:/CubeIDE1.14.1/STM32CubeIDE_1.14.1/STM32CubeIDE/plugins/com.st.stm32cube.ide.mcu.externaltools.gnu-tools-for-stm32.11.3.rel1.win32_1.1.100.202309141235/tools/bin/../lib/gcc/arm-none-eabi/11.3.1/thumb/v7-m/nofp/crtn.o
OUTPUT(07_btim.elf elf32-littlearm)
LOAD linker stubs
LOAD F:/CubeIDE1.14.1/STM32CubeIDE_1.14.1/STM32CubeIDE/plugins/com.st.stm32cube.ide.mcu.externaltools.gnu-tools-for-stm32.11.3.rel1.win32_1.1.100.202309141235/tools/bin/../lib/gcc/arm-none-eabi/11.3.1/../../../../arm-none-eabi/lib/thumb/v7-m/nofp\libc.a
LOAD F:/CubeIDE1.14.1/STM32CubeIDE_1.14.1/STM32CubeIDE/plugins/com.st.stm32cube.ide.mcu.externaltools.gnu-tools-for-stm32.11.3.rel1.win32_1.1.100.202309141235/tools/bin/../lib/gcc/arm-none-eabi/11.3.1/../../../../arm-none-eabi/lib/thumb/v7-m/nofp\libm.a
LOAD F:/CubeIDE1.14.1/STM32CubeIDE_1.14.1/STM32CubeIDE/plugins/com.st.stm32cube.ide.mcu.externaltools.gnu-tools-for-stm32.11.3.rel1.win32_1.1.100.202309141235/tools/bin/../lib/gcc/arm-none-eabi/11.3.1/thumb/v7-m/nofp\libgcc.a

.comment        0x0000000000000000       0x43
 .comment       0x0000000000000000       0x43 F:/CubeIDE1.14.1/STM32CubeIDE_1.14.1/STM32CubeIDE/plugins/com.st.stm32cube.ide.mcu.externaltools.gnu-tools-for-stm32.11.3.rel1.win32_1.1.100.202309141235/tools/bin/../lib/gcc/arm-none-eabi/11.3.1/thumb/v7-m/nofp/crtbegin.o
                                         0x44 (size before relaxing)
 .comment       0x0000000000000043       0x44 ./Core/Src/gpio.o
 .comment       0x0000000000000043       0x44 ./Core/Src/main.o
 .comment       0x0000000000000043       0x44 ./Core/Src/stm32f1xx_hal_msp.o
 .comment       0x0000000000000043       0x44 ./Core/Src/stm32f1xx_it.o
 .comment       0x0000000000000043       0x44 ./Core/Src/syscalls.o
 .comment       0x0000000000000043       0x44 ./Core/Src/sysmem.o
 .comment       0x0000000000000043       0x44 ./Core/Src/system_stm32f1xx.o
 .comment       0x0000000000000043       0x44 ./Core/Src/tim.o
 .comment       0x0000000000000043       0x44 ./Core/Src/usart.o
 .comment       0x0000000000000043       0x44 ./libraries/Drivers/STM32F1xx_HAL_Driver/Src/stm32f1xx_hal.o
 .comment       0x0000000000000043       0x44 ./libraries/Drivers/STM32F1xx_HAL_Driver/Src/stm32f1xx_hal_cortex.o
 .comment       0x0000000000000043       0x44 ./libraries/Drivers/STM32F1xx_HAL_Driver/Src/stm32f1xx_hal_dma.o
 .comment       0x0000000000000043       0x44 ./libraries/Drivers/STM32F1xx_HAL_Driver/Src/stm32f1xx_hal_gpio.o
 .comment       0x0000000000000043       0x44 ./libraries/Drivers/STM32F1xx_HAL_Driver/Src/stm32f1xx_hal_rcc.o
 .comment       0x0000000000000043       0x44 ./libraries/Drivers/STM32F1xx_HAL_Driver/Src/stm32f1xx_hal_tim.o
 .comment       0x0000000000000043       0x44 ./libraries/Drivers/STM32F1xx_HAL_Driver/Src/stm32f1xx_hal_tim_ex.o
 .comment       0x0000000000000043       0x44 ./libraries/Drivers/STM32F1xx_HAL_Driver/Src/stm32f1xx_hal_uart.o

.debug_info     0x0000000000000000     0xc4eb
 .debug_info    0x0000000000000000      0x2b7 ./Core/Src/gpio.o
 .debug_info    0x00000000000002b7      0x366 ./Core/Src/main.o
 .debug_info    0x000000000000061d      0x204 ./Core/Src/stm32f1xx_hal_msp.o
 .debug_info    0x0000000000000821      0x94c ./Core/Src/stm32f1xx_it.o
 .debug_info    0x000000000000116d      0x6a3 ./Core/Src/syscalls.o
 .debug_info    0x0000000000001810      0x168 ./Core/Src/sysmem.o
 .debug_info    0x0000000000001978      0x222 ./Core/Src/system_stm32f1xx.o
 .debug_info    0x0000000000001b9a      0xa81 ./Core/Src/tim.o
 .debug_info    0x000000000000261b      0xa86 ./Core/Src/usart.o
 .debug_info    0x00000000000030a1       0x23 ./Core/Startup/startup_stm32f103vetx.o
 .debug_info    0x00000000000030c4      0x76a ./libraries/Drivers/STM32F1xx_HAL_Driver/Src/stm32f1xx_hal.o
 .debug_info    0x000000000000382e      0xaed ./libraries/Drivers/STM32F1xx_HAL_Driver/Src/stm32f1xx_hal_cortex.o
 .debug_info    0x000000000000431b      0x6d2 ./libraries/Drivers/STM32F1xx_HAL_Driver/Src/stm32f1xx_hal_dma.o
 .debug_info    0x00000000000049ed      0x5ab ./libraries/Drivers/STM32F1xx_HAL_Driver/Src/stm32f1xx_hal_gpio.o
 .debug_info    0x0000000000004f98      0x7d5 ./libraries/Drivers/STM32F1xx_HAL_Driver/Src/stm32f1xx_hal_rcc.o
 .debug_info    0x000000000000576d     0x293b ./libraries/Drivers/STM32F1xx_HAL_Driver/Src/stm32f1xx_hal_tim.o
 .debug_info    0x00000000000080a8     0x149b ./libraries/Drivers/STM32F1xx_HAL_Driver/Src/stm32f1xx_hal_tim_ex.o
 .debug_info    0x0000000000009543     0x2fa8 ./libraries/Drivers/STM32F1xx_HAL_Driver/Src/stm32f1xx_hal_uart.o

.debug_abbrev   0x0000000000000000     0x2162
 .debug_abbrev  0x0000000000000000      0x13f ./Core/Src/gpio.o
 .debug_abbrev  0x000000000000013f      0x1f2 ./Core/Src/main.o
 .debug_abbrev  0x0000000000000331       0xf7 ./Core/Src/stm32f1xx_hal_msp.o
 .debug_abbrev  0x0000000000000428      0x19b ./Core/Src/stm32f1xx_it.o
 .debug_abbrev  0x00000000000005c3      0x1b6 ./Core/Src/syscalls.o
 .debug_abbrev  0x0000000000000779       0xbc ./Core/Src/sysmem.o
 .debug_abbrev  0x0000000000000835      0x13f ./Core/Src/system_stm32f1xx.o
 .debug_abbrev  0x0000000000000974      0x223 ./Core/Src/tim.o
 .debug_abbrev  0x0000000000000b97      0x247 ./Core/Src/usart.o
 .debug_abbrev  0x0000000000000dde       0x12 ./Core/Startup/startup_stm32f103vetx.o
 .debug_abbrev  0x0000000000000df0      0x201 ./libraries/Drivers/STM32F1xx_HAL_Driver/Src/stm32f1xx_hal.o
 .debug_abbrev  0x0000000000000ff1      0x2f8 ./libraries/Drivers/STM32F1xx_HAL_Driver/Src/stm32f1xx_hal_cortex.o
 .debug_abbrev  0x00000000000012e9      0x20b ./libraries/Drivers/STM32F1xx_HAL_Driver/Src/stm32f1xx_hal_dma.o
 .debug_abbrev  0x00000000000014f4      0x1ca ./libraries/Drivers/STM32F1xx_HAL_Driver/Src/stm32f1xx_hal_gpio.o
 .debug_abbrev  0x00000000000016be      0x2b3 ./libraries/Drivers/STM32F1xx_HAL_Driver/Src/stm32f1xx_hal_rcc.o
 .debug_abbrev  0x0000000000001971      0x277 ./libraries/Drivers/STM32F1xx_HAL_Driver/Src/stm32f1xx_hal_tim.o
 .debug_abbrev  0x0000000000001be8      0x282 ./libraries/Drivers/STM32F1xx_HAL_Driver/Src/stm32f1xx_hal_tim_ex.o
 .debug_abbrev  0x0000000000001e6a      0x2f8 ./libraries/Drivers/STM32F1xx_HAL_Driver/Src/stm32f1xx_hal_uart.o

.debug_aranges  0x0000000000000000      0xd00
 .debug_aranges
                0x0000000000000000       0x20 ./Core/Src/gpio.o
 .debug_aranges
                0x0000000000000020       0x38 ./Core/Src/main.o
 .debug_aranges
                0x0000000000000058       0x20 ./Core/Src/stm32f1xx_hal_msp.o
 .debug_aranges
                0x0000000000000078       0x70 ./Core/Src/stm32f1xx_it.o
 .debug_aranges
                0x00000000000000e8       0xa8 ./Core/Src/syscalls.o
 .debug_aranges
                0x0000000000000190       0x20 ./Core/Src/sysmem.o
 .debug_aranges
                0x00000000000001b0       0x28 ./Core/Src/system_stm32f1xx.o
 .debug_aranges
                0x00000000000001d8       0x38 ./Core/Src/tim.o
 .debug_aranges
                0x0000000000000210       0x40 ./Core/Src/usart.o
 .debug_aranges
                0x0000000000000250       0x28 ./Core/Startup/startup_stm32f103vetx.o
 .debug_aranges
                0x0000000000000278       0xe0 ./libraries/Drivers/STM32F1xx_HAL_Driver/Src/stm32f1xx_hal.o
 .debug_aranges
                0x0000000000000358      0x100 ./libraries/Drivers/STM32F1xx_HAL_Driver/Src/stm32f1xx_hal_cortex.o
 .debug_aranges
                0x0000000000000458       0x80 ./libraries/Drivers/STM32F1xx_HAL_Driver/Src/stm32f1xx_hal_dma.o
 .debug_aranges
                0x00000000000004d8       0x58 ./libraries/Drivers/STM32F1xx_HAL_Driver/Src/stm32f1xx_hal_gpio.o
 .debug_aranges
                0x0000000000000530       0x90 ./libraries/Drivers/STM32F1xx_HAL_Driver/Src/stm32f1xx_hal_rcc.o
 .debug_aranges
                0x00000000000005c0      0x3d0 ./libraries/Drivers/STM32F1xx_HAL_Driver/Src/stm32f1xx_hal_tim.o
 .debug_aranges
                0x0000000000000990      0x168 ./libraries/Drivers/STM32F1xx_HAL_Driver/Src/stm32f1xx_hal_tim_ex.o
 .debug_aranges
                0x0000000000000af8      0x208 ./libraries/Drivers/STM32F1xx_HAL_Driver/Src/stm32f1xx_hal_uart.o

.debug_rnglists
                0x0000000000000000      0xa15
 .debug_rnglists
                0x0000000000000000       0x14 ./Core/Src/gpio.o
 .debug_rnglists
                0x0000000000000014       0x26 ./Core/Src/main.o
 .debug_rnglists
                0x000000000000003a       0x13 ./Core/Src/stm32f1xx_hal_msp.o
 .debug_rnglists
                0x000000000000004d       0x4f ./Core/Src/stm32f1xx_it.o
 .debug_rnglists
                0x000000000000009c       0x79 ./Core/Src/syscalls.o
 .debug_rnglists
                0x0000000000000115       0x13 ./Core/Src/sysmem.o
 .debug_rnglists
                0x0000000000000128       0x1a ./Core/Src/system_stm32f1xx.o
 .debug_rnglists
                0x0000000000000142       0x25 ./Core/Src/tim.o
 .debug_rnglists
                0x0000000000000167       0x2d ./Core/Src/usart.o
 .debug_rnglists
                0x0000000000000194       0x19 ./Core/Startup/startup_stm32f103vetx.o
 .debug_rnglists
                0x00000000000001ad       0xa3 ./libraries/Drivers/STM32F1xx_HAL_Driver/Src/stm32f1xx_hal.o
 .debug_rnglists
                0x0000000000000250       0xbb ./libraries/Drivers/STM32F1xx_HAL_Driver/Src/stm32f1xx_hal_cortex.o
 .debug_rnglists
                0x000000000000030b       0x64 ./libraries/Drivers/STM32F1xx_HAL_Driver/Src/stm32f1xx_hal_dma.o
 .debug_rnglists
                0x000000000000036f       0x3f ./libraries/Drivers/STM32F1xx_HAL_Driver/Src/stm32f1xx_hal_gpio.o
 .debug_rnglists
                0x00000000000003ae       0x6c ./libraries/Drivers/STM32F1xx_HAL_Driver/Src/stm32f1xx_hal_rcc.o
 .debug_rnglists
                0x000000000000041a      0x31a ./libraries/Drivers/STM32F1xx_HAL_Driver/Src/stm32f1xx_hal_tim.o
 .debug_rnglists
                0x0000000000000734      0x125 ./libraries/Drivers/STM32F1xx_HAL_Driver/Src/stm32f1xx_hal_tim_ex.o
 .debug_rnglists
                0x0000000000000859      0x1bc ./libraries/Drivers/STM32F1xx_HAL_Driver/Src/stm32f1xx_hal_uart.o

.debug_macro    0x0000000000000000     0x3547
 .debug_macro   0x0000000000000000      0x1bc ./Core/Src/gpio.o
 .debug_macro   0x00000000000001bc      0x2c3 ./Core/Src/main.o
 .debug_macro   0x000000000000047f       0x61 ./Core/Src/main.o
 .debug_macro   0x00000000000004e0       0x24 ./Core/Src/main.o
 .debug_macro   0x0000000000000504       0x43 ./Core/Src/main.o
 .debug_macro   0x0000000000000547       0x34 ./Core/Src/main.o
 .debug_macro   0x000000000000057b       0x16 ./Core/Src/main.o
 .debug_macro   0x0000000000000591       0x35 ./Core/Src/main.o
 .debug_macro   0x00000000000005c6      0x369 ./Core/Src/main.o
 .debug_macro   0x000000000000092f       0x10 ./Core/Src/main.o
 .debug_macro   0x000000000000093f       0x16 ./Core/Src/main.o
 .debug_macro   0x0000000000000955       0x43 ./Core/Src/main.o
 .debug_macro   0x0000000000000998       0x34 ./Core/Src/main.o
 .debug_macro   0x00000000000009cc       0x10 ./Core/Src/main.o
 .debug_macro   0x00000000000009dc       0x58 ./Core/Src/main.o
 .debug_macro   0x0000000000000a34       0x8e ./Core/Src/main.o
 .debug_macro   0x0000000000000ac2       0x1c ./Core/Src/main.o
 .debug_macro   0x0000000000000ade      0x177 ./Core/Src/main.o
 .debug_macro   0x0000000000000c55       0x16 ./Core/Src/main.o
 .debug_macro   0x0000000000000c6b       0x16 ./Core/Src/main.o
 .debug_macro   0x0000000000000c81      0x147 ./Core/Src/main.o
 .debug_macro   0x0000000000000dc8       0x10 ./Core/Src/main.o
 .debug_macro   0x0000000000000dd8       0x22 ./Core/Src/main.o
 .debug_macro   0x0000000000000dfa       0x22 ./Core/Src/main.o
 .debug_macro   0x0000000000000e1c      0x1b2 ./Core/Src/stm32f1xx_hal_msp.o
 .debug_macro   0x0000000000000fce      0x1bc ./Core/Src/stm32f1xx_it.o
 .debug_macro   0x000000000000118a      0x274 ./Core/Src/syscalls.o
 .debug_macro   0x00000000000013fe       0x5b ./Core/Src/syscalls.o
 .debug_macro   0x0000000000001459       0x94 ./Core/Src/syscalls.o
 .debug_macro   0x00000000000014ed       0x57 ./Core/Src/syscalls.o
 .debug_macro   0x0000000000001544       0x10 ./Core/Src/syscalls.o
 .debug_macro   0x0000000000001554       0x10 ./Core/Src/syscalls.o
 .debug_macro   0x0000000000001564       0x10 ./Core/Src/syscalls.o
 .debug_macro   0x0000000000001574       0x10 ./Core/Src/syscalls.o
 .debug_macro   0x0000000000001584       0x1c ./Core/Src/syscalls.o
 .debug_macro   0x00000000000015a0       0x52 ./Core/Src/syscalls.o
 .debug_macro   0x00000000000015f2       0x22 ./Core/Src/syscalls.o
 .debug_macro   0x0000000000001614       0x10 ./Core/Src/syscalls.o
 .debug_macro   0x0000000000001624       0x52 ./Core/Src/syscalls.o
 .debug_macro   0x0000000000001676       0xcf ./Core/Src/syscalls.o
 .debug_macro   0x0000000000001745       0x1c ./Core/Src/syscalls.o
 .debug_macro   0x0000000000001761       0x3d ./Core/Src/syscalls.o
 .debug_macro   0x000000000000179e       0x35 ./Core/Src/syscalls.o
 .debug_macro   0x00000000000017d3      0x12c ./Core/Src/syscalls.o
 .debug_macro   0x00000000000018ff       0x16 ./Core/Src/syscalls.o
 .debug_macro   0x0000000000001915       0x16 ./Core/Src/syscalls.o
 .debug_macro   0x000000000000192b       0x29 ./Core/Src/syscalls.o
 .debug_macro   0x0000000000001954       0x10 ./Core/Src/syscalls.o
 .debug_macro   0x0000000000001964      0x242 ./Core/Src/syscalls.o
 .debug_macro   0x0000000000001ba6       0x1c ./Core/Src/syscalls.o
 .debug_macro   0x0000000000001bc2       0x10 ./Core/Src/syscalls.o
 .debug_macro   0x0000000000001bd2      0x18a ./Core/Src/syscalls.o
 .debug_macro   0x0000000000001d5c       0x16 ./Core/Src/syscalls.o
 .debug_macro   0x0000000000001d72       0xce ./Core/Src/syscalls.o
 .debug_macro   0x0000000000001e40       0xff ./Core/Src/sysmem.o
 .debug_macro   0x0000000000001f3f      0x23c ./Core/Src/sysmem.o
 .debug_macro   0x000000000000217b      0x1a3 ./Core/Src/system_stm32f1xx.o
 .debug_macro   0x000000000000231e      0x1cf ./Core/Src/tim.o
 .debug_macro   0x00000000000024ed      0x29f ./Core/Src/usart.o
 .debug_macro   0x000000000000278c      0x1c7 ./libraries/Drivers/STM32F1xx_HAL_Driver/Src/stm32f1xx_hal.o
 .debug_macro   0x0000000000002953      0x1a3 ./libraries/Drivers/STM32F1xx_HAL_Driver/Src/stm32f1xx_hal_cortex.o
 .debug_macro   0x0000000000002af6      0x1a3 ./libraries/Drivers/STM32F1xx_HAL_Driver/Src/stm32f1xx_hal_dma.o
 .debug_macro   0x0000000000002c99      0x20e ./libraries/Drivers/STM32F1xx_HAL_Driver/Src/stm32f1xx_hal_gpio.o
 .debug_macro   0x0000000000002ea7      0x1b5 ./libraries/Drivers/STM32F1xx_HAL_Driver/Src/stm32f1xx_hal_rcc.o
 .debug_macro   0x000000000000305c      0x1a4 ./libraries/Drivers/STM32F1xx_HAL_Driver/Src/stm32f1xx_hal_tim.o
 .debug_macro   0x0000000000003200      0x1a3 ./libraries/Drivers/STM32F1xx_HAL_Driver/Src/stm32f1xx_hal_tim_ex.o
 .debug_macro   0x00000000000033a3      0x1a4 ./libraries/Drivers/STM32F1xx_HAL_Driver/Src/stm32f1xx_hal_uart.o

.debug_line     0x0000000000000000    0x109b0
 .debug_line    0x0000000000000000      0x759 ./Core/Src/gpio.o
 .debug_line    0x0000000000000759      0xa86 ./Core/Src/main.o
 .debug_line    0x00000000000011df      0x743 ./Core/Src/stm32f1xx_hal_msp.o
 .debug_line    0x0000000000001922      0x833 ./Core/Src/stm32f1xx_it.o
 .debug_line    0x0000000000002155      0xa61 ./Core/Src/syscalls.o
 .debug_line    0x0000000000002bb6      0x678 ./Core/Src/sysmem.o
 .debug_line    0x000000000000322e      0x7bf ./Core/Src/system_stm32f1xx.o
 .debug_line    0x00000000000039ed      0x7df ./Core/Src/tim.o
 .debug_line    0x00000000000041cc      0xa6f ./Core/Src/usart.o
 .debug_line    0x0000000000004c3b       0x79 ./Core/Startup/startup_stm32f103vetx.o
 .debug_line    0x0000000000004cb4      0xa24 ./libraries/Drivers/STM32F1xx_HAL_Driver/Src/stm32f1xx_hal.o
 .debug_line    0x00000000000056d8      0xc0c ./libraries/Drivers/STM32F1xx_HAL_Driver/Src/stm32f1xx_hal_cortex.o
 .debug_line    0x00000000000062e4     0x134f ./libraries/Drivers/STM32F1xx_HAL_Driver/Src/stm32f1xx_hal_dma.o
 .debug_line    0x0000000000007633      0xae5 ./libraries/Drivers/STM32F1xx_HAL_Driver/Src/stm32f1xx_hal_gpio.o
 .debug_line    0x0000000000008118      0xe2d ./libraries/Drivers/STM32F1xx_HAL_Driver/Src/stm32f1xx_hal_rcc.o
 .debug_line    0x0000000000008f45     0x3730 ./libraries/Drivers/STM32F1xx_HAL_Driver/Src/stm32f1xx_hal_tim.o
 .debug_line    0x000000000000c675     0x19e9 ./libraries/Drivers/STM32F1xx_HAL_Driver/Src/stm32f1xx_hal_tim_ex.o
 .debug_line    0x000000000000e05e     0x2952 ./libraries/Drivers/STM32F1xx_HAL_Driver/Src/stm32f1xx_hal_uart.o

.debug_str      0x0000000000000000    0x9a809
 .debug_str     0x0000000000000000    0x9164d ./Core/Src/gpio.o
                                      0x91a4a (size before relaxing)
 .debug_str     0x000000000009164d     0x3bab ./Core/Src/main.o
                                      0x95533 (size before relaxing)
 .debug_str     0x00000000000951f8       0x77 ./Core/Src/stm32f1xx_hal_msp.o
                                      0x919ef (size before relaxing)
 .debug_str     0x000000000009526f      0x707 ./Core/Src/stm32f1xx_it.o
                                      0x92128 (size before relaxing)
 .debug_str     0x0000000000095976     0x20e8 ./Core/Src/syscalls.o
                                       0x985b (size before relaxing)
 .debug_str     0x0000000000097a5e       0x6b ./Core/Src/sysmem.o
                                       0x6012 (size before relaxing)
 .debug_str     0x0000000000097ac9       0x7e ./Core/Src/system_stm32f1xx.o
                                      0x91956 (size before relaxing)
 .debug_str     0x0000000000097b47      0x44a ./Core/Src/tim.o
                                      0x9259f (size before relaxing)
 .debug_str     0x0000000000097f91       0xfa ./Core/Src/usart.o
                                      0x95a75 (size before relaxing)
 .debug_str     0x000000000009808b       0x34 ./Core/Startup/startup_stm32f103vetx.o
                                         0x7c (size before relaxing)
 .debug_str     0x00000000000980bf      0x39a ./libraries/Drivers/STM32F1xx_HAL_Driver/Src/stm32f1xx_hal.o
                                      0x921a5 (size before relaxing)
 .debug_str     0x0000000000098459      0x2cc ./libraries/Drivers/STM32F1xx_HAL_Driver/Src/stm32f1xx_hal_cortex.o
                                      0x920f1 (size before relaxing)
 .debug_str     0x0000000000098725      0x26d ./libraries/Drivers/STM32F1xx_HAL_Driver/Src/stm32f1xx_hal_dma.o
                                      0x91d37 (size before relaxing)
 .debug_str     0x0000000000098992      0x306 ./libraries/Drivers/STM32F1xx_HAL_Driver/Src/stm32f1xx_hal_gpio.o
                                      0x91d14 (size before relaxing)
 .debug_str     0x0000000000098c98      0x261 ./libraries/Drivers/STM32F1xx_HAL_Driver/Src/stm32f1xx_hal_rcc.o
                                      0x91dbd (size before relaxing)
 .debug_str     0x0000000000098ef9      0xe48 ./libraries/Drivers/STM32F1xx_HAL_Driver/Src/stm32f1xx_hal_tim.o
                                      0x92daf (size before relaxing)
 .debug_str     0x0000000000099d41      0x4cb ./libraries/Drivers/STM32F1xx_HAL_Driver/Src/stm32f1xx_hal_tim_ex.o
                                      0x925cb (size before relaxing)
 .debug_str     0x000000000009a20c      0x5fd ./libraries/Drivers/STM32F1xx_HAL_Driver/Src/stm32f1xx_hal_uart.o
                                      0x9242e (size before relaxing)

.debug_frame    0x0000000000000000     0x3bc8
 .debug_frame   0x0000000000000000       0x34 ./Core/Src/gpio.o
 .debug_frame   0x0000000000000034       0x84 ./Core/Src/main.o
 .debug_frame   0x00000000000000b8       0x34 ./Core/Src/stm32f1xx_hal_msp.o
 .debug_frame   0x00000000000000ec      0x13c ./Core/Src/stm32f1xx_it.o
 .debug_frame   0x0000000000000228      0x2ac ./Core/Src/syscalls.o
 .debug_frame   0x00000000000004d4       0x34 ./Core/Src/sysmem.o
 .debug_frame   0x0000000000000508       0x58 ./Core/Src/system_stm32f1xx.o
 .debug_frame   0x0000000000000560       0xa0 ./Core/Src/tim.o
 .debug_frame   0x0000000000000600       0xbc ./Core/Src/usart.o
 .debug_frame   0x00000000000006bc      0x334 ./libraries/Drivers/STM32F1xx_HAL_Driver/Src/stm32f1xx_hal.o
 .debug_frame   0x00000000000009f0      0x428 ./libraries/Drivers/STM32F1xx_HAL_Driver/Src/stm32f1xx_hal_cortex.o
 .debug_frame   0x0000000000000e18      0x20c ./libraries/Drivers/STM32F1xx_HAL_Driver/Src/stm32f1xx_hal_dma.o
 .debug_frame   0x0000000000001024      0x14c ./libraries/Drivers/STM32F1xx_HAL_Driver/Src/stm32f1xx_hal_gpio.o
 .debug_frame   0x0000000000001170      0x218 ./libraries/Drivers/STM32F1xx_HAL_Driver/Src/stm32f1xx_hal_rcc.o
 .debug_frame   0x0000000000001388     0x11bc ./libraries/Drivers/STM32F1xx_HAL_Driver/Src/stm32f1xx_hal_tim.o
 .debug_frame   0x0000000000002544      0x638 ./libraries/Drivers/STM32F1xx_HAL_Driver/Src/stm32f1xx_hal_tim_ex.o
 .debug_frame   0x0000000000002b7c      0x944 ./libraries/Drivers/STM32F1xx_HAL_Driver/Src/stm32f1xx_hal_uart.o
 .debug_frame   0x00000000000034c0      0x144 F:/CubeIDE1.14.1/STM32CubeIDE_1.14.1/STM32CubeIDE/plugins/com.st.stm32cube.ide.mcu.externaltools.gnu-tools-for-stm32.11.3.rel1.win32_1.1.100.202309141235/tools/bin/../lib/gcc/arm-none-eabi/11.3.1/../../../../arm-none-eabi/lib/thumb/v7-m/nofp\libc_nano.a(libc_a-findfp.o)
 .debug_frame   0x0000000000003604       0x34 F:/CubeIDE1.14.1/STM32CubeIDE_1.14.1/STM32CubeIDE/plugins/com.st.stm32cube.ide.mcu.externaltools.gnu-tools-for-stm32.11.3.rel1.win32_1.1.100.202309141235/tools/bin/../lib/gcc/arm-none-eabi/11.3.1/../../../../arm-none-eabi/lib/thumb/v7-m/nofp\libc_nano.a(libc_a-fwalk.o)
 .debug_frame   0x0000000000003638       0x30 F:/CubeIDE1.14.1/STM32CubeIDE_1.14.1/STM32CubeIDE/plugins/com.st.stm32cube.ide.mcu.externaltools.gnu-tools-for-stm32.11.3.rel1.win32_1.1.100.202309141235/tools/bin/../lib/gcc/arm-none-eabi/11.3.1/../../../../arm-none-eabi/lib/thumb/v7-m/nofp\libc_nano.a(libc_a-putchar.o)
 .debug_frame   0x0000000000003668       0x3c F:/CubeIDE1.14.1/STM32CubeIDE_1.14.1/STM32CubeIDE/plugins/com.st.stm32cube.ide.mcu.externaltools.gnu-tools-for-stm32.11.3.rel1.win32_1.1.100.202309141235/tools/bin/../lib/gcc/arm-none-eabi/11.3.1/../../../../arm-none-eabi/lib/thumb/v7-m/nofp\libc_nano.a(libc_a-puts.o)
 .debug_frame   0x00000000000036a4       0x88 F:/CubeIDE1.14.1/STM32CubeIDE_1.14.1/STM32CubeIDE/plugins/com.st.stm32cube.ide.mcu.externaltools.gnu-tools-for-stm32.11.3.rel1.win32_1.1.100.202309141235/tools/bin/../lib/gcc/arm-none-eabi/11.3.1/../../../../arm-none-eabi/lib/thumb/v7-m/nofp\libc_nano.a(libc_a-stdio.o)
 .debug_frame   0x000000000000372c       0x40 F:/CubeIDE1.14.1/STM32CubeIDE_1.14.1/STM32CubeIDE/plugins/com.st.stm32cube.ide.mcu.externaltools.gnu-tools-for-stm32.11.3.rel1.win32_1.1.100.202309141235/tools/bin/../lib/gcc/arm-none-eabi/11.3.1/../../../../arm-none-eabi/lib/thumb/v7-m/nofp\libc_nano.a(libc_a-wbuf.o)
 .debug_frame   0x000000000000376c       0x2c F:/CubeIDE1.14.1/STM32CubeIDE_1.14.1/STM32CubeIDE/plugins/com.st.stm32cube.ide.mcu.externaltools.gnu-tools-for-stm32.11.3.rel1.win32_1.1.100.202309141235/tools/bin/../lib/gcc/arm-none-eabi/11.3.1/../../../../arm-none-eabi/lib/thumb/v7-m/nofp\libc_nano.a(libc_a-wsetup.o)
 .debug_frame   0x0000000000003798       0x20 F:/CubeIDE1.14.1/STM32CubeIDE_1.14.1/STM32CubeIDE/plugins/com.st.stm32cube.ide.mcu.externaltools.gnu-tools-for-stm32.11.3.rel1.win32_1.1.100.202309141235/tools/bin/../lib/gcc/arm-none-eabi/11.3.1/../../../../arm-none-eabi/lib/thumb/v7-m/nofp\libc_nano.a(libc_a-memset.o)
 .debug_frame   0x00000000000037b8       0x2c F:/CubeIDE1.14.1/STM32CubeIDE_1.14.1/STM32CubeIDE/plugins/com.st.stm32cube.ide.mcu.externaltools.gnu-tools-for-stm32.11.3.rel1.win32_1.1.100.202309141235/tools/bin/../lib/gcc/arm-none-eabi/11.3.1/../../../../arm-none-eabi/lib/thumb/v7-m/nofp\libc_nano.a(libc_a-closer.o)
 .debug_frame   0x00000000000037e4       0x38 F:/CubeIDE1.14.1/STM32CubeIDE_1.14.1/STM32CubeIDE/plugins/com.st.stm32cube.ide.mcu.externaltools.gnu-tools-for-stm32.11.3.rel1.win32_1.1.100.202309141235/tools/bin/../lib/gcc/arm-none-eabi/11.3.1/../../../../arm-none-eabi/lib/thumb/v7-m/nofp\libc_nano.a(libc_a-reent.o)
 .debug_frame   0x000000000000381c       0x2c F:/CubeIDE1.14.1/STM32CubeIDE_1.14.1/STM32CubeIDE/plugins/com.st.stm32cube.ide.mcu.externaltools.gnu-tools-for-stm32.11.3.rel1.win32_1.1.100.202309141235/tools/bin/../lib/gcc/arm-none-eabi/11.3.1/../../../../arm-none-eabi/lib/thumb/v7-m/nofp\libc_nano.a(libc_a-lseekr.o)
 .debug_frame   0x0000000000003848       0x2c F:/CubeIDE1.14.1/STM32CubeIDE_1.14.1/STM32CubeIDE/plugins/com.st.stm32cube.ide.mcu.externaltools.gnu-tools-for-stm32.11.3.rel1.win32_1.1.100.202309141235/tools/bin/../lib/gcc/arm-none-eabi/11.3.1/../../../../arm-none-eabi/lib/thumb/v7-m/nofp\libc_nano.a(libc_a-readr.o)
 .debug_frame   0x0000000000003874       0x2c F:/CubeIDE1.14.1/STM32CubeIDE_1.14.1/STM32CubeIDE/plugins/com.st.stm32cube.ide.mcu.externaltools.gnu-tools-for-stm32.11.3.rel1.win32_1.1.100.202309141235/tools/bin/../lib/gcc/arm-none-eabi/11.3.1/../../../../arm-none-eabi/lib/thumb/v7-m/nofp\libc_nano.a(libc_a-writer.o)
 .debug_frame   0x00000000000038a0       0x20 F:/CubeIDE1.14.1/STM32CubeIDE_1.14.1/STM32CubeIDE/plugins/com.st.stm32cube.ide.mcu.externaltools.gnu-tools-for-stm32.11.3.rel1.win32_1.1.100.202309141235/tools/bin/../lib/gcc/arm-none-eabi/11.3.1/../../../../arm-none-eabi/lib/thumb/v7-m/nofp\libc_nano.a(libc_a-errno.o)
 .debug_frame   0x00000000000038c0       0x2c F:/CubeIDE1.14.1/STM32CubeIDE_1.14.1/STM32CubeIDE/plugins/com.st.stm32cube.ide.mcu.externaltools.gnu-tools-for-stm32.11.3.rel1.win32_1.1.100.202309141235/tools/bin/../lib/gcc/arm-none-eabi/11.3.1/../../../../arm-none-eabi/lib/thumb/v7-m/nofp\libc_nano.a(libc_a-init.o)
 .debug_frame   0x00000000000038ec       0xb0 F:/CubeIDE1.14.1/STM32CubeIDE_1.14.1/STM32CubeIDE/plugins/com.st.stm32cube.ide.mcu.externaltools.gnu-tools-for-stm32.11.3.rel1.win32_1.1.100.202309141235/tools/bin/../lib/gcc/arm-none-eabi/11.3.1/../../../../arm-none-eabi/lib/thumb/v7-m/nofp\libc_nano.a(libc_a-lock.o)
 .debug_frame   0x000000000000399c       0x38 F:/CubeIDE1.14.1/STM32CubeIDE_1.14.1/STM32CubeIDE/plugins/com.st.stm32cube.ide.mcu.externaltools.gnu-tools-for-stm32.11.3.rel1.win32_1.1.100.202309141235/tools/bin/../lib/gcc/arm-none-eabi/11.3.1/../../../../arm-none-eabi/lib/thumb/v7-m/nofp\libc_nano.a(libc_a-freer.o)
 .debug_frame   0x00000000000039d4       0x50 F:/CubeIDE1.14.1/STM32CubeIDE_1.14.1/STM32CubeIDE/plugins/com.st.stm32cube.ide.mcu.externaltools.gnu-tools-for-stm32.11.3.rel1.win32_1.1.100.202309141235/tools/bin/../lib/gcc/arm-none-eabi/11.3.1/../../../../arm-none-eabi/lib/thumb/v7-m/nofp\libc_nano.a(libc_a-mallocr.o)
 .debug_frame   0x0000000000003a24       0x30 F:/CubeIDE1.14.1/STM32CubeIDE_1.14.1/STM32CubeIDE/plugins/com.st.stm32cube.ide.mcu.externaltools.gnu-tools-for-stm32.11.3.rel1.win32_1.1.100.202309141235/tools/bin/../lib/gcc/arm-none-eabi/11.3.1/../../../../arm-none-eabi/lib/thumb/v7-m/nofp\libc_nano.a(libc_a-mlock.o)
 .debug_frame   0x0000000000003a54       0x5c F:/CubeIDE1.14.1/STM32CubeIDE_1.14.1/STM32CubeIDE/plugins/com.st.stm32cube.ide.mcu.externaltools.gnu-tools-for-stm32.11.3.rel1.win32_1.1.100.202309141235/tools/bin/../lib/gcc/arm-none-eabi/11.3.1/../../../../arm-none-eabi/lib/thumb/v7-m/nofp\libc_nano.a(libc_a-fflush.o)
 .debug_frame   0x0000000000003ab0       0x58 F:/CubeIDE1.14.1/STM32CubeIDE_1.14.1/STM32CubeIDE/plugins/com.st.stm32cube.ide.mcu.externaltools.gnu-tools-for-stm32.11.3.rel1.win32_1.1.100.202309141235/tools/bin/../lib/gcc/arm-none-eabi/11.3.1/../../../../arm-none-eabi/lib/thumb/v7-m/nofp\libc_nano.a(libc_a-makebuf.o)
 .debug_frame   0x0000000000003b08       0x3c F:/CubeIDE1.14.1/STM32CubeIDE_1.14.1/STM32CubeIDE/plugins/com.st.stm32cube.ide.mcu.externaltools.gnu-tools-for-stm32.11.3.rel1.win32_1.1.100.202309141235/tools/bin/../lib/gcc/arm-none-eabi/11.3.1/../../../../arm-none-eabi/lib/thumb/v7-m/nofp\libc_nano.a(libc_a-putc.o)
 .debug_frame   0x0000000000003b44       0x2c F:/CubeIDE1.14.1/STM32CubeIDE_1.14.1/STM32CubeIDE/plugins/com.st.stm32cube.ide.mcu.externaltools.gnu-tools-for-stm32.11.3.rel1.win32_1.1.100.202309141235/tools/bin/../lib/gcc/arm-none-eabi/11.3.1/../../../../arm-none-eabi/lib/thumb/v7-m/nofp\libc_nano.a(libc_a-fstatr.o)