Archive member included to satisfy reference by file (symbol)

F:/CubeIDE1.14.1/STM32CubeIDE_1.14.1/STM32CubeIDE/plugins/com.st.stm32cube.ide.mcu.externaltools.gnu-tools-for-stm32.11.3.rel1.win32_1.1.100.202309141235/tools/bin/../lib/gcc/arm-none-eabi/11.3.1/../../../../arm-none-eabi/lib/thumb/v7-m/nofp\libc_nano.a(libc_a-exit.o)
                              F:/CubeIDE1.14.1/STM32CubeIDE_1.14.1/STM32CubeIDE/plugins/com.st.stm32cube.ide.mcu.externaltools.gnu-tools-for-stm32.11.3.rel1.win32_1.1.100.202309141235/tools/bin/../lib/gcc/arm-none-eabi/11.3.1/../../../../arm-none-eabi/lib/thumb/v7-m/nofp/crt0.o (exit)
F:/CubeIDE1.14.1/STM32CubeIDE_1.14.1/STM32CubeIDE/plugins/com.st.stm32cube.ide.mcu.externaltools.gnu-tools-for-stm32.11.3.rel1.win32_1.1.100.202309141235/tools/bin/../lib/gcc/arm-none-eabi/11.3.1/../../../../arm-none-eabi/lib/thumb/v7-m/nofp\libc_nano.a(libc_a-findfp.o)
                              F:/CubeIDE1.14.1/STM32CubeIDE_1.14.1/STM32CubeIDE/plugins/com.st.stm32cube.ide.mcu.externaltools.gnu-tools-for-stm32.11.3.rel1.win32_1.1.100.202309141235/tools/bin/../lib/gcc/arm-none-eabi/11.3.1/../../../../arm-none-eabi/lib/thumb/v7-m/nofp\libc_nano.a(libc_a-exit.o) (__stdio_exit_handler)
F:/CubeIDE1.14.1/STM32CubeIDE_1.14.1/STM32CubeIDE/plugins/com.st.stm32cube.ide.mcu.externaltools.gnu-tools-for-stm32.11.3.rel1.win32_1.1.100.202309141235/tools/bin/../lib/gcc/arm-none-eabi/11.3.1/../../../../arm-none-eabi/lib/thumb/v7-m/nofp\libc_nano.a(libc_a-fwalk.o)
                              F:/CubeIDE1.14.1/STM32CubeIDE_1.14.1/STM32CubeIDE/plugins/com.st.stm32cube.ide.mcu.externaltools.gnu-tools-for-stm32.11.3.rel1.win32_1.1.100.202309141235/tools/bin/../lib/gcc/arm-none-eabi/11.3.1/../../../../arm-none-eabi/lib/thumb/v7-m/nofp\libc_nano.a(libc_a-findfp.o) (_fwalk_sglue)
F:/CubeIDE1.14.1/STM32CubeIDE_1.14.1/STM32CubeIDE/plugins/com.st.stm32cube.ide.mcu.externaltools.gnu-tools-for-stm32.11.3.rel1.win32_1.1.100.202309141235/tools/bin/../lib/gcc/arm-none-eabi/11.3.1/../../../../arm-none-eabi/lib/thumb/v7-m/nofp\libc_nano.a(libc_a-putchar.o)
                              ./Core/Src/main.o (putchar)
F:/CubeIDE1.14.1/STM32CubeIDE_1.14.1/STM32CubeIDE/plugins/com.st.stm32cube.ide.mcu.externaltools.gnu-tools-for-stm32.11.3.rel1.win32_1.1.100.202309141235/tools/bin/../lib/gcc/arm-none-eabi/11.3.1/../../../../arm-none-eabi/lib/thumb/v7-m/nofp\libc_nano.a(libc_a-puts.o)
                              ./Core/Src/main.o (puts)
F:/CubeIDE1.14.1/STM32CubeIDE_1.14.1/STM32CubeIDE/plugins/com.st.stm32cube.ide.mcu.externaltools.gnu-tools-for-stm32.11.3.rel1.win32_1.1.100.202309141235/tools/bin/../lib/gcc/arm-none-eabi/11.3.1/../../../../arm-none-eabi/lib/thumb/v7-m/nofp\libc_nano.a(libc_a-stdio.o)
                              F:/CubeIDE1.14.1/STM32CubeIDE_1.14.1/STM32CubeIDE/plugins/com.st.stm32cube.ide.mcu.externaltools.gnu-tools-for-stm32.11.3.rel1.win32_1.1.100.202309141235/tools/bin/../lib/gcc/arm-none-eabi/11.3.1/../../../../arm-none-eabi/lib/thumb/v7-m/nofp\libc_nano.a(libc_a-findfp.o) (__sread)
F:/CubeIDE1.14.1/STM32CubeIDE_1.14.1/STM32CubeIDE/plugins/com.st.stm32cube.ide.mcu.externaltools.gnu-tools-for-stm32.11.3.rel1.win32_1.1.100.202309141235/tools/bin/../lib/gcc/arm-none-eabi/11.3.1/../../../../arm-none-eabi/lib/thumb/v7-m/nofp\libc_nano.a(libc_a-wbuf.o)
                              F:/CubeIDE1.14.1/STM32CubeIDE_1.14.1/STM32CubeIDE/plugins/com.st.stm32cube.ide.mcu.externaltools.gnu-tools-for-stm32.11.3.rel1.win32_1.1.100.202309141235/tools/bin/../lib/gcc/arm-none-eabi/11.3.1/../../../../arm-none-eabi/lib/thumb/v7-m/nofp\libc_nano.a(libc_a-puts.o) (__swbuf_r)
F:/CubeIDE1.14.1/STM32CubeIDE_1.14.1/STM32CubeIDE/plugins/com.st.stm32cube.ide.mcu.externaltools.gnu-tools-for-stm32.11.3.rel1.win32_1.1.100.202309141235/tools/bin/../lib/gcc/arm-none-eabi/11.3.1/../../../../arm-none-eabi/lib/thumb/v7-m/nofp\libc_nano.a(libc_a-wsetup.o)
                              F:/CubeIDE1.14.1/STM32CubeIDE_1.14.1/STM32CubeIDE/plugins/com.st.stm32cube.ide.mcu.externaltools.gnu-tools-for-stm32.11.3.rel1.win32_1.1.100.202309141235/tools/bin/../lib/gcc/arm-none-eabi/11.3.1/../../../../arm-none-eabi/lib/thumb/v7-m/nofp\libc_nano.a(libc_a-puts.o) (__swsetup_r)
F:/CubeIDE1.14.1/STM32CubeIDE_1.14.1/STM32CubeIDE/plugins/com.st.stm32cube.ide.mcu.externaltools.gnu-tools-for-stm32.11.3.rel1.win32_1.1.100.202309141235/tools/bin/../lib/gcc/arm-none-eabi/11.3.1/../../../../arm-none-eabi/lib/thumb/v7-m/nofp\libc_nano.a(libc_a-memset.o)
                              F:/CubeIDE1.14.1/STM32CubeIDE_1.14.1/STM32CubeIDE/plugins/com.st.stm32cube.ide.mcu.externaltools.gnu-tools-for-stm32.11.3.rel1.win32_1.1.100.202309141235/tools/bin/../lib/gcc/arm-none-eabi/11.3.1/../../../../arm-none-eabi/lib/thumb/v7-m/nofp/crt0.o (memset)
[...]
Memory Configuration

Name             Origin             Length             Attributes
RAM              0x0000000020000000 0x0000000000010000 xrw
FLASH            0x0000000008000000 0x0000000000080000 xr
*default*        0x0000000000000000 0xffffffffffffffff

Linker script and memory map

LOAD F:/CubeIDE1.14.1/STM32CubeIDE_1.14.1/STM32CubeIDE/plugins/com.st.stm32cube.ide.mcu.externaltools.gnu-tools-for-stm32.11.3.rel1.win32_1.1.100.202309141235/tools/bin/../lib/gcc/arm-none-eabi/11.3.1/thumb/v7-m/nofp/crti.o
LOAD F:/CubeIDE1.14.1/STM32CubeIDE_1.14.1/STM32CubeIDE/plugins/com.st.stm32cube.ide.mcu.externaltools.gnu-tools-for-stm32.11.3.rel1.win32_1.1.100.202309141235/tools/bin/../lib/gcc/arm-none-eabi/11.3.1/thumb/v7-m/nofp/crtbegin.o
LOAD F:/CubeIDE1.14.1/STM32CubeIDE_1.14.1/STM32CubeIDE/plugins/com.st.stm32cube.ide.mcu.externaltools.gnu-tools-for-stm32.11.3.rel1.win32_1.1.100.202309141235/tools/bin/../lib/gcc/arm-none-eabi/11.3.1/../../../../arm-none-eabi/lib/thumb/v7-m/nofp/crt0.o
LOAD ./BSP/KEY/key.o
LOAD ./BSP/LED/led.o
LOAD ./Core/Src/gpio.o
LOAD ./Core/Src/iwdg.o
LOAD ./Core/Src/main.o
LOAD ./Core/Src/stm32f1xx_hal_msp.o
LOAD ./Core/Src/stm32f1xx_it.o
LOAD ./Core/Src/syscalls.o
LOAD ./Core/Src/sysmem.o
LOAD ./Core/Src/system_stm32f1xx.o
LOAD ./Core/Src/usart.o
LOAD ./Core/Startup/startup_stm32f103vetx.o
LOAD ./libraries/Drivers/STM32F1xx_HAL_Driver/Src/stm32f1xx_hal.o
LOAD ./libraries/Drivers/STM32F1xx_HAL_Driver/Src/stm32f1xx_hal_cortex.o
LOAD ./libraries/Drivers/STM32F1xx_HAL_Driver/Src/stm32f1xx_hal_dma.o
LOAD ./libraries/Drivers/STM32F1xx_HAL_Driver/Src/stm32f1xx_hal_exti.o
LOAD ./libraries/Drivers/STM32F1xx_HAL_Driver/Src/stm32f1xx_hal_flash.o
LOAD ./libraries/Drivers/STM32F1xx_HAL_Driver/Src/stm32f1xx_hal_flash_ex.o
LOAD ./libraries/Drivers/STM32F1xx_HAL_Driver/Src/stm32f1xx_hal_gpio.o
LOAD ./libraries/Drivers/STM32F1xx_HAL_Driver/Src/stm32f1xx_hal_gpio_ex.o
LOAD ./libraries/Drivers/STM32F1xx_HAL_Driver/Src/stm32f1xx_hal_iwdg.o
LOAD ./libraries/Drivers/STM32F1xx_HAL_Driver/Src/stm32f1xx_hal_pwr.o
LOAD ./libraries/Drivers/STM32F1xx_HAL_Driver/Src/stm32f1xx_hal_rcc.o
LOAD ./libraries/Drivers/STM32F1xx_HAL_Driver/Src/stm32f1xx_hal_rcc_ex.o
LOAD ./libraries/Drivers/STM32F1xx_HAL_Driver/Src/stm32f1xx_hal_tim.o
LOAD ./libraries/Drivers/STM32F1xx_HAL_Driver/Src/stm32f1xx_hal_tim_ex.o
LOAD ./libraries/Drivers/STM32F1xx_HAL_Driver/Src/stm32f1xx_hal_uart.o
START GROUP
LOAD F:/CubeIDE1.14.1/STM32CubeIDE_1.14.1/STM32CubeIDE/plugins/com.st.stm32cube.ide.mcu.externaltools.gnu-tools-for-stm32.11.3.rel1.win32_1.1.100.202309141235/tools/bin/../lib/gcc/arm-none-eabi/11.3.1/../../../../arm-none-eabi/lib/thumb/v7-m/nofp\libc_nano.a
LOAD F:/CubeIDE1.14.1/STM32CubeIDE_1.14.1/STM32CubeIDE/plugins/com.st.stm32cube.ide.mcu.externaltools.gnu-tools-for-stm32.11.3.rel1.win32_1.1.100.202309141235/tools/bin/../lib/gcc/arm-none-eabi/11.3.1/../../../../arm-none-eabi/lib/thumb/v7-m/nofp\libm.a
END GROUP
START GROUP
LOAD F:/CubeIDE1.14.1/STM32CubeIDE_1.14.1/STM32CubeIDE/plugins/com.st.stm32cube.ide.mcu.externaltools.gnu-tools-for-stm32.11.3.rel1.win32_1.1.100.202309141235/tools/bin/../lib/gcc/arm-none-eabi/11.3.1/thumb/v7-m/nofp\libgcc.a
LOAD F:/CubeIDE1.14.1/STM32CubeIDE_1.14.1/STM32CubeIDE/plugins/com.st.stm32cube.ide.mcu.externaltools.gnu-tools-for-stm32.11.3.rel1.win32_1.1.100.202309141235/tools/bin/../lib/gcc/arm-none-eabi/11.3.1/../../../../arm-none-eabi/lib/thumb/v7-m/nofp\libc_nano.a
END GROUP
START GROUP
LOAD F:/CubeIDE1.14.1/STM32CubeIDE_1.14.1/STM32CubeIDE/plugins/com.st.stm32cube.ide.mcu.externaltools.gnu-tools-for-stm32.11.3.rel1.win32_1.1.100.202309141235/tools/bin/../lib/gcc/arm-none-eabi/11.3.1/thumb/v7-m/nofp\libgcc.a
LOAD F:/CubeIDE1.14.1/STM32CubeIDE_1.14.1/STM32CubeIDE/plugins/com.st.stm32cube.ide.mcu.externaltools.gnu-tools-for-stm32.11.3.rel1.win32_1.1.100.202309141235/tools/bin/../lib/gcc/arm-none-eabi/11.3.1/../../../../arm-none-eabi/lib/thumb/v7-m/nofp\libc_nano.a
LOAD F:/CubeIDE1.14.1/STM32CubeIDE_1.14.1/STM32CubeIDE/plugins/com.st.stm32cube.ide.mcu.externaltools.gnu-tools-for-stm32.11.3.rel1.win32_1.1.100.202309141235/tools/bin/../lib/gcc/arm-none-eabi/11.3.1/../../../../arm-none-eabi/lib/thumb/v7-m/nofp\libnosys.a
END GROUP
START GROUP
LOAD F:/CubeIDE1.14.1/STM32CubeIDE_1.14.1/STM32CubeIDE/plugins/com.st.stm32cube.ide.mcu.externaltools.gnu-tools-for-stm32.11.3.rel1.win32_1.1.100.202309141235/tools/bin/../lib/gcc/arm-none-eabi/11.3.1/thumb/v7-m/nofp\libgcc.a
LOAD F:/CubeIDE1.14.1/STM32CubeIDE_1.14.1/STM32CubeIDE/plugins/com.st.stm32cube.ide.mcu.externaltools.gnu-tools-for-stm32.11.3.rel1.win32_1.1.100.202309141235/tools/bin/../lib/gcc/arm-none-eabi/11.3.1/../../../../arm-none-eabi/lib/thumb/v7-m/nofp\libc_nano.a
LOAD F:/CubeIDE1.14.1/STM32CubeIDE_1.14.1/STM32CubeIDE/plugins/com.st.stm32cube.ide.mcu.externaltools.gnu-tools-for-stm32.11.3.rel1.win32_1.1.100.202309141235/tools/bin/../lib/gcc/arm-none-eabi/11.3.1/../../../../arm-none-eabi/lib/thumb/v7-m/nofp\libnosys.a
END GROUP
LOAD F:/CubeIDE1.14.1/STM32CubeIDE_1.14.1/STM32CubeIDE/plugins/com.st.stm32cube.ide.mcu.externaltools.gnu-tools-for-stm32.11.3.rel1.win32_1.1.100.202309141235/tools/bin/../lib/gcc/arm-none-eabi/11.3.1/thumb/v7-m/nofp/crtend.o
LOAD F:/CubeIDE1.14.1/STM32CubeIDE_1.14.1/STM32CubeIDE/plugins/com.st.stm32cube.ide.mcu.externaltools.gnu-tools-for-stm32.11.3.rel1.win32_1.1.100.202309141235/tools/bin/../lib/gcc/arm-none-eabi/11.3.1/thumb/v7-m/nofp/crtn.o
                0x0000000020010000                _estack = (ORIGIN (RAM) + LENGTH (RAM))
                0x0000000000000200                _Min_Heap_Size = 0x200
                0x0000000000000400                _Min_Stack_Size = 0x400

.isr_vector     0x0000000008000000      0x1e4
                0x0000000008000000                . = ALIGN (0x4)
 *(.isr_vector)
 .isr_vector    0x0000000008000000      0x1e4 ./Core/Startup/startup_stm32f103vetx.o
                0x0000000008000000                g_pfnVectors
                0x00000000080001e4                . = ALIGN (0x4)

.text           0x00000000080001e4     0x300c
                0x00000000080001e4                . = ALIGN (0x4)
 *(.text)
 .text          0x00000000080001e4       0x40 F:/CubeIDE1.14.1/STM32CubeIDE_1.14.1/STM32CubeIDE/plugins/com.st.stm32cube.ide.mcu.externaltools.gnu-tools-for-stm32.11.3.rel1.win32_1.1.100.202309141235/tools/bin/../lib/gcc/arm-none-eabi/11.3.1/thumb/v7-m/nofp/crtbegin.o
 *(.text*)
 .text.key_scan
                0x0000000008000224       0xac ./BSP/KEY/key.o
                0x0000000008000224                key_scan
 .text.MX_GPIO_Init
                0x00000000080002d0       0xb0 ./Core/Src/gpio.o
                0x00000000080002d0                MX_GPIO_Init
 .text.MX_IWDG_Init
                0x0000000008000380       0x34 ./Core/Src/iwdg.o
                0x0000000008000380                MX_IWDG_Init
 .text.iwdg_feed
                0x00000000080003b4       0x14 ./Core/Src/iwdg.o
                0x00000000080003b4                iwdg_feed
 .text.stm32f103ve_show_mesg
                0x00000000080003c8       0x48 ./Core/Src/main.o
                0x00000000080003c8                stm32f103ve_show_mesg
 .text.main     0x0000000008000410       0x48 ./Core/Src/main.o
                0x0000000008000410                main
 .text.SystemClock_Config
                0x0000000008000458       0x8e ./Core/Src/main.o
                0x0000000008000458                SystemClock_Config
 .text.Error_Handler
                0x00000000080004e6        0xa ./Core/Src/main.o
                0x00000000080004e6                Error_Handler
 .text.HAL_MspInit
                0x00000000080004f0       0x68 ./Core/Src/stm32f1xx_hal_msp.o
                0x00000000080004f0                HAL_MspInit
 .text.NMI_Handler
                0x0000000008000558        0x6 ./Core/Src/stm32f1xx_it.o
                0x0000000008000558                NMI_Handler
 .text.HardFault_Handler
                0x000000000800055e        0x6 ./Core/Src/stm32f1xx_it.o
                0x000000000800055e                HardFault_Handler
 .text.MemManage_Handler
                0x0000000008000564        0x6 ./Core/Src/stm32f1xx_it.o
                0x0000000008000564                MemManage_Handler
 .text.BusFault_Handler
                0x000000000800056a        0x6 ./Core/Src/stm32f1xx_it.o
                0x000000000800056a                BusFault_Handler
 .text.UsageFault_Handler
                0x0000000008000570        0x6 ./Core/Src/stm32f1xx_it.o
                0x0000000008000570                UsageFault_Handler
 .text.SVC_Handler
                0x0000000008000576        0xc ./Core/Src/stm32f1xx_it.o
                0x0000000008000576                SVC_Handler
 .text.DebugMon_Handler
                0x0000000008000582        0xc ./Core/Src/stm32f1xx_it.o
                0x0000000008000582                DebugMon_Handler
 .text.PendSV_Handler
                0x000000000800058e        0xc ./Core/Src/stm32f1xx_it.o
                0x000000000800058e                PendSV_Handler
 .text.SysTick_Handler
                0x000000000800059a        0xc ./Core/Src/stm32f1xx_it.o
                0x000000000800059a                SysTick_Handler
 *fill*         0x00000000080005a6        0x2 
 .text.USART1_IRQHandler
                0x00000000080005a8       0x14 ./Core/Src/stm32f1xx_it.o
                0x00000000080005a8                USART1_IRQHandler
 .text._read    0x00000000080005bc       0x3a ./Core/Src/syscalls.o
                0x00000000080005bc                _read
 .text._write   0x00000000080005f6       0x38 ./Core/Src/syscalls.o
                0x00000000080005f6                _write
 .text._close   0x000000000800062e       0x16 ./Core/Src/syscalls.o
                0x000000000800062e                _close
 .text._fstat   0x0000000008000644       0x1e ./Core/Src/syscalls.o
                0x0000000008000644                _fstat
 .text._isatty  0x0000000008000662       0x14 ./Core/Src/syscalls.o
                0x0000000008000662                _isatty
 .text._lseek   0x0000000008000676       0x18 ./Core/Src/syscalls.o
                0x0000000008000676                _lseek
 *fill*         0x000000000800068e        0x2 
 .text._sbrk    0x0000000008000690       0x6c ./Core/Src/sysmem.o
                0x0000000008000690                _sbrk
 .text.SystemInit
                0x00000000080006fc        0xc ./Core/Src/system_stm32f1xx.o
                0x00000000080006fc                SystemInit
 .text.__io_putchar
                0x0000000008000708       0x24 ./Core/Src/usart.o
                0x0000000008000708                __io_putchar
 .text.MX_USART1_UART_Init
                0x000000000800072c       0x60 ./Core/Src/usart.o
                0x000000000800072c                MX_USART1_UART_Init
 .text.HAL_UART_MspInit
                0x000000000800078c       0xa8 ./Core/Src/usart.o
                0x000000000800078c                HAL_UART_MspInit
 .text.HAL_UART_RxCpltCallback
                0x0000000008000834       0xb4 ./Core/Src/usart.o
                0x0000000008000834                HAL_UART_RxCpltCallback
 .text.Reset_Handler
                0x00000000080008e8       0x48 ./Core/Startup/startup_stm32f103vetx.o
                0x00000000080008e8                Reset_Handler
 .text.Default_Handler
                0x0000000008000930        0x2 ./Core/Startup/startup_stm32f103vetx.o
                0x0000000008000930                RTC_Alarm_IRQHandler
                0x0000000008000930                EXTI2_IRQHandler
                0x0000000008000930                TIM8_TRG_COM_IRQHandler
                0x0000000008000930                TIM8_CC_IRQHandler
                0x0000000008000930                TIM1_CC_IRQHandler
                0x0000000008000930                TIM6_IRQHandler
                0x0000000008000930                PVD_IRQHandler
                0x0000000008000930                SDIO_IRQHandler
                0x0000000008000930                EXTI3_IRQHandler
                0x0000000008000930                EXTI0_IRQHandler
                0x0000000008000930                I2C2_EV_IRQHandler
                0x0000000008000930                ADC1_2_IRQHandler
                0x0000000008000930                SPI1_IRQHandler
                0x0000000008000930                TAMPER_IRQHandler
                0x0000000008000930                TIM8_UP_IRQHandler
                0x0000000008000930                DMA2_Channel2_IRQHandler
                0x0000000008000930                DMA1_Channel4_IRQHandler
                0x0000000008000930                USART3_IRQHandler
                0x0000000008000930                RTC_IRQHandler
                0x0000000008000930                DMA1_Channel7_IRQHandler
                0x0000000008000930                CAN1_RX1_IRQHandler
                0x0000000008000930                UART5_IRQHandler
                0x0000000008000930                ADC3_IRQHandler
                0x0000000008000930                TIM4_IRQHandler
                0x0000000008000930                DMA2_Channel1_IRQHandler
                0x0000000008000930                I2C1_EV_IRQHandler
                0x0000000008000930                DMA1_Channel6_IRQHandler
                0x0000000008000930                UART4_IRQHandler
                0x0000000008000930                TIM3_IRQHandler
                0x0000000008000930                RCC_IRQHandler
                0x0000000008000930                TIM1_TRG_COM_IRQHandler
                0x0000000008000930                DMA1_Channel1_IRQHandler
                0x0000000008000930                Default_Handler
                0x0000000008000930                EXTI15_10_IRQHandler
                0x0000000008000930                TIM7_IRQHandler
                0x0000000008000930                TIM5_IRQHandler
                0x0000000008000930                EXTI9_5_IRQHandler
                0x0000000008000930                SPI2_IRQHandler
                0x0000000008000930                DMA1_Channel5_IRQHandler
                0x0000000008000930                EXTI4_IRQHandler
                0x0000000008000930                USB_LP_CAN1_RX0_IRQHandler
                0x0000000008000930                USB_HP_CAN1_TX_IRQHandler
                0x0000000008000930                DMA1_Channel3_IRQHandler
                0x0000000008000930                FSMC_IRQHandler
                0x0000000008000930                TIM1_UP_IRQHandler
                0x0000000008000930                WWDG_IRQHandler
                0x0000000008000930                TIM2_IRQHandler
                0x0000000008000930                TIM1_BRK_IRQHandler
                0x0000000008000930                EXTI1_IRQHandler
                0x0000000008000930                DMA2_Channel4_5_IRQHandler
                0x0000000008000930                USART2_IRQHandler
                0x0000000008000930                I2C2_ER_IRQHandler
                0x0000000008000930                DMA1_Channel2_IRQHandler
                0x0000000008000930                TIM8_BRK_IRQHandler
                0x0000000008000930                CAN1_SCE_IRQHandler
                0x0000000008000930                FLASH_IRQHandler
                0x0000000008000930                SPI3_IRQHandler
                0x0000000008000930                I2C1_ER_IRQHandler
                0x0000000008000930                USBWakeUp_IRQHandler
                0x0000000008000930                DMA2_Channel3_IRQHandler
 *fill*         0x0000000008000932        0x2 
 .text.HAL_Init
                0x0000000008000934       0x2c ./libraries/Drivers/STM32F1xx_HAL_Driver/Src/stm32f1xx_hal.o
                0x0000000008000934                HAL_Init
 .text.HAL_InitTick
                0x0000000008000960       0x60 ./libraries/Drivers/STM32F1xx_HAL_Driver/Src/stm32f1xx_hal.o
                0x0000000008000960                HAL_InitTick
 .text.HAL_IncTick
                0x00000000080009c0       0x24 ./libraries/Drivers/STM32F1xx_HAL_Driver/Src/stm32f1xx_hal.o
                0x00000000080009c0                HAL_IncTick
 .text.HAL_GetTick
                0x00000000080009e4       0x14 ./libraries/Drivers/STM32F1xx_HAL_Driver/Src/stm32f1xx_hal.o
                0x00000000080009e4                HAL_GetTick
 .text.HAL_Delay
                0x00000000080009f8       0x48 ./libraries/Drivers/STM32F1xx_HAL_Driver/Src/stm32f1xx_hal.o
                0x00000000080009f8                HAL_Delay
 .text.__NVIC_SetPriorityGrouping
                0x0000000008000a40       0x48 ./libraries/Drivers/STM32F1xx_HAL_Driver/Src/stm32f1xx_hal_cortex.o
 .text.__NVIC_GetPriorityGrouping
                0x0000000008000a88       0x1c ./libraries/Drivers/STM32F1xx_HAL_Driver/Src/stm32f1xx_hal_cortex.o
 .text.__NVIC_EnableIRQ
                0x0000000008000aa4       0x38 ./libraries/Drivers/STM32F1xx_HAL_Driver/Src/stm32f1xx_hal_cortex.o
 .text.__NVIC_SetPriority
                0x0000000008000adc       0x54 ./libraries/Drivers/STM32F1xx_HAL_Driver/Src/stm32f1xx_hal_cortex.o
 .text.NVIC_EncodePriority
                0x0000000008000b30       0x64 ./libraries/Drivers/STM32F1xx_HAL_Driver/Src/stm32f1xx_hal_cortex.o
 .text.SysTick_Config
                0x0000000008000b94       0x44 ./libraries/Drivers/STM32F1xx_HAL_Driver/Src/stm32f1xx_hal_cortex.o
 .text.HAL_NVIC_SetPriorityGrouping
                0x0000000008000bd8       0x16 ./libraries/Drivers/STM32F1xx_HAL_Driver/Src/stm32f1xx_hal_cortex.o
                0x0000000008000bd8                HAL_NVIC_SetPriorityGrouping
 .text.HAL_NVIC_SetPriority
                0x0000000008000bee       0x38 ./libraries/Drivers/STM32F1xx_HAL_Driver/Src/stm32f1xx_hal_cortex.o
                0x0000000008000bee                HAL_NVIC_SetPriority
 .text.HAL_NVIC_EnableIRQ
                0x0000000008000c26       0x1c ./libraries/Drivers/STM32F1xx_HAL_Driver/Src/stm32f1xx_hal_cortex.o
                0x0000000008000c26                HAL_NVIC_EnableIRQ
 .text.HAL_SYSTICK_Config
                0x0000000008000c42       0x18 ./libraries/Drivers/STM32F1xx_HAL_Driver/Src/stm32f1xx_hal_cortex.o
                0x0000000008000c42                HAL_SYSTICK_Config
 .text.HAL_DMA_Abort
                0x0000000008000c5a       0x76 ./libraries/Drivers/STM32F1xx_HAL_Driver/Src/stm32f1xx_hal_dma.o
                0x0000000008000c5a                HAL_DMA_Abort
 .text.HAL_DMA_Abort_IT
                0x0000000008000cd0      0x210 ./libraries/Drivers/STM32F1xx_HAL_Driver/Src/stm32f1xx_hal_dma.o
                0x0000000008000cd0                HAL_DMA_Abort_IT
 .text.HAL_GPIO_Init
                0x0000000008000ee0      0x328 ./libraries/Drivers/STM32F1xx_HAL_Driver/Src/stm32f1xx_hal_gpio.o
                0x0000000008000ee0                HAL_GPIO_Init
 .text.HAL_GPIO_ReadPin
                0x0000000008001208       0x2e ./libraries/Drivers/STM32F1xx_HAL_Driver/Src/stm32f1xx_hal_gpio.o
                0x0000000008001208                HAL_GPIO_ReadPin
 .text.HAL_GPIO_WritePin
                0x0000000008001236       0x30 ./libraries/Drivers/STM32F1xx_HAL_Driver/Src/stm32f1xx_hal_gpio.o
                0x0000000008001236                HAL_GPIO_WritePin
 .text.HAL_IWDG_Init
                0x0000000008001266       0x84 ./libraries/Drivers/STM32F1xx_HAL_Driver/Src/stm32f1xx_hal_iwdg.o
                0x0000000008001266                HAL_IWDG_Init
 .text.HAL_IWDG_Refresh
                0x00000000080012ea       0x1e ./libraries/Drivers/STM32F1xx_HAL_Driver/Src/stm32f1xx_hal_iwdg.o
                0x00000000080012ea                HAL_IWDG_Refresh
 .text.HAL_RCC_OscConfig
                0x0000000008001308      0x504 ./libraries/Drivers/STM32F1xx_HAL_Driver/Src/stm32f1xx_hal_rcc.o
                0x0000000008001308                HAL_RCC_OscConfig
 .text.HAL_RCC_ClockConfig
                0x000000000800180c      0x1d4 ./libraries/Drivers/STM32F1xx_HAL_Driver/Src/stm32f1xx_hal_rcc.o
                0x000000000800180c                HAL_RCC_ClockConfig
 .text.HAL_RCC_GetSysClockFreq
                0x00000000080019e0       0xa8 ./libraries/Drivers/STM32F1xx_HAL_Driver/Src/stm32f1xx_hal_rcc.o
                0x00000000080019e0                HAL_RCC_GetSysClockFreq
 .text.HAL_RCC_GetHCLKFreq
                0x0000000008001a88       0x14 ./libraries/Drivers/STM32F1xx_HAL_Driver/Src/stm32f1xx_hal_rcc.o
                0x0000000008001a88                HAL_RCC_GetHCLKFreq
 .text.HAL_RCC_GetPCLK1Freq
                0x0000000008001a9c       0x28 ./libraries/Drivers/STM32F1xx_HAL_Driver/Src/stm32f1xx_hal_rcc.o
                0x0000000008001a9c                HAL_RCC_GetPCLK1Freq
 .text.HAL_RCC_GetPCLK2Freq
                0x0000000008001ac4       0x28 ./libraries/Drivers/STM32F1xx_HAL_Driver/Src/stm32f1xx_hal_rcc.o
                0x0000000008001ac4                HAL_RCC_GetPCLK2Freq
 .text.RCC_Delay
                0x0000000008001aec       0x3c ./libraries/Drivers/STM32F1xx_HAL_Driver/Src/stm32f1xx_hal_rcc.o
 .text.HAL_UART_Init
                0x0000000008001b28       0xa0 ./libraries/Drivers/STM32F1xx_HAL_Driver/Src/stm32f1xx_hal_uart.o
                0x0000000008001b28                HAL_UART_Init
 .text.HAL_UART_Transmit
                0x0000000008001bc8      0x106 ./libraries/Drivers/STM32F1xx_HAL_Driver/Src/stm32f1xx_hal_uart.o
                0x0000000008001bc8                HAL_UART_Transmit
 .text.HAL_UART_Receive_IT
                0x0000000008001cce       0x4a ./libraries/Drivers/STM32F1xx_HAL_Driver/Src/stm32f1xx_hal_uart.o
                0x0000000008001cce                HAL_UART_Receive_IT
 .text.HAL_UART_IRQHandler
                0x0000000008001d18      0x524 ./libraries/Drivers/STM32F1xx_HAL_Driver/Src/stm32f1xx_hal_uart.o
                0x0000000008001d18                HAL_UART_IRQHandler
 .text.HAL_UART_TxCpltCallback
                0x000000000800223c       0x12 ./libraries/Drivers/STM32F1xx_HAL_Driver/Src/stm32f1xx_hal_uart.o
                0x000000000800223c                HAL_UART_TxCpltCallback
 .text.HAL_UART_ErrorCallback
                0x000000000800224e       0x12 ./libraries/Drivers/STM32F1xx_HAL_Driver/Src/stm32f1xx_hal_uart.o
                0x000000000800224e                HAL_UART_ErrorCallback
 .text.HAL_UARTEx_RxEventCallback
                0x0000000008002260       0x16 ./libraries/Drivers/STM32F1xx_HAL_Driver/Src/stm32f1xx_hal_uart.o
                0x0000000008002260                HAL_UARTEx_RxEventCallback
 .text.UART_WaitOnFlagUntilTimeout
                0x0000000008002276       0xdc ./libraries/Drivers/STM32F1xx_HAL_Driver/Src/stm32f1xx_hal_uart.o
 .text.UART_Start_Receive_IT
                0x0000000008002352       0x72 ./libraries/Drivers/STM32F1xx_HAL_Driver/Src/stm32f1xx_hal_uart.o
                0x0000000008002352                UART_Start_Receive_IT
 .text.UART_EndRxTransfer
                0x00000000080023c4       0xc4 ./libraries/Drivers/STM32F1xx_HAL_Driver/Src/stm32f1xx_hal_uart.o
 .text.UART_DMAAbortOnError
                0x0000000008002488       0x28 ./libraries/Drivers/STM32F1xx_HAL_Driver/Src/stm32f1xx_hal_uart.o
 .text.UART_Transmit_IT
                0x00000000080024b0       0x9e ./libraries/Drivers/STM32F1xx_HAL_Driver/Src/stm32f1xx_hal_uart.o
 .text.UART_EndTransmit_IT
                0x000000000800254e       0x30 ./libraries/Drivers/STM32F1xx_HAL_Driver/Src/stm32f1xx_hal_uart.o
 .text.UART_Receive_IT
                0x000000000800257e      0x17c ./libraries/Drivers/STM32F1xx_HAL_Driver/Src/stm32f1xx_hal_uart.o
 *fill*         0x00000000080026fa        0x2 
 .text.UART_SetConfig
                0x00000000080026fc      0x11c ./libraries/Drivers/STM32F1xx_HAL_Driver/Src/stm32f1xx_hal_uart.o
 .text.std      0x0000000008002818       0x6c F:/CubeIDE1.14.1/STM32CubeIDE_1.14.1/STM32CubeIDE/plugins/com.st.stm32cube.ide.mcu.externaltools.gnu-tools-for-stm32.11.3.rel1.win32_1.1.100.202309141235/tools/bin/../lib/gcc/arm-none-eabi/11.3.1/../../../../arm-none-eabi/lib/thumb/v7-m/nofp\libc_nano.a(libc_a-findfp.o)
 .text.stdio_exit_handler
                0x0000000008002884       0x18 F:/CubeIDE1.14.1/STM32CubeIDE_1.14.1/STM32CubeIDE/plugins/com.st.stm32cube.ide.mcu.externaltools.gnu-tools-for-stm32.11.3.rel1.win32_1.1.100.202309141235/tools/bin/../lib/gcc/arm-none-eabi/11.3.1/../../../../arm-none-eabi/lib/thumb/v7-m/nofp\libc_nano.a(libc_a-findfp.o)
 .text.cleanup_stdio
                0x000000000800289c       0x40 F:/CubeIDE1.14.1/STM32CubeIDE_1.14.1/STM32CubeIDE/plugins/com.st.stm32cube.ide.mcu.externaltools.gnu-tools-for-stm32.11.3.rel1.win32_1.1.100.202309141235/tools/bin/../lib/gcc/arm-none-eabi/11.3.1/../../../../arm-none-eabi/lib/thumb/v7-m/nofp\libc_nano.a(libc_a-findfp.o)
 .text.global_stdio_init.part.0
                0x00000000080028dc       0x3c F:/CubeIDE1.14.1/STM32CubeIDE_1.14.1/STM32CubeIDE/plugins/com.st.stm32cube.ide.mcu.externaltools.gnu-tools-for-stm32.11.3.rel1.win32_1.1.100.202309141235/tools/bin/../lib/gcc/arm-none-eabi/11.3.1/../../../../arm-none-eabi/lib/thumb/v7-m/nofp\libc_nano.a(libc_a-findfp.o)
 .text.__sfp_lock_acquire
                0x0000000008002918        0xc F:/CubeIDE1.14.1/STM32CubeIDE_1.14.1/STM32CubeIDE/plugins/com.st.stm32cube.ide.mcu.externaltools.gnu-tools-for-stm32.11.3.rel1.win32_1.1.100.202309141235/tools/bin/../lib/gcc/arm-none-eabi/11.3.1/../../../../arm-none-eabi/lib/thumb/v7-m/nofp\libc_nano.a(libc_a-findfp.o)
                0x0000000008002918                __sfp_lock_acquire
 .text.__sfp_lock_release
                0x0000000008002924        0xc F:/CubeIDE1.14.1/STM32CubeIDE_1.14.1/STM32CubeIDE/plugins/com.st.stm32cube.ide.mcu.externaltools.gnu-tools-for-stm32.11.3.rel1.win32_1.1.100.202309141235/tools/bin/../lib/gcc/arm-none-eabi/11.3.1/../../../../arm-none-eabi/lib/thumb/v7-m/nofp\libc_nano.a(libc_a-findfp.o)
                0x0000000008002924                __sfp_lock_release
 .text.__sinit  0x0000000008002930       0x30 F:/CubeIDE1.14.1/STM32CubeIDE_1.14.1/STM32CubeIDE/plugins/com.st.stm32cube.ide.mcu.externaltools.gnu-tools-for-stm32.11.3.rel1.win32_1.1.100.202309141235/tools/bin/../lib/gcc/arm-none-eabi/11.3.1/../../../../arm-none-eabi/lib/thumb/v7-m/nofp\libc_nano.a(libc_a-findfp.o)
                0x0000000008002930                __sinit
 .text._fwalk_sglue
                0x0000000008002960       0x3c F:/CubeIDE1.14.1/STM32CubeIDE_1.14.1/STM32CubeIDE/plugins/com.st.stm32cube.ide.mcu.externaltools.gnu-tools-for-stm32.11.3.rel1.win32_1.1.100.202309141235/tools/bin/../lib/gcc/arm-none-eabi/11.3.1/../../../../arm-none-eabi/lib/thumb/v7-m/nofp\libc_nano.a(libc_a-fwalk.o)
                0x0000000008002960                _fwalk_sglue
 .text.putchar  0x000000000800299c       0x10 F:/CubeIDE1.14.1/STM32CubeIDE_1.14.1/STM32CubeIDE/plugins/com.st.stm32cube.ide.mcu.externaltools.gnu-tools-for-stm32.11.3.rel1.win32_1.1.100.202309141235/tools/bin/../lib/gcc/arm-none-eabi/11.3.1/../../../../arm-none-eabi/lib/thumb/v7-m/nofp\libc_nano.a(libc_a-putchar.o)
                0x000000000800299c                putchar
 .text._puts_r  0x00000000080029ac       0xa8 F:/CubeIDE1.14.1/STM32CubeIDE_1.14.1/STM32CubeIDE/plugins/com.st.stm32cube.ide.mcu.externaltools.gnu-tools-for-stm32.11.3.rel1.win32_1.1.100.202309141235/tools/bin/../lib/gcc/arm-none-eabi/11.3.1/../../../../arm-none-eabi/lib/thumb/v7-m/nofp\libc_nano.a(libc_a-puts.o)
                0x00000000080029ac                _puts_r
 .text.puts     0x0000000008002a54       0x10 F:/CubeIDE1.14.1/STM32CubeIDE_1.14.1/STM32CubeIDE/plugins/com.st.stm32cube.ide.mcu.externaltools.gnu-tools-for-stm32.11.3.rel1.win32_1.1.100.202309141235/tools/bin/../lib/gcc/arm-none-eabi/11.3.1/../../../../arm-none-eabi/lib/thumb/v7-m/nofp\libc_nano.a(libc_a-puts.o)
                0x0000000008002a54                puts
 .text.__sread  0x0000000008002a64       0x22 F:/CubeIDE1.14.1/STM32CubeIDE_1.14.1/STM32CubeIDE/plugins/com.st.stm32cube.ide.mcu.externaltools.gnu-tools-for-stm32.11.3.rel1.win32_1.1.100.202309141235/tools/bin/../lib/gcc/arm-none-eabi/11.3.1/../../../../arm-none-eabi/lib/thumb/v7-m/nofp\libc_nano.a(libc_a-stdio.o)
                0x0000000008002a64                __sread
 .text.__swrite
                0x0000000008002a86       0x38 F:/CubeIDE1.14.1/STM32CubeIDE_1.14.1/STM32CubeIDE/plugins/com.st.stm32cube.ide.mcu.externaltools.gnu-tools-for-stm32.11.3.rel1.win32_1.1.100.202309141235/tools/bin/../lib/gcc/arm-none-eabi/11.3.1/../../../../arm-none-eabi/lib/thumb/v7-m/nofp\libc_nano.a(libc_a-stdio.o)
                0x0000000008002a86                __swrite
 .text.__sseek  0x0000000008002abe       0x24 F:/CubeIDE1.14.1/STM32CubeIDE_1.14.1/STM32CubeIDE/plugins/com.st.stm32cube.ide.mcu.externaltools.gnu-tools-for-stm32.11.3.rel1.win32_1.1.100.202309141235/tools/bin/../lib/gcc/arm-none-eabi/11.3.1/../../../../arm-none-eabi/lib/thumb/v7-m/nofp\libc_nano.a(libc_a-stdio.o)
                0x0000000008002abe                __sseek
 .text.__sclose
                0x0000000008002ae2        0x8 F:/CubeIDE1.14.1/STM32CubeIDE_1.14.1/STM32CubeIDE/plugins/com.st.stm32cube.ide.mcu.externaltools.gnu-tools-for-stm32.11.3.rel1.win32_1.1.100.202309141235/tools/bin/../lib/gcc/arm-none-eabi/11.3.1/../../../../arm-none-eabi/lib/thumb/v7-m/nofp\libc_nano.a(libc_a-stdio.o)
                0x0000000008002ae2                __sclose
 .text.__swbuf_r
                0x0000000008002aea       0x7a F:/CubeIDE1.14.1/STM32CubeIDE_1.14.1/STM32CubeIDE/plugins/com.st.stm32cube.ide.mcu.externaltools.gnu-tools-for-stm32.11.3.rel1.win32_1.1.100.202309141235/tools/bin/../lib/gcc/arm-none-eabi/11.3.1/../../../../arm-none-eabi/lib/thumb/v7-m/nofp\libc_nano.a(libc_a-wbuf.o)
                0x0000000008002aea                __swbuf_r
 .text.__swsetup_r
                0x0000000008002b64       0xb0 F:/CubeIDE1.14.1/STM32CubeIDE_1.14.1/STM32CubeIDE/plugins/com.st.stm32cube.ide.mcu.externaltools.gnu-tools-for-stm32.11.3.rel1.win32_1.1.100.202309141235/tools/bin/../lib/gcc/arm-none-eabi/11.3.1/../../../../arm-none-eabi/lib/thumb/v7-m/nofp\libc_nano.a(libc_a-wsetup.o)
                0x0000000008002b64                __swsetup_r
 .text.memset   0x0000000008002c14       0x10 F:/CubeIDE1.14.1/STM32CubeIDE_1.14.1/STM32CubeIDE/plugins/com.st.stm32cube.ide.mcu.externaltools.gnu-tools-for-stm32.11.3.rel1.win32_1.1.100.202309141235/tools/bin/../lib/gcc/arm-none-eabi/11.3.1/../../../../arm-none-eabi/lib/thumb/v7-m/nofp\libc_nano.a(libc_a-memset.o)
                0x0000000008002c14                memset
 .text._close_r
                0x0000000008002c24       0x20 F:/CubeIDE1.14.1/STM32CubeIDE_1.14.1/STM32CubeIDE/plugins/com.st.stm32cube.ide.mcu.externaltools.gnu-tools-for-stm32.11.3.rel1.win32_1.1.100.202309141235/tools/bin/../lib/gcc/arm-none-eabi/11.3.1/../../../../arm-none-eabi/lib/thumb/v7-m/nofp\libc_nano.a(libc_a-closer.o)
                0x0000000008002c24                _close_r
 .text._lseek_r
                0x0000000008002c44       0x24 F:/CubeIDE1.14.1/STM32CubeIDE_1.14.1/STM32CubeIDE/plugins/com.st.stm32cube.ide.mcu.externaltools.gnu-tools-for-stm32.11.3.rel1.win32_1.1.100.202309141235/tools/bin/../lib/gcc/arm-none-eabi/11.3.1/../../../../arm-none-eabi/lib/thumb/v7-m/nofp\libc_nano.a(libc_a-lseekr.o)
                0x0000000008002c44                _lseek_r
 .text._read_r  0x0000000008002c68       0x24 F:/CubeIDE1.14.1/STM32CubeIDE_1.14.1/STM32CubeIDE/plugins/com.st.stm32cube.ide.mcu.externaltools.gnu-tools-for-stm32.11.3.rel1.win32_1.1.100.202309141235/tools/bin/../lib/gcc/arm-none-eabi/11.3.1/../../../../arm-none-eabi/lib/thumb/v7-m/nofp\libc_nano.a(libc_a-readr.o)
                0x0000000008002c68                _read_r
 .text._write_r
                0x0000000008002c8c       0x24 F:/CubeIDE1.14.1/STM32CubeIDE_1.14.1/STM32CubeIDE/plugins/com.st.stm32cube.ide.mcu.externaltools.gnu-tools-for-stm32.11.3.rel1.win32_1.1.100.202309141235/tools/bin/../lib/gcc/arm-none-eabi/11.3.1/../../../../arm-none-eabi/lib/thumb/v7-m/nofp\libc_nano.a(libc_a-writer.o)
                0x0000000008002c8c                _write_r
 .text.__errno  0x0000000008002cb0        0xc F:/CubeIDE1.14.1/STM32CubeIDE_1.14.1/STM32CubeIDE/plugins/com.st.stm32cube.ide.mcu.externaltools.gnu-tools-for-stm32.11.3.rel1.win32_1.1.100.202309141235/tools/bin/../lib/gcc/arm-none-eabi/11.3.1/../../../../arm-none-eabi/lib/thumb/v7-m/nofp\libc_nano.a(libc_a-errno.o)
                0x0000000008002cb0                __errno
 .text.__libc_init_array
                0x0000000008002cbc       0x48 F:/CubeIDE1.14.1/STM32CubeIDE_1.14.1/STM32CubeIDE/plugins/com.st.stm32cube.ide.mcu.externaltools.gnu-tools-for-stm32.11.3.rel1.win32_1.1.100.202309141235/tools/bin/../lib/gcc/arm-none-eabi/11.3.1/../../../../arm-none-eabi/lib/thumb/v7-m/nofp\libc_nano.a(libc_a-init.o)
                0x0000000008002cbc                __libc_init_array
 .text.__retarget_lock_init_recursive
                0x0000000008002d04        0x2 F:/CubeIDE1.14.1/STM32CubeIDE_1.14.1/STM32CubeIDE/plugins/com.st.stm32cube.ide.mcu.externaltools.gnu-tools-for-stm32.11.3.rel1.win32_1.1.100.202309141235/tools/bin/../lib/gcc/arm-none-eabi/11.3.1/../../../../arm-none-eabi/lib/thumb/v7-m/nofp\libc_nano.a(libc_a-lock.o)
                0x0000000008002d04                __retarget_lock_init_recursive
 .text.__retarget_lock_acquire_recursive
                0x0000000008002d06        0x2 F:/CubeIDE1.14.1/STM32CubeIDE_1.14.1/STM32CubeIDE/plugins/com.st.stm32cube.ide.mcu.externaltools.gnu-tools-for-stm32.11.3.rel1.win32_1.1.100.202309141235/tools/bin/../lib/gcc/arm-none-eabi/11.3.1/../../../../arm-none-eabi/lib/thumb/v7-m/nofp\libc_nano.a(libc_a-lock.o)
                0x0000000008002d06                __retarget_lock_acquire_recursive
 .text.__retarget_lock_release_recursive
                0x0000000008002d08        0x2 F:/CubeIDE1.14.1/STM32CubeIDE_1.14.1/STM32CubeIDE/plugins/com.st.stm32cube.ide.mcu.externaltools.gnu-tools-for-stm32.11.3.rel1.win32_1.1.100.202309141235/tools/bin/../lib/gcc/arm-none-eabi/11.3.1/../../../../arm-none-eabi/lib/thumb/v7-m/nofp\libc_nano.a(libc_a-lock.o)
                0x0000000008002d08                __retarget_lock_release_recursive
 *fill*         0x0000000008002d0a        0x2 
 .text._free_r  0x0000000008002d0c       0x90 F:/CubeIDE1.14.1/STM32CubeIDE_1.14.1/STM32CubeIDE/plugins/com.st.stm32cube.ide.mcu.externaltools.gnu-tools-for-stm32.11.3.rel1.win32_1.1.100.202309141235/tools/bin/../lib/gcc/arm-none-eabi/11.3.1/../../../../arm-none-eabi/lib/thumb/v7-m/nofp\libc_nano.a(libc_a-freer.o)
                0x0000000008002d0c                _free_r
 .text.sbrk_aligned
                0x0000000008002d9c       0x40 F:/CubeIDE1.14.1/STM32CubeIDE_1.14.1/STM32CubeIDE/plugins/com.st.stm32cube.ide.mcu.externaltools.gnu-tools-for-stm32.11.3.rel1.win32_1.1.100.202309141235/tools/bin/../lib/gcc/arm-none-eabi/11.3.1/../../../../arm-none-eabi/lib/thumb/v7-m/nofp\libc_nano.a(libc_a-mallocr.o)
 .text._malloc_r
                0x0000000008002ddc      0x100 F:/CubeIDE1.14.1/STM32CubeIDE_1.14.1/STM32CubeIDE/plugins/com.st.stm32cube.ide.mcu.externaltools.gnu-tools-for-stm32.11.3.rel1.win32_1.1.100.202309141235/tools/bin/../lib/gcc/arm-none-eabi/11.3.1/../../../../arm-none-eabi/lib/thumb/v7-m/nofp\libc_nano.a(libc_a-mallocr.o)
                0x0000000008002ddc                _malloc_r
 .text.__malloc_lock
                0x0000000008002edc        0xc F:/CubeIDE1.14.1/STM32CubeIDE_1.14.1/STM32CubeIDE/plugins/com.st.stm32cube.ide.mcu.externaltools.gnu-tools-for-stm32.11.3.rel1.win32_1.1.100.202309141235/tools/bin/../lib/gcc/arm-none-eabi/11.3.1/../../../../arm-none-eabi/lib/thumb/v7-m/nofp\libc_nano.a(libc_a-mlock.o)
                0x0000000008002edc                __malloc_lock
 .text.__malloc_unlock
                0x0000000008002ee8        0xc F:/CubeIDE1.14.1/STM32CubeIDE_1.14.1/STM32CubeIDE/plugins/com.st.stm32cube.ide.mcu.externaltools.gnu-tools-for-stm32.11.3.rel1.win32_1.1.100.202309141235/tools/bin/../lib/gcc/arm-none-eabi/11.3.1/../../../../arm-none-eabi/lib/thumb/v7-m/nofp\libc_nano.a(libc_a-mlock.o)
                0x0000000008002ee8                __malloc_unlock
 .text.__sflush_r
                0x0000000008002ef4      0x104 F:/CubeIDE1.14.1/STM32CubeIDE_1.14.1/STM32CubeIDE/plugins/com.st.stm32cube.ide.mcu.externaltools.gnu-tools-for-stm32.11.3.rel1.win32_1.1.100.202309141235/tools/bin/../lib/gcc/arm-none-eabi/11.3.1/../../../../arm-none-eabi/lib/thumb/v7-m/nofp\libc_nano.a(libc_a-fflush.o)
                0x0000000008002ef4                __sflush_r
 .text._fflush_r
                0x0000000008002ff8       0x50 F:/CubeIDE1.14.1/STM32CubeIDE_1.14.1/STM32CubeIDE/plugins/com.st.stm32cube.ide.mcu.externaltools.gnu-tools-for-stm32.11.3.rel1.win32_1.1.100.202309141235/tools/bin/../lib/gcc/arm-none-eabi/11.3.1/../../../../arm-none-eabi/lib/thumb/v7-m/nofp\libc_nano.a(libc_a-fflush.o)
                0x0000000008002ff8                _fflush_r
 .text.__swhatbuf_r
                0x0000000008003048       0x4a F:/CubeIDE1.14.1/STM32CubeIDE_1.14.1/STM32CubeIDE/plugins/com.st.stm32cube.ide.mcu.externaltools.gnu-tools-for-stm32.11.3.rel1.win32_1.1.100.202309141235/tools/bin/../lib/gcc/arm-none-eabi/11.3.1/../../../../arm-none-eabi/lib/thumb/v7-m/nofp\libc_nano.a(libc_a-makebuf.o)
                0x0000000008003048                __swhatbuf_r
 .text.__smakebuf_r
                0x0000000008003092       0x78 F:/CubeIDE1.14.1/STM32CubeIDE_1.14.1/STM32CubeIDE/plugins/com.st.stm32cube.ide.mcu.externaltools.gnu-tools-for-stm32.11.3.rel1.win32_1.1.100.202309141235/tools/bin/../lib/gcc/arm-none-eabi/11.3.1/../../../../arm-none-eabi/lib/thumb/v7-m/nofp\libc_nano.a(libc_a-makebuf.o)
                0x0000000008003092                __smakebuf_r
 .text._putc_r  0x000000000800310a       0x68 F:/CubeIDE1.14.1/STM32CubeIDE_1.14.1/STM32CubeIDE/plugins/com.st.stm32cube.ide.mcu.externaltools.gnu-tools-for-stm32.11.3.rel1.win32_1.1.100.202309141235/tools/bin/../lib/gcc/arm-none-eabi/11.3.1/../../../../arm-none-eabi/lib/thumb/v7-m/nofp\libc_nano.a(libc_a-putc.o)
                0x000000000800310a                _putc_r
 *fill*         0x0000000008003172        0x2 
 .text._fstat_r
                0x0000000008003174       0x24 F:/CubeIDE1.14.1/STM32CubeIDE_1.14.1/STM32CubeIDE/plugins/com.st.stm32cube.ide.mcu.externaltools.gnu-tools-for-stm32.11.3.rel1.win32_1.1.100.202309141235/tools/bin/../lib/gcc/arm-none-eabi/11.3.1/../../../../arm-none-eabi/lib/thumb/v7-m/nofp\libc_nano.a(libc_a-fstatr.o)
                0x0000000008003174                _fstat_r
 .text._isatty_r
                0x0000000008003198       0x20 F:/CubeIDE1.14.1/STM32CubeIDE_1.14.1/STM32CubeIDE/plugins/com.st.stm32cube.ide.mcu.externaltools.gnu-tools-for-stm32.11.3.rel1.win32_1.1.100.202309141235/tools/bin/../lib/gcc/arm-none-eabi/11.3.1/../../../../arm-none-eabi/lib/thumb/v7-m/nofp\libc_nano.a(libc_a-isattyr.o)
                0x0000000008003198                _isatty_r
 .text._sbrk_r  0x00000000080031b8       0x20 F:/CubeIDE1.14.1/STM32CubeIDE_1.14.1/STM32CubeIDE/plugins/com.st.stm32cube.ide.mcu.externaltools.gnu-tools-for-stm32.11.3.rel1.win32_1.1.100.202309141235/tools/bin/../lib/gcc/arm-none-eabi/11.3.1/../../../../arm-none-eabi/lib/thumb/v7-m/nofp\libc_nano.a(libc_a-sbrkr.o)
                0x00000000080031b8                _sbrk_r
 *(.glue_7)
 .glue_7        0x00000000080031d8        0x0 linker stubs
 *(.glue_7t)
 .glue_7t       0x00000000080031d8        0x0 linker stubs
 *(.eh_frame)
 .eh_frame      0x00000000080031d8        0x0 F:/CubeIDE1.14.1/STM32CubeIDE_1.14.1/STM32CubeIDE/plugins/com.st.stm32cube.ide.mcu.externaltools.gnu-tools-for-stm32.11.3.rel1.win32_1.1.100.202309141235/tools/bin/../lib/gcc/arm-none-eabi/11.3.1/thumb/v7-m/nofp/crtbegin.o
 *(.init)
 .init          0x00000000080031d8        0x4 F:/CubeIDE1.14.1/STM32CubeIDE_1.14.1/STM32CubeIDE/plugins/com.st.stm32cube.ide.mcu.externaltools.gnu-tools-for-stm32.11.3.rel1.win32_1.1.100.202309141235/tools/bin/../lib/gcc/arm-none-eabi/11.3.1/thumb/v7-m/nofp/crti.o
                0x00000000080031d8                _init
 .init          0x00000000080031dc        0x8 F:/CubeIDE1.14.1/STM32CubeIDE_1.14.1/STM32CubeIDE/plugins/com.st.stm32cube.ide.mcu.externaltools.gnu-tools-for-stm32.11.3.rel1.win32_1.1.100.202309141235/tools/bin/../lib/gcc/arm-none-eabi/11.3.1/thumb/v7-m/nofp/crtn.o
 *(.fini)
 .fini          0x00000000080031e4        0x4 F:/CubeIDE1.14.1/STM32CubeIDE_1.14.1/STM32CubeIDE/plugins/com.st.stm32cube.ide.mcu.externaltools.gnu-tools-for-stm32.11.3.rel1.win32_1.1.100.202309141235/tools/bin/../lib/gcc/arm-none-eabi/11.3.1/thumb/v7-m/nofp/crti.o
                0x00000000080031e4                _fini
 .fini          0x00000000080031e8        0x8 F:/CubeIDE1.14.1/STM32CubeIDE_1.14.1/STM32CubeIDE/plugins/com.st.stm32cube.ide.mcu.externaltools.gnu-tools-for-stm32.11.3.rel1.win32_1.1.100.202309141235/tools/bin/../lib/gcc/arm-none-eabi/11.3.1/thumb/v7-m/nofp/crtn.o
                0x00000000080031f0                . = ALIGN (0x4)
                0x00000000080031f0                _etext = .

.vfp11_veneer   0x00000000080031f0        0x0
 .vfp11_veneer  0x00000000080031f0        0x0 linker stubs

.v4_bx          0x00000000080031f0        0x0
 .v4_bx         0x00000000080031f0        0x0 linker stubs

.iplt           0x00000000080031f0        0x0
 .iplt          0x00000000080031f0        0x0 F:/CubeIDE1.14.1/STM32CubeIDE_1.14.1/STM32CubeIDE/plugins/com.st.stm32cube.ide.mcu.externaltools.gnu-tools-for-stm32.11.3.rel1.win32_1.1.100.202309141235/tools/bin/../lib/gcc/arm-none-eabi/11.3.1/thumb/v7-m/nofp/crtbegin.o

.rodata         0x00000000080031f0       0x7c
                0x00000000080031f0                . = ALIGN (0x4)
 *(.rodata)
 .rodata        0x00000000080031f0       0x4e ./Core/Src/main.o
 *(.rodata*)
 *fill*         0x000000000800323e        0x2 
 .rodata.AHBPrescTable
                0x0000000008003240       0x10 ./Core/Src/system_stm32f1xx.o
                0x0000000008003240                AHBPrescTable
 .rodata.APBPrescTable
                0x0000000008003250        0x8 ./Core/Src/system_stm32f1xx.o
                0x0000000008003250                APBPrescTable
 .rodata.aPLLMULFactorTable.1
                0x0000000008003258       0x10 ./libraries/Drivers/STM32F1xx_HAL_Driver/Src/stm32f1xx_hal_rcc.o
 .rodata.aPredivFactorTable.0
                0x0000000008003268        0x2 ./libraries/Drivers/STM32F1xx_HAL_Driver/Src/stm32f1xx_hal_rcc.o
                0x000000000800326c                . = ALIGN (0x4)
 *fill*         0x000000000800326a        0x2 

.rel.dyn        0x000000000800326c        0x0
 .rel.iplt      0x000000000800326c        0x0 F:/CubeIDE1.14.1/STM32CubeIDE_1.14.1/STM32CubeIDE/plugins/com.st.stm32cube.ide.mcu.externaltools.gnu-tools-for-stm32.11.3.rel1.win32_1.1.100.202309141235/tools/bin/../lib/gcc/arm-none-eabi/11.3.1/thumb/v7-m/nofp/crtbegin.o

.ARM.extab      0x000000000800326c        0x0
                0x000000000800326c                . = ALIGN (0x4)
 *(.ARM.extab* .gnu.linkonce.armextab.*)
                0x000000000800326c                . = ALIGN (0x4)

.ARM            0x000000000800326c        0x0
                0x000000000800326c                . = ALIGN (0x4)
                0x000000000800326c                __exidx_start = .
 *(.ARM.exidx*)
                0x000000000800326c                __exidx_end = .
                0x000000000800326c                . = ALIGN (0x4)

.preinit_array  0x000000000800326c        0x0
                0x000000000800326c                . = ALIGN (0x4)
                0x000000000800326c                PROVIDE (__preinit_array_start = .)
 *(.preinit_array*)
                0x000000000800326c                PROVIDE (__preinit_array_end = .)
                0x000000000800326c                . = ALIGN (0x4)

.init_array     0x000000000800326c        0x4
                0x000000000800326c                . = ALIGN (0x4)
                0x000000000800326c                PROVIDE (__init_array_start = .)
 *(SORT_BY_NAME(.init_array.*))
 *(.init_array*)
 .init_array    0x000000000800326c        0x4 F:/CubeIDE1.14.1/STM32CubeIDE_1.14.1/STM32CubeIDE/plugins/com.st.stm32cube.ide.mcu.externaltools.gnu-tools-for-stm32.11.3.rel1.win32_1.1.100.202309141235/tools/bin/../lib/gcc/arm-none-eabi/11.3.1/thumb/v7-m/nofp/crtbegin.o
                0x0000000008003270                PROVIDE (__init_array_end = .)
                0x0000000008003270                . = ALIGN (0x4)

.fini_array     0x0000000008003270        0x4
                0x0000000008003270                . = ALIGN (0x4)
                [!provide]                        PROVIDE (__fini_array_start = .)
 *(SORT_BY_NAME(.fini_array.*))
 *(.fini_array*)
 .fini_array    0x0000000008003270        0x4 F:/CubeIDE1.14.1/STM32CubeIDE_1.14.1/STM32CubeIDE/plugins/com.st.stm32cube.ide.mcu.externaltools.gnu-tools-for-stm32.11.3.rel1.win32_1.1.100.202309141235/tools/bin/../lib/gcc/arm-none-eabi/11.3.1/thumb/v7-m/nofp/crtbegin.o
                [!provide]                        PROVIDE (__fini_array_end = .)
                0x0000000008003274                . = ALIGN (0x4)
                0x0000000008003274                _sidata = LOADADDR (.data)

.data           0x0000000020000000       0x6c load address 0x0000000008003274
                0x0000000020000000                . = ALIGN (0x4)
                0x0000000020000000                _sdata = .
 *(.data)
 *(.data*)
 .data.key_up.0
                0x0000000020000000        0x1 ./BSP/KEY/key.o
 *fill*         0x0000000020000001        0x3 
 .data.SystemCoreClock
                0x0000000020000004        0x4 ./Core/Src/system_stm32f1xx.o
                0x0000000020000004                SystemCoreClock
 .data.uwTickPrio
                0x0000000020000008        0x4 ./libraries/Drivers/STM32F1xx_HAL_Driver/Src/stm32f1xx_hal.o
                0x0000000020000008                uwTickPrio
 .data.uwTickFreq
                0x000000002000000c        0x1 ./libraries/Drivers/STM32F1xx_HAL_Driver/Src/stm32f1xx_hal.o
                0x000000002000000c                uwTickFreq
 *fill*         0x000000002000000d        0x3 
 .data.__sglue  0x0000000020000010        0xc F:/CubeIDE1.14.1/STM32CubeIDE_1.14.1/STM32CubeIDE/plugins/com.st.stm32cube.ide.mcu.externaltools.gnu-tools-for-stm32.11.3.rel1.win32_1.1.100.202309141235/tools/bin/../lib/gcc/arm-none-eabi/11.3.1/../../../../arm-none-eabi/lib/thumb/v7-m/nofp\libc_nano.a(libc_a-findfp.o)
                0x0000000020000010                __sglue
 .data._impure_data
                0x000000002000001c       0x4c F:/CubeIDE1.14.1/STM32CubeIDE_1.14.1/STM32CubeIDE/plugins/com.st.stm32cube.ide.mcu.externaltools.gnu-tools-for-stm32.11.3.rel1.win32_1.1.100.202309141235/tools/bin/../lib/gcc/arm-none-eabi/11.3.1/../../../../arm-none-eabi/lib/thumb/v7-m/nofp\libc_nano.a(libc_a-impure.o)
                0x000000002000001c                _impure_data
 .data._impure_ptr
                0x0000000020000068        0x4 F:/CubeIDE1.14.1/STM32CubeIDE_1.14.1/STM32CubeIDE/plugins/com.st.stm32cube.ide.mcu.externaltools.gnu-tools-for-stm32.11.3.rel1.win32_1.1.100.202309141235/tools/bin/../lib/gcc/arm-none-eabi/11.3.1/../../../../arm-none-eabi/lib/thumb/v7-m/nofp\libc_nano.a(libc_a-impure.o)
                0x0000000020000068                _impure_ptr
 *(.RamFunc)
 *(.RamFunc*)
                0x000000002000006c                . = ALIGN (0x4)
                0x000000002000006c                _edata = .

.igot.plt       0x000000002000006c        0x0 load address 0x00000000080032e0
 .igot.plt      0x000000002000006c        0x0 F:/CubeIDE1.14.1/STM32CubeIDE_1.14.1/STM32CubeIDE/plugins/com.st.stm32cube.ide.mcu.externaltools.gnu-tools-for-stm32.11.3.rel1.win32_1.1.100.202309141235/tools/bin/../lib/gcc/arm-none-eabi/11.3.1/thumb/v7-m/nofp/crtbegin.o
                0x000000002000006c                . = ALIGN (0x4)

.bss            0x000000002000006c      0x294 load address 0x00000000080032e0
                0x000000002000006c                _sbss = .
                0x000000002000006c                __bss_start__ = _sbss
 *(.bss)
 .bss           0x000000002000006c       0x1c F:/CubeIDE1.14.1/STM32CubeIDE_1.14.1/STM32CubeIDE/plugins/com.st.stm32cube.ide.mcu.externaltools.gnu-tools-for-stm32.11.3.rel1.win32_1.1.100.202309141235/tools/bin/../lib/gcc/arm-none-eabi/11.3.1/thumb/v7-m/nofp/crtbegin.o
 *(.bss*)
 .bss.hiwdg     0x0000000020000088        0xc ./Core/Src/iwdg.o
                0x0000000020000088                hiwdg
 .bss.__sbrk_heap_end
                0x0000000020000094        0x4 ./Core/Src/sysmem.o
 .bss.g_usart_rx_buf
                0x0000000020000098       0xc8 ./Core/Src/usart.o
                0x0000000020000098                g_usart_rx_buf
 .bss.g_usart_rx_sta
                0x0000000020000160        0x2 ./Core/Src/usart.o
                0x0000000020000160                g_usart_rx_sta
 *fill*         0x0000000020000162        0x2 
 .bss.g_rx_buffer
                0x0000000020000164        0x1 ./Core/Src/usart.o
                0x0000000020000164                g_rx_buffer
 *fill*         0x0000000020000165        0x3 
 .bss.huart1    0x0000000020000168       0x48 ./Core/Src/usart.o
                0x0000000020000168                huart1
 .bss.uwTick    0x00000000200001b0        0x4 ./libraries/Drivers/STM32F1xx_HAL_Driver/Src/stm32f1xx_hal.o
                0x00000000200001b0                uwTick
 .bss.__sf      0x00000000200001b4      0x138 F:/CubeIDE1.14.1/STM32CubeIDE_1.14.1/STM32CubeIDE/plugins/com.st.stm32cube.ide.mcu.externaltools.gnu-tools-for-stm32.11.3.rel1.win32_1.1.100.202309141235/tools/bin/../lib/gcc/arm-none-eabi/11.3.1/../../../../arm-none-eabi/lib/thumb/v7-m/nofp\libc_nano.a(libc_a-findfp.o)
                0x00000000200001b4                __sf
 .bss.__stdio_exit_handler
                0x00000000200002ec        0x4 F:/CubeIDE1.14.1/STM32CubeIDE_1.14.1/STM32CubeIDE/plugins/com.st.stm32cube.ide.mcu.externaltools.gnu-tools-for-stm32.11.3.rel1.win32_1.1.100.202309141235/tools/bin/../lib/gcc/arm-none-eabi/11.3.1/../../../../arm-none-eabi/lib/thumb/v7-m/nofp\libc_nano.a(libc_a-findfp.o)
                0x00000000200002ec                __stdio_exit_handler
 .bss.errno     0x00000000200002f0        0x4 F:/CubeIDE1.14.1/STM32CubeIDE_1.14.1/STM32CubeIDE/plugins/com.st.stm32cube.ide.mcu.externaltools.gnu-tools-for-stm32.11.3.rel1.win32_1.1.100.202309141235/tools/bin/../lib/gcc/arm-none-eabi/11.3.1/../../../../arm-none-eabi/lib/thumb/v7-m/nofp\libc_nano.a(libc_a-reent.o)
                0x00000000200002f0                errno
 .bss.__lock___malloc_recursive_mutex
                0x00000000200002f4        0x1 F:/CubeIDE1.14.1/STM32CubeIDE_1.14.1/STM32CubeIDE/plugins/com.st.stm32cube.ide.mcu.externaltools.gnu-tools-for-stm32.11.3.rel1.win32_1.1.100.202309141235/tools/bin/../lib/gcc/arm-none-eabi/11.3.1/../../../../arm-none-eabi/lib/thumb/v7-m/nofp\libc_nano.a(libc_a-lock.o)
                0x00000000200002f4                __lock___malloc_recursive_mutex
 .bss.__lock___sfp_recursive_mutex
                0x00000000200002f5        0x1 F:/CubeIDE1.14.1/STM32CubeIDE_1.14.1/STM32CubeIDE/plugins/com.st.stm32cube.ide.mcu.externaltools.gnu-tools-for-stm32.11.3.rel1.win32_1.1.100.202309141235/tools/bin/../lib/gcc/arm-none-eabi/11.3.1/../../../../arm-none-eabi/lib/thumb/v7-m/nofp\libc_nano.a(libc_a-lock.o)
                0x00000000200002f5                __lock___sfp_recursive_mutex
 *fill*         0x00000000200002f6        0x2 
 .bss.__malloc_free_list
                0x00000000200002f8        0x4 F:/CubeIDE1.14.1/STM32CubeIDE_1.14.1/STM32CubeIDE/plugins/com.st.stm32cube.ide.mcu.externaltools.gnu-tools-for-stm32.11.3.rel1.win32_1.1.100.202309141235/tools/bin/../lib/gcc/arm-none-eabi/11.3.1/../../../../arm-none-eabi/lib/thumb/v7-m/nofp\libc_nano.a(libc_a-mallocr.o)
                0x00000000200002f8                __malloc_free_list
 .bss.__malloc_sbrk_start
                0x00000000200002fc        0x4 F:/CubeIDE1.14.1/STM32CubeIDE_1.14.1/STM32CubeIDE/plugins/com.st.stm32cube.ide.mcu.externaltools.gnu-tools-for-stm32.11.3.rel1.win32_1.1.100.202309141235/tools/bin/../lib/gcc/arm-none-eabi/11.3.1/../../../../arm-none-eabi/lib/thumb/v7-m/nofp\libc_nano.a(libc_a-mallocr.o)
                0x00000000200002fc                __malloc_sbrk_start
 *(COMMON)
                0x0000000020000300                . = ALIGN (0x4)
                0x0000000020000300                _ebss = .
                0x0000000020000300                __bss_end__ = _ebss

._user_heap_stack
                0x0000000020000300      0x600 load address 0x00000000080032e0
                0x0000000020000300                . = ALIGN (0x8)
                [!provide]                        PROVIDE (end = .)
                0x0000000020000300                PROVIDE (_end = .)
                0x0000000020000500                . = (. + _Min_Heap_Size)
 *fill*         0x0000000020000300      0x200 
                0x0000000020000900                . = (. + _Min_Stack_Size)
 *fill*         0x0000000020000500      0x400 
                0x0000000020000900                . = ALIGN (0x8)

/DISCARD/
 libc.a(*)
 libm.a(*)
 libgcc.a(*)

.ARM.attributes
                0x0000000000000000       0x29
 *(.ARM.attributes)
 .ARM.attributes
                0x0000000000000000       0x1d F:/CubeIDE1.14.1/STM32CubeIDE_1.14.1/STM32CubeIDE/plugins/com.st.stm32cube.ide.mcu.externaltools.gnu-tools-for-stm32.11.3.rel1.win32_1.1.100.202309141235/tools/bin/../lib/gcc/arm-none-eabi/11.3.1/thumb/v7-m/nofp/crti.o
 .ARM.attributes
                0x000000000000001d       0x2d F:/CubeIDE1.14.1/STM32CubeIDE_1.14.1/STM32CubeIDE/plugins/com.st.stm32cube.ide.mcu.externaltools.gnu-tools-for-stm32.11.3.rel1.win32_1.1.100.202309141235/tools/bin/../lib/gcc/arm-none-eabi/11.3.1/thumb/v7-m/nofp/crtbegin.o
 .ARM.attributes
                0x000000000000004a       0x2d ./BSP/KEY/key.o
 .ARM.attributes
                0x0000000000000077       0x2d ./Core/Src/gpio.o
 .ARM.attributes
                0x00000000000000a4       0x2d ./Core/Src/iwdg.o
 .ARM.attributes
                0x00000000000000d1       0x2d ./Core/Src/main.o
 .ARM.attributes
                0x00000000000000fe       0x2d ./Core/Src/stm32f1xx_hal_msp.o
 .ARM.attributes
                0x000000000000012b       0x2d ./Core/Src/stm32f1xx_it.o
 .ARM.attributes
                0x0000000000000158       0x2d ./Core/Src/syscalls.o
 .ARM.attributes
                0x0000000000000185       0x2d ./Core/Src/sysmem.o
 .ARM.attributes
                0x00000000000001b2       0x2d ./Core/Src/system_stm32f1xx.o
 .ARM.attributes
                0x00000000000001df       0x2d ./Core/Src/usart.o
 .ARM.attributes
                0x000000000000020c       0x21 ./Core/Startup/startup_stm32f103vetx.o
 .ARM.attributes
                0x000000000000022d       0x2d ./libraries/Drivers/STM32F1xx_HAL_Driver/Src/stm32f1xx_hal.o
 .ARM.attributes
                0x000000000000025a       0x2d ./libraries/Drivers/STM32F1xx_HAL_Driver/Src/stm32f1xx_hal_cortex.o
 .ARM.attributes
                0x0000000000000287       0x2d ./libraries/Drivers/STM32F1xx_HAL_Driver/Src/stm32f1xx_hal_dma.o
 .ARM.attributes
                0x00000000000002b4       0x2d ./libraries/Drivers/STM32F1xx_HAL_Driver/Src/stm32f1xx_hal_gpio.o
 .ARM.attributes
                0x00000000000002e1       0x2d ./libraries/Drivers/STM32F1xx_HAL_Driver/Src/stm32f1xx_hal_iwdg.o
 .ARM.attributes
                0x000000000000030e       0x2d ./libraries/Drivers/STM32F1xx_HAL_Driver/Src/stm32f1xx_hal_rcc.o
 .ARM.attributes
                0x000000000000033b       0x2d ./libraries/Drivers/STM32F1xx_HAL_Driver/Src/stm32f1xx_hal_uart.o
 .ARM.attributes
                0x0000000000000368       0x2d F:/CubeIDE1.14.1/STM32CubeIDE_1.14.1/STM32CubeIDE/plugins/com.st.stm32cube.ide.mcu.externaltools.gnu-tools-for-stm32.11.3.rel1.win32_1.1.100.202309141235/tools/bin/../lib/gcc/arm-none-eabi/11.3.1/../../../../arm-none-eabi/lib/thumb/v7-m/nofp\libc_nano.a(libc_a-findfp.o)
 .ARM.attributes
                0x0000000000000395       0x2d F:/CubeIDE1.14.1/STM32CubeIDE_1.14.1/STM32CubeIDE/plugins/com.st.stm32cube.ide.mcu.externaltools.gnu-tools-for-stm32.11.3.rel1.win32_1.1.100.202309141235/tools/bin/../lib/gcc/arm-none-eabi/11.3.1/../../../../arm-none-eabi/lib/thumb/v7-m/nofp\libc_nano.a(libc_a-fwalk.o)
 .ARM.attributes
                0x00000000000003c2       0x2d F:/CubeIDE1.14.1/STM32CubeIDE_1.14.1/STM32CubeIDE/plugins/com.st.stm32cube.ide.mcu.externaltools.gnu-tools-for-stm32.11.3.rel1.win32_1.1.100.202309141235/tools/bin/../lib/gcc/arm-none-eabi/11.3.1/../../../../arm-none-eabi/lib/thumb/v7-m/nofp\libc_nano.a(libc_a-putchar.o)
 .ARM.attributes
                0x00000000000003ef       0x2d F:/CubeIDE1.14.1/STM32CubeIDE_1.14.1/STM32CubeIDE/plugins/com.st.stm32cube.ide.mcu.externaltools.gnu-tools-for-stm32.11.3.rel1.win32_1.1.100.202309141235/tools/bin/../lib/gcc/arm-none-eabi/11.3.1/../../../../arm-none-eabi/lib/thumb/v7-m/nofp\libc_nano.a(libc_a-puts.o)
 .ARM.attributes
                0x000000000000041c       0x2d F:/CubeIDE1.14.1/STM32CubeIDE_1.14.1/STM32CubeIDE/plugins/com.st.stm32cube.ide.mcu.externaltools.gnu-tools-for-stm32.11.3.rel1.win32_1.1.100.202309141235/tools/bin/../lib/gcc/arm-none-eabi/11.3.1/../../../../arm-none-eabi/lib/thumb/v7-m/nofp\libc_nano.a(libc_a-stdio.o)
 .ARM.attributes
                0x0000000000000449       0x2d F:/CubeIDE1.14.1/STM32CubeIDE_1.14.1/STM32CubeIDE/plugins/com.st.stm32cube.ide.mcu.externaltools.gnu-tools-for-stm32.11.3.rel1.win32_1.1.100.202309141235/tools/bin/../lib/gcc/arm-none-eabi/11.3.1/../../../../arm-none-eabi/lib/thumb/v7-m/nofp\libc_nano.a(libc_a-wbuf.o)
 .ARM.attributes
                0x0000000000000476       0x2d F:/CubeIDE1.14.1/STM32CubeIDE_1.14.1/STM32CubeIDE/plugins/com.st.stm32cube.ide.mcu.externaltools.gnu-tools-for-stm32.11.3.rel1.win32_1.1.100.202309141235/tools/bin/../lib/gcc/arm-none-eabi/11.3.1/../../../../arm-none-eabi/lib/thumb/v7-m/nofp\libc_nano.a(libc_a-wsetup.o)
 .ARM.attributes
                0x00000000000004a3       0x2d F:/CubeIDE1.14.1/STM32CubeIDE_1.14.1/STM32CubeIDE/plugins/com.st.stm32cube.ide.mcu.externaltools.gnu-tools-for-stm32.11.3.rel1.win32_1.1.100.202309141235/tools/bin/../lib/gcc/arm-none-eabi/11.3.1/../../../../arm-none-eabi/lib/thumb/v7-m/nofp\libc_nano.a(libc_a-memset.o)
 .ARM.attributes
                0x00000000000004d0       0x2d F:/CubeIDE1.14.1/STM32CubeIDE_1.14.1/STM32CubeIDE/plugins/com.st.stm32cube.ide.mcu.externaltools.gnu-tools-for-stm32.11.3.rel1.win32_1.1.100.202309141235/tools/bin/../lib/gcc/arm-none-eabi/11.3.1/../../../../arm-none-eabi/lib/thumb/v7-m/nofp\libc_nano.a(libc_a-closer.o)
 .ARM.attributes
                0x00000000000004fd       0x2d F:/CubeIDE1.14.1/STM32CubeIDE_1.14.1/STM32CubeIDE/plugins/com.st.stm32cube.ide.mcu.externaltools.gnu-tools-for-stm32.11.3.rel1.win32_1.1.100.202309141235/tools/bin/../lib/gcc/arm-none-eabi/11.3.1/../../../../arm-none-eabi/lib/thumb/v7-m/nofp\libc_nano.a(libc_a-reent.o)
 .ARM.attributes
                0x000000000000052a       0x2d F:/CubeIDE1.14.1/STM32CubeIDE_1.14.1/STM32CubeIDE/plugins/com.st.stm32cube.ide.mcu.externaltools.gnu-tools-for-stm32.11.3.rel1.win32_1.1.100.202309141235/tools/bin/../lib/gcc/arm-none-eabi/11.3.1/../../../../arm-none-eabi/lib/thumb/v7-m/nofp\libc_nano.a(libc_a-impure.o)
 .ARM.attributes
                0x0000000000000557       0x2d F:/CubeIDE1.14.1/STM32CubeIDE_1.14.1/STM32CubeIDE/plugins/com.st.stm32cube.ide.mcu.externaltools.gnu-tools-for-stm32.11.3.rel1.win32_1.1.100.202309141235/tools/bin/../lib/gcc/arm-none-eabi/11.3.1/../../../../arm-none-eabi/lib/thumb/v7-m/nofp\libc_nano.a(libc_a-lseekr.o)
 .ARM.attributes
                0x0000000000000584       0x2d F:/CubeIDE1.14.1/STM32CubeIDE_1.14.1/STM32CubeIDE/plugins/com.st.stm32cube.ide.mcu.externaltools.gnu-tools-for-stm32.11.3.rel1.win32_1.1.100.202309141235/tools/bin/../lib/gcc/arm-none-eabi/11.3.1/../../../../arm-none-eabi/lib/thumb/v7-m/nofp\libc_nano.a(libc_a-readr.o)
 .ARM.attributes
                0x00000000000005b1       0x2d F:/CubeIDE1.14.1/STM32CubeIDE_1.14.1/STM32CubeIDE/plugins/com.st.stm32cube.ide.mcu.externaltools.gnu-tools-for-stm32.11.3.rel1.win32_1.1.100.202309141235/tools/bin/../lib/gcc/arm-none-eabi/11.3.1/../../../../arm-none-eabi/lib/thumb/v7-m/nofp\libc_nano.a(libc_a-writer.o)
 .ARM.attributes
                0x00000000000005de       0x2d F:/CubeIDE1.14.1/STM32CubeIDE_1.14.1/STM32CubeIDE/plugins/com.st.stm32cube.ide.mcu.externaltools.gnu-tools-for-stm32.11.3.rel1.win32_1.1.100.202309141235/tools/bin/../lib/gcc/arm-none-eabi/11.3.1/../../../../arm-none-eabi/lib/thumb/v7-m/nofp\libc_nano.a(libc_a-errno.o)
 .ARM.attributes
                0x000000000000060b       0x2d F:/CubeIDE1.14.1/STM32CubeIDE_1.14.1/STM32CubeIDE/plugins/com.st.stm32cube.ide.mcu.externaltools.gnu-tools-for-stm32.11.3.rel1.win32_1.1.100.202309141235/tools/bin/../lib/gcc/arm-none-eabi/11.3.1/../../../../arm-none-eabi/lib/thumb/v7-m/nofp\libc_nano.a(libc_a-init.o)
 .ARM.attributes
                0x0000000000000638       0x2d F:/CubeIDE1.14.1/STM32CubeIDE_1.14.1/STM32CubeIDE/plugins/com.st.stm32cube.ide.mcu.externaltools.gnu-tools-for-stm32.11.3.rel1.win32_1.1.100.202309141235/tools/bin/../lib/gcc/arm-none-eabi/11.3.1/../../../../arm-none-eabi/lib/thumb/v7-m/nofp\libc_nano.a(libc_a-lock.o)
 .ARM.attributes
                0x0000000000000665       0x2d F:/CubeIDE1.14.1/STM32CubeIDE_1.14.1/STM32CubeIDE/plugins/com.st.stm32cube.ide.mcu.externaltools.gnu-tools-for-stm32.11.3.rel1.win32_1.1.100.202309141235/tools/bin/../lib/gcc/arm-none-eabi/11.3.1/../../../../arm-none-eabi/lib/thumb/v7-m/nofp\libc_nano.a(libc_a-freer.o)
 .ARM.attributes
                0x0000000000000692       0x2d F:/CubeIDE1.14.1/STM32CubeIDE_1.14.1/STM32CubeIDE/plugins/com.st.stm32cube.ide.mcu.externaltools.gnu-tools-for-stm32.11.3.rel1.win32_1.1.100.202309141235/tools/bin/../lib/gcc/arm-none-eabi/11.3.1/../../../../arm-none-eabi/lib/thumb/v7-m/nofp\libc_nano.a(libc_a-mallocr.o)
 .ARM.attributes
                0x00000000000006bf       0x2d F:/CubeIDE1.14.1/STM32CubeIDE_1.14.1/STM32CubeIDE/plugins/com.st.stm32cube.ide.mcu.externaltools.gnu-tools-for-stm32.11.3.rel1.win32_1.1.100.202309141235/tools/bin/../lib/gcc/arm-none-eabi/11.3.1/../../../../arm-none-eabi/lib/thumb/v7-m/nofp\libc_nano.a(libc_a-mlock.o)
 .ARM.attributes
                0x00000000000006ec       0x2d F:/CubeIDE1.14.1/STM32CubeIDE_1.14.1/STM32CubeIDE/plugins/com.st.stm32cube.ide.mcu.externaltools.gnu-tools-for-stm32.11.3.rel1.win32_1.1.100.202309141235/tools/bin/../lib/gcc/arm-none-eabi/11.3.1/../../../../arm-none-eabi/lib/thumb/v7-m/nofp\libc_nano.a(libc_a-fflush.o)
 .ARM.attributes
                0x0000000000000719       0x2d F:/CubeIDE1.14.1/STM32CubeIDE_1.14.1/STM32CubeIDE/plugins/com.st.stm32cube.ide.mcu.externaltools.gnu-tools-for-stm32.11.3.rel1.win32_1.1.100.202309141235/tools/bin/../lib/gcc/arm-none-eabi/11.3.1/../../../../arm-none-eabi/lib/thumb/v7-m/nofp\libc_nano.a(libc_a-makebuf.o)
 .ARM.attributes
                0x0000000000000746       0x2d F:/CubeIDE1.14.1/STM32CubeIDE_1.14.1/STM32CubeIDE/plugins/com.st.stm32cube.ide.mcu.externaltools.gnu-tools-for-stm32.11.3.rel1.win32_1.1.100.202309141235/tools/bin/../lib/gcc/arm-none-eabi/11.3.1/../../../../arm-none-eabi/lib/thumb/v7-m/nofp\libc_nano.a(libc_a-putc.o)
 .ARM.attributes
                0x0000000000000773       0x2d F:/CubeIDE1.14.1/STM32CubeIDE_1.14.1/STM32CubeIDE/plugins/com.st.stm32cube.ide.mcu.externaltools.gnu-tools-for-stm32.11.3.rel1.win32_1.1.100.202309141235/tools/bin/../lib/gcc/arm-none-eabi/11.3.1/../../../../arm-none-eabi/lib/thumb/v7-m/nofp\libc_nano.a(libc_a-fstatr.o)
 .ARM.attributes
                0x00000000000007a0       0x2d F:/CubeIDE1.14.1/STM32CubeIDE_1.14.1/STM32CubeIDE/plugins/com.st.stm32cube.ide.mcu.externaltools.gnu-tools-for-stm32.11.3.rel1.win32_1.1.100.202309141235/tools/bin/../lib/gcc/arm-none-eabi/11.3.1/../../../../arm-none-eabi/lib/thumb/v7-m/nofp\libc_nano.a(libc_a-isattyr.o)
 .ARM.attributes
                0x00000000000007cd       0x2d F:/CubeIDE1.14.1/STM32CubeIDE_1.14.1/STM32CubeIDE/plugins/com.st.stm32cube.ide.mcu.externaltools.gnu-tools-for-stm32.11.3.rel1.win32_1.1.100.202309141235/tools/bin/../lib/gcc/arm-none-eabi/11.3.1/../../../../arm-none-eabi/lib/thumb/v7-m/nofp\libc_nano.a(libc_a-sbrkr.o)
 .ARM.attributes
                0x00000000000007fa       0x1d F:/CubeIDE1.14.1/STM32CubeIDE_1.14.1/STM32CubeIDE/plugins/com.st.stm32cube.ide.mcu.externaltools.gnu-tools-for-stm32.11.3.rel1.win32_1.1.100.202309141235/tools/bin/../lib/gcc/arm-none-eabi/11.3.1/thumb/v7-m/nofp/crtn.o
OUTPUT(05_iwdg.elf elf32-littlearm)
LOAD linker stubs
LOAD F:/CubeIDE1.14.1/STM32CubeIDE_1.14.1/STM32CubeIDE/plugins/com.st.stm32cube.ide.mcu.externaltools.gnu-tools-for-stm32.11.3.rel1.win32_1.1.100.202309141235/tools/bin/../lib/gcc/arm-none-eabi/11.3.1/../../../../arm-none-eabi/lib/thumb/v7-m/nofp\libc.a
LOAD F:/CubeIDE1.14.1/STM32CubeIDE_1.14.1/STM32CubeIDE/plugins/com.st.stm32cube.ide.mcu.externaltools.gnu-tools-for-stm32.11.3.rel1.win32_1.1.100.202309141235/tools/bin/../lib/gcc/arm-none-eabi/11.3.1/../../../../arm-none-eabi/lib/thumb/v7-m/nofp\libm.a
LOAD F:/CubeIDE1.14.1/STM32CubeIDE_1.14.1/STM32CubeIDE/plugins/com.st.stm32cube.ide.mcu.externaltools.gnu-tools-for-stm32.11.3.rel1.win32_1.1.100.202309141235/tools/bin/../lib/gcc/arm-none-eabi/11.3.1/thumb/v7-m/nofp\libgcc.a

.comment        0x0000000000000000       0x43
 .comment       0x0000000000000000       0x43 F:/CubeIDE1.14.1/STM32CubeIDE_1.14.1/STM32CubeIDE/plugins/com.st.stm32cube.ide.mcu.externaltools.gnu-tools-for-stm32.11.3.rel1.win32_1.1.100.202309141235/tools/bin/../lib/gcc/arm-none-eabi/11.3.1/thumb/v7-m/nofp/crtbegin.o
                                         0x44 (size before relaxing)
 .comment       0x0000000000000043       0x44 ./BSP/KEY/key.o
 .comment       0x0000000000000043       0x44 ./Core/Src/gpio.o
 .comment       0x0000000000000043       0x44 ./Core/Src/iwdg.o
 .comment       0x0000000000000043       0x44 ./Core/Src/main.o
 .comment       0x0000000000000043       0x44 ./Core/Src/stm32f1xx_hal_msp.o
 .comment       0x0000000000000043       0x44 ./Core/Src/stm32f1xx_it.o
 .comment       0x0000000000000043       0x44 ./Core/Src/syscalls.o
 .comment       0x0000000000000043       0x44 ./Core/Src/sysmem.o
 .comment       0x0000000000000043       0x44 ./Core/Src/system_stm32f1xx.o
 .comment       0x0000000000000043       0x44 ./Core/Src/usart.o
 .comment       0x0000000000000043       0x44 ./libraries/Drivers/STM32F1xx_HAL_Driver/Src/stm32f1xx_hal.o
 .comment       0x0000000000000043       0x44 ./libraries/Drivers/STM32F1xx_HAL_Driver/Src/stm32f1xx_hal_cortex.o
 .comment       0x0000000000000043       0x44 ./libraries/Drivers/STM32F1xx_HAL_Driver/Src/stm32f1xx_hal_dma.o
 .comment       0x0000000000000043       0x44 ./libraries/Drivers/STM32F1xx_HAL_Driver/Src/stm32f1xx_hal_gpio.o
 .comment       0x0000000000000043       0x44 ./libraries/Drivers/STM32F1xx_HAL_Driver/Src/stm32f1xx_hal_iwdg.o
 .comment       0x0000000000000043       0x44 ./libraries/Drivers/STM32F1xx_HAL_Driver/Src/stm32f1xx_hal_rcc.o
 .comment       0x0000000000000043       0x44 ./libraries/Drivers/STM32F1xx_HAL_Driver/Src/stm32f1xx_hal_uart.o

.debug_info     0x0000000000000000     0x7f11
 .debug_info    0x0000000000000000      0x1d1 ./BSP/KEY/key.o
 .debug_info    0x00000000000001d1      0x2b7 ./Core/Src/gpio.o
 .debug_info    0x0000000000000488      0x1d9 ./Core/Src/iwdg.o
 .debug_info    0x0000000000000661      0x3c1 ./Core/Src/main.o
 .debug_info    0x0000000000000a22      0x204 ./Core/Src/stm32f1xx_hal_msp.o
 .debug_info    0x0000000000000c26      0x5eb ./Core/Src/stm32f1xx_it.o
 .debug_info    0x0000000000001211      0x6a3 ./Core/Src/syscalls.o
 .debug_info    0x00000000000018b4      0x168 ./Core/Src/sysmem.o
 .debug_info    0x0000000000001a1c      0x222 ./Core/Src/system_stm32f1xx.o
 .debug_info    0x0000000000001c3e      0xa86 ./Core/Src/usart.o
 .debug_info    0x00000000000026c4       0x23 ./Core/Startup/startup_stm32f103vetx.o
 .debug_info    0x00000000000026e7      0x76a ./libraries/Drivers/STM32F1xx_HAL_Driver/Src/stm32f1xx_hal.o
 .debug_info    0x0000000000002e51      0xaed ./libraries/Drivers/STM32F1xx_HAL_Driver/Src/stm32f1xx_hal_cortex.o
 .debug_info    0x000000000000393e      0x6d2 ./libraries/Drivers/STM32F1xx_HAL_Driver/Src/stm32f1xx_hal_dma.o
 .debug_info    0x0000000000004010      0x5ab ./libraries/Drivers/STM32F1xx_HAL_Driver/Src/stm32f1xx_hal_gpio.o
 .debug_info    0x00000000000045bb      0x1d9 ./libraries/Drivers/STM32F1xx_HAL_Driver/Src/stm32f1xx_hal_iwdg.o
 .debug_info    0x0000000000004794      0x7d5 ./libraries/Drivers/STM32F1xx_HAL_Driver/Src/stm32f1xx_hal_rcc.o
 .debug_info    0x0000000000004f69     0x2fa8 ./libraries/Drivers/STM32F1xx_HAL_Driver/Src/stm32f1xx_hal_uart.o

.debug_abbrev   0x0000000000000000     0x1daf
 .debug_abbrev  0x0000000000000000      0x11c ./BSP/KEY/key.o
 .debug_abbrev  0x000000000000011c      0x13f ./Core/Src/gpio.o
 .debug_abbrev  0x000000000000025b      0x12c ./Core/Src/iwdg.o
 .debug_abbrev  0x0000000000000387      0x20c ./Core/Src/main.o
 .debug_abbrev  0x0000000000000593       0xf7 ./Core/Src/stm32f1xx_hal_msp.o
 .debug_abbrev  0x000000000000068a      0x176 ./Core/Src/stm32f1xx_it.o
 .debug_abbrev  0x0000000000000800      0x1b6 ./Core/Src/syscalls.o
 .debug_abbrev  0x00000000000009b6       0xbc ./Core/Src/sysmem.o
 .debug_abbrev  0x0000000000000a72      0x13f ./Core/Src/system_stm32f1xx.o
 .debug_abbrev  0x0000000000000bb1      0x247 ./Core/Src/usart.o
 .debug_abbrev  0x0000000000000df8       0x12 ./Core/Startup/startup_stm32f103vetx.o
 .debug_abbrev  0x0000000000000e0a      0x201 ./libraries/Drivers/STM32F1xx_HAL_Driver/Src/stm32f1xx_hal.o
 .debug_abbrev  0x000000000000100b      0x2f8 ./libraries/Drivers/STM32F1xx_HAL_Driver/Src/stm32f1xx_hal_cortex.o
 .debug_abbrev  0x0000000000001303      0x20b ./libraries/Drivers/STM32F1xx_HAL_Driver/Src/stm32f1xx_hal_dma.o
 .debug_abbrev  0x000000000000150e      0x1ca ./libraries/Drivers/STM32F1xx_HAL_Driver/Src/stm32f1xx_hal_gpio.o
 .debug_abbrev  0x00000000000016d8      0x12c ./libraries/Drivers/STM32F1xx_HAL_Driver/Src/stm32f1xx_hal_iwdg.o
 .debug_abbrev  0x0000000000001804      0x2b3 ./libraries/Drivers/STM32F1xx_HAL_Driver/Src/stm32f1xx_hal_rcc.o
 .debug_abbrev  0x0000000000001ab7      0x2f8 ./libraries/Drivers/STM32F1xx_HAL_Driver/Src/stm32f1xx_hal_uart.o

.debug_aranges  0x0000000000000000      0x7f8
 .debug_aranges
                0x0000000000000000       0x20 ./BSP/KEY/key.o
 .debug_aranges
                0x0000000000000020       0x20 ./Core/Src/gpio.o
 .debug_aranges
                0x0000000000000040       0x28 ./Core/Src/iwdg.o
 .debug_aranges
                0x0000000000000068       0x38 ./Core/Src/main.o
 .debug_aranges
                0x00000000000000a0       0x20 ./Core/Src/stm32f1xx_hal_msp.o
 .debug_aranges
                0x00000000000000c0       0x68 ./Core/Src/stm32f1xx_it.o
 .debug_aranges
                0x0000000000000128       0xa8 ./Core/Src/syscalls.o
 .debug_aranges
                0x00000000000001d0       0x20 ./Core/Src/sysmem.o
 .debug_aranges
                0x00000000000001f0       0x28 ./Core/Src/system_stm32f1xx.o
 .debug_aranges
                0x0000000000000218       0x40 ./Core/Src/usart.o
 .debug_aranges
                0x0000000000000258       0x28 ./Core/Startup/startup_stm32f103vetx.o
 .debug_aranges
                0x0000000000000280       0xe0 ./libraries/Drivers/STM32F1xx_HAL_Driver/Src/stm32f1xx_hal.o
 .debug_aranges
                0x0000000000000360      0x100 ./libraries/Drivers/STM32F1xx_HAL_Driver/Src/stm32f1xx_hal_cortex.o
 .debug_aranges
                0x0000000000000460       0x80 ./libraries/Drivers/STM32F1xx_HAL_Driver/Src/stm32f1xx_hal_dma.o
 .debug_aranges
                0x00000000000004e0       0x58 ./libraries/Drivers/STM32F1xx_HAL_Driver/Src/stm32f1xx_hal_gpio.o
 .debug_aranges
                0x0000000000000538       0x28 ./libraries/Drivers/STM32F1xx_HAL_Driver/Src/stm32f1xx_hal_iwdg.o
 .debug_aranges
                0x0000000000000560       0x90 ./libraries/Drivers/STM32F1xx_HAL_Driver/Src/stm32f1xx_hal_rcc.o
 .debug_aranges
                0x00000000000005f0      0x208 ./libraries/Drivers/STM32F1xx_HAL_Driver/Src/stm32f1xx_hal_uart.o

.debug_rnglists
                0x0000000000000000      0x5f2
 .debug_rnglists
                0x0000000000000000       0x14 ./BSP/KEY/key.o
 .debug_rnglists
                0x0000000000000014       0x14 ./Core/Src/gpio.o
 .debug_rnglists
                0x0000000000000028       0x19 ./Core/Src/iwdg.o
 .debug_rnglists
                0x0000000000000041       0x26 ./Core/Src/main.o
 .debug_rnglists
                0x0000000000000067       0x13 ./Core/Src/stm32f1xx_hal_msp.o
 .debug_rnglists
                0x000000000000007a       0x49 ./Core/Src/stm32f1xx_it.o
 .debug_rnglists
                0x00000000000000c3       0x79 ./Core/Src/syscalls.o
 .debug_rnglists
                0x000000000000013c       0x13 ./Core/Src/sysmem.o
 .debug_rnglists
                0x000000000000014f       0x1a ./Core/Src/system_stm32f1xx.o
 .debug_rnglists
                0x0000000000000169       0x2d ./Core/Src/usart.o
 .debug_rnglists
                0x0000000000000196       0x19 ./Core/Startup/startup_stm32f103vetx.o
 .debug_rnglists
                0x00000000000001af       0xa3 ./libraries/Drivers/STM32F1xx_HAL_Driver/Src/stm32f1xx_hal.o
 .debug_rnglists
                0x0000000000000252       0xbb ./libraries/Drivers/STM32F1xx_HAL_Driver/Src/stm32f1xx_hal_cortex.o
 .debug_rnglists
                0x000000000000030d       0x64 ./libraries/Drivers/STM32F1xx_HAL_Driver/Src/stm32f1xx_hal_dma.o
 .debug_rnglists
                0x0000000000000371       0x3f ./libraries/Drivers/STM32F1xx_HAL_Driver/Src/stm32f1xx_hal_gpio.o
 .debug_rnglists
                0x00000000000003b0       0x1a ./libraries/Drivers/STM32F1xx_HAL_Driver/Src/stm32f1xx_hal_iwdg.o
 .debug_rnglists
                0x00000000000003ca       0x6c ./libraries/Drivers/STM32F1xx_HAL_Driver/Src/stm32f1xx_hal_rcc.o
 .debug_rnglists
                0x0000000000000436      0x1bc ./libraries/Drivers/STM32F1xx_HAL_Driver/Src/stm32f1xx_hal_uart.o

.debug_macro    0x0000000000000000    0x1a3e5
 .debug_macro   0x0000000000000000      0x1b6 ./BSP/KEY/key.o
 .debug_macro   0x00000000000001b6      0xa9c ./BSP/KEY/key.o
 .debug_macro   0x0000000000000c52      0x21b ./BSP/KEY/key.o
 .debug_macro   0x0000000000000e6d       0x2e ./BSP/KEY/key.o
 .debug_macro   0x0000000000000e9b       0x22 ./BSP/KEY/key.o
 .debug_macro   0x0000000000000ebd       0x22 ./BSP/KEY/key.o
 .debug_macro   0x0000000000000edf       0x8e ./BSP/KEY/key.o
 .debug_macro   0x0000000000000f6d       0x51 ./BSP/KEY/key.o
 .debug_macro   0x0000000000000fbe      0x103 ./BSP/KEY/key.o
 .debug_macro   0x00000000000010c1       0x6a ./BSP/KEY/key.o
 .debug_macro   0x000000000000112b      0x1df ./BSP/KEY/key.o
 .debug_macro   0x000000000000130a       0x1c ./BSP/KEY/key.o
 .debug_macro   0x0000000000001326       0x22 ./BSP/KEY/key.o
 .debug_macro   0x0000000000001348       0xbd ./BSP/KEY/key.o
 .debug_macro   0x0000000000001405      0xd23 ./BSP/KEY/key.o
 .debug_macro   0x0000000000002128     0xfd8c ./BSP/KEY/key.o
 .debug_macro   0x0000000000011eb4       0x6d ./BSP/KEY/key.o
 .debug_macro   0x0000000000011f21     0x348d ./BSP/KEY/key.o
 .debug_macro   0x00000000000153ae      0x174 ./BSP/KEY/key.o
 .debug_macro   0x0000000000015522       0x5c ./BSP/KEY/key.o
 .debug_macro   0x000000000001557e      0x5bc ./BSP/KEY/key.o
 .debug_macro   0x0000000000015b3a      0x4d5 ./BSP/KEY/key.o
 .debug_macro   0x000000000001600f      0x1cb ./BSP/KEY/key.o
 .debug_macro   0x00000000000161da      0x114 ./BSP/KEY/key.o
 .debug_macro   0x00000000000162ee      0x1ea ./BSP/KEY/key.o
 .debug_macro   0x00000000000164d8       0x27 ./BSP/KEY/key.o
 .debug_macro   0x00000000000164ff      0x144 ./BSP/KEY/key.o
 .debug_macro   0x0000000000016643      0x1bc ./BSP/KEY/key.o
 .debug_macro   0x00000000000167ff       0x30 ./BSP/KEY/key.o
 .debug_macro   0x000000000001682f       0x3c ./BSP/KEY/key.o
 .debug_macro   0x000000000001686b       0x57 ./BSP/KEY/key.o
 .debug_macro   0x00000000000168c2       0x87 ./BSP/KEY/key.o
 .debug_macro   0x0000000000016949      0x24f ./BSP/KEY/key.o
 .debug_macro   0x0000000000016b98       0x78 ./BSP/KEY/key.o
 .debug_macro   0x0000000000016c10      0x140 ./BSP/KEY/key.o
 .debug_macro   0x0000000000016d50      0x28e ./BSP/KEY/key.o
 .debug_macro   0x0000000000016fde       0xb5 ./BSP/KEY/key.o
 .debug_macro   0x0000000000017093       0x34 ./BSP/KEY/key.o
 .debug_macro   0x00000000000170c7       0x1c ./BSP/KEY/key.o
 .debug_macro   0x00000000000170e3      0x1b1 ./Core/Src/gpio.o
 .debug_macro   0x0000000000017294      0x1b1 ./Core/Src/iwdg.o
 .debug_macro   0x0000000000017445      0x2b8 ./Core/Src/main.o
 .debug_macro   0x00000000000176fd       0x61 ./Core/Src/main.o
 .debug_macro   0x000000000001775e       0x24 ./Core/Src/main.o
 .debug_macro   0x0000000000017782       0x43 ./Core/Src/main.o
 .debug_macro   0x00000000000177c5       0x34 ./Core/Src/main.o
 .debug_macro   0x00000000000177f9       0x16 ./Core/Src/main.o
 .debug_macro   0x000000000001780f       0x35 ./Core/Src/main.o
 .debug_macro   0x0000000000017844      0x369 ./Core/Src/main.o
 .debug_macro   0x0000000000017bad       0x10 ./Core/Src/main.o
 .debug_macro   0x0000000000017bbd       0x16 ./Core/Src/main.o
 .debug_macro   0x0000000000017bd3       0x43 ./Core/Src/main.o
 .debug_macro   0x0000000000017c16       0x34 ./Core/Src/main.o
 .debug_macro   0x0000000000017c4a       0x10 ./Core/Src/main.o
 .debug_macro   0x0000000000017c5a       0x58 ./Core/Src/main.o
 .debug_macro   0x0000000000017cb2       0x8e ./Core/Src/main.o
 .debug_macro   0x0000000000017d40       0x1c ./Core/Src/main.o
 .debug_macro   0x0000000000017d5c      0x177 ./Core/Src/main.o
 .debug_macro   0x0000000000017ed3       0x16 ./Core/Src/main.o
 .debug_macro   0x0000000000017ee9       0x16 ./Core/Src/main.o
 .debug_macro   0x0000000000017eff      0x147 ./Core/Src/main.o
 .debug_macro   0x0000000000018046       0x10 ./Core/Src/main.o
 .debug_macro   0x0000000000018056       0x22 ./Core/Src/main.o
 .debug_macro   0x0000000000018078       0x22 ./Core/Src/main.o
 .debug_macro   0x000000000001809a      0x1a7 ./Core/Src/stm32f1xx_hal_msp.o
 .debug_macro   0x0000000000018241      0x1b1 ./Core/Src/stm32f1xx_it.o
 .debug_macro   0x00000000000183f2      0x274 ./Core/Src/syscalls.o
 .debug_macro   0x0000000000018666       0x5b ./Core/Src/syscalls.o
 .debug_macro   0x00000000000186c1       0x94 ./Core/Src/syscalls.o
 .debug_macro   0x0000000000018755       0x57 ./Core/Src/syscalls.o
 .debug_macro   0x00000000000187ac       0x10 ./Core/Src/syscalls.o
 .debug_macro   0x00000000000187bc       0x10 ./Core/Src/syscalls.o
 .debug_macro   0x00000000000187cc       0x10 ./Core/Src/syscalls.o
 .debug_macro   0x00000000000187dc       0x10 ./Core/Src/syscalls.o
 .debug_macro   0x00000000000187ec       0x1c ./Core/Src/syscalls.o
 .debug_macro   0x0000000000018808       0x52 ./Core/Src/syscalls.o
 .debug_macro   0x000000000001885a       0x22 ./Core/Src/syscalls.o
 .debug_macro   0x000000000001887c       0x10 ./Core/Src/syscalls.o
 .debug_macro   0x000000000001888c       0x52 ./Core/Src/syscalls.o
 .debug_macro   0x00000000000188de       0xcf ./Core/Src/syscalls.o
 .debug_macro   0x00000000000189ad       0x1c ./Core/Src/syscalls.o
 .debug_macro   0x00000000000189c9       0x3d ./Core/Src/syscalls.o
 .debug_macro   0x0000000000018a06       0x35 ./Core/Src/syscalls.o
 .debug_macro   0x0000000000018a3b      0x12c ./Core/Src/syscalls.o
 .debug_macro   0x0000000000018b67       0x16 ./Core/Src/syscalls.o
 .debug_macro   0x0000000000018b7d       0x16 ./Core/Src/syscalls.o
 .debug_macro   0x0000000000018b93       0x29 ./Core/Src/syscalls.o
 .debug_macro   0x0000000000018bbc       0x10 ./Core/Src/syscalls.o
 .debug_macro   0x0000000000018bcc      0x242 ./Core/Src/syscalls.o
 .debug_macro   0x0000000000018e0e       0x1c ./Core/Src/syscalls.o
 .debug_macro   0x0000000000018e2a       0x10 ./Core/Src/syscalls.o
 .debug_macro   0x0000000000018e3a      0x18a ./Core/Src/syscalls.o
 .debug_macro   0x0000000000018fc4       0x16 ./Core/Src/syscalls.o
 .debug_macro   0x0000000000018fda       0xce ./Core/Src/syscalls.o
 .debug_macro   0x00000000000190a8       0xff ./Core/Src/sysmem.o
 .debug_macro   0x00000000000191a7      0x23c ./Core/Src/sysmem.o
 .debug_macro   0x00000000000193e3      0x198 ./Core/Src/system_stm32f1xx.o
 .debug_macro   0x000000000001957b      0x294 ./Core/Src/usart.o
 .debug_macro   0x000000000001980f      0x1bc ./libraries/Drivers/STM32F1xx_HAL_Driver/Src/stm32f1xx_hal.o
 .debug_macro   0x00000000000199cb      0x198 ./libraries/Drivers/STM32F1xx_HAL_Driver/Src/stm32f1xx_hal_cortex.o
 .debug_macro   0x0000000000019b63      0x198 ./libraries/Drivers/STM32F1xx_HAL_Driver/Src/stm32f1xx_hal_dma.o
 .debug_macro   0x0000000000019cfb      0x203 ./libraries/Drivers/STM32F1xx_HAL_Driver/Src/stm32f1xx_hal_gpio.o
 .debug_macro   0x0000000000019efe      0x1a4 ./libraries/Drivers/STM32F1xx_HAL_Driver/Src/stm32f1xx_hal_iwdg.o
 .debug_macro   0x000000000001a0a2      0x1aa ./libraries/Drivers/STM32F1xx_HAL_Driver/Src/stm32f1xx_hal_rcc.o
 .debug_macro   0x000000000001a24c      0x199 ./libraries/Drivers/STM32F1xx_HAL_Driver/Src/stm32f1xx_hal_uart.o

.debug_line     0x0000000000000000     0xc615
 .debug_line    0x0000000000000000      0x77d ./BSP/KEY/key.o
 .debug_line    0x000000000000077d      0x740 ./Core/Src/gpio.o
 .debug_line    0x0000000000000ebd      0x74b ./Core/Src/iwdg.o
 .debug_line    0x0000000000001608      0xa70 ./Core/Src/main.o
 .debug_line    0x0000000000002078      0x72a ./Core/Src/stm32f1xx_hal_msp.o
 .debug_line    0x00000000000027a2      0x802 ./Core/Src/stm32f1xx_it.o
 .debug_line    0x0000000000002fa4      0xa61 ./Core/Src/syscalls.o
 .debug_line    0x0000000000003a05      0x678 ./Core/Src/sysmem.o
 .debug_line    0x000000000000407d      0x7a6 ./Core/Src/system_stm32f1xx.o
 .debug_line    0x0000000000004823      0xa56 ./Core/Src/usart.o
 .debug_line    0x0000000000005279       0x79 ./Core/Startup/startup_stm32f103vetx.o
 .debug_line    0x00000000000052f2      0xa0b ./libraries/Drivers/STM32F1xx_HAL_Driver/Src/stm32f1xx_hal.o
 .debug_line    0x0000000000005cfd      0xbf3 ./libraries/Drivers/STM32F1xx_HAL_Driver/Src/stm32f1xx_hal_cortex.o
 .debug_line    0x00000000000068f0     0x1336 ./libraries/Drivers/STM32F1xx_HAL_Driver/Src/stm32f1xx_hal_dma.o
 .debug_line    0x0000000000007c26      0xacc ./libraries/Drivers/STM32F1xx_HAL_Driver/Src/stm32f1xx_hal_gpio.o
 .debug_line    0x00000000000086f2      0x7d6 ./libraries/Drivers/STM32F1xx_HAL_Driver/Src/stm32f1xx_hal_iwdg.o
 .debug_line    0x0000000000008ec8      0xe14 ./libraries/Drivers/STM32F1xx_HAL_Driver/Src/stm32f1xx_hal_rcc.o
 .debug_line    0x0000000000009cdc     0x2939 ./libraries/Drivers/STM32F1xx_HAL_Driver/Src/stm32f1xx_hal_uart.o

.debug_str      0x0000000000000000    0x92aae
 .debug_str     0x0000000000000000    0x8ade6 ./BSP/KEY/key.o
                                      0x8b1eb (size before relaxing)
 .debug_str     0x000000000008ade6       0xbe ./Core/Src/gpio.o
                                      0x8b1c9 (size before relaxing)
 .debug_str     0x000000000008aea4       0xe5 ./Core/Src/iwdg.o
                                      0x8b1a2 (size before relaxing)
 .debug_str     0x000000000008af89     0x3aa5 ./Core/Src/main.o
                                      0x8ed01 (size before relaxing)
 .debug_str     0x000000000008ea2e       0x77 ./Core/Src/stm32f1xx_hal_msp.o
                                      0x8b16e (size before relaxing)
 .debug_str     0x000000000008eaa5      0x472 ./Core/Src/stm32f1xx_it.o
                                      0x8b5a1 (size before relaxing)
 .debug_str     0x000000000008ef17     0x20e8 ./Core/Src/syscalls.o
                                       0x985b (size before relaxing)
 .debug_str     0x0000000000090fff       0x6b ./Core/Src/sysmem.o
                                       0x6012 (size before relaxing)
 .debug_str     0x000000000009106a       0x7e ./Core/Src/system_stm32f1xx.o
                                      0x8b0d5 (size before relaxing)
 .debug_str     0x00000000000910e8      0x43c ./Core/Src/usart.o
                                      0x8f1f4 (size before relaxing)
 .debug_str     0x0000000000091524       0x34 ./Core/Startup/startup_stm32f103vetx.o
                                         0x7c (size before relaxing)
 .debug_str     0x0000000000091558      0x39a ./libraries/Drivers/STM32F1xx_HAL_Driver/Src/stm32f1xx_hal.o
                                      0x8b924 (size before relaxing)
 .debug_str     0x00000000000918f2      0x2cc ./libraries/Drivers/STM32F1xx_HAL_Driver/Src/stm32f1xx_hal_cortex.o
                                      0x8b870 (size before relaxing)
 .debug_str     0x0000000000091bbe      0x272 ./libraries/Drivers/STM32F1xx_HAL_Driver/Src/stm32f1xx_hal_dma.o
                                      0x8b4b6 (size before relaxing)
 .debug_str     0x0000000000091e30      0x308 ./libraries/Drivers/STM32F1xx_HAL_Driver/Src/stm32f1xx_hal_gpio.o
                                      0x8b493 (size before relaxing)
 .debug_str     0x0000000000092138      0x10c ./libraries/Drivers/STM32F1xx_HAL_Driver/Src/stm32f1xx_hal_iwdg.o
                                      0x8b1cf (size before relaxing)
 .debug_str     0x0000000000092244      0x261 ./libraries/Drivers/STM32F1xx_HAL_Driver/Src/stm32f1xx_hal_rcc.o
                                      0x8b53c (size before relaxing)
 .debug_str     0x00000000000924a5      0x609 ./libraries/Drivers/STM32F1xx_HAL_Driver/Src/stm32f1xx_hal_uart.o
                                      0x8bbad (size before relaxing)

.debug_frame    0x0000000000000000     0x23f0
 .debug_frame   0x0000000000000000       0x34 ./BSP/KEY/key.o
 .debug_frame   0x0000000000000034       0x34 ./Core/Src/gpio.o
 .debug_frame   0x0000000000000068       0x48 ./Core/Src/iwdg.o
 .debug_frame   0x00000000000000b0       0x84 ./Core/Src/main.o
 .debug_frame   0x0000000000000134       0x34 ./Core/Src/stm32f1xx_hal_msp.o
 .debug_frame   0x0000000000000168      0x120 ./Core/Src/stm32f1xx_it.o
 .debug_frame   0x0000000000000288      0x2ac ./Core/Src/syscalls.o
 .debug_frame   0x0000000000000534       0x34 ./Core/Src/sysmem.o
 .debug_frame   0x0000000000000568       0x58 ./Core/Src/system_stm32f1xx.o
 .debug_frame   0x00000000000005c0       0xbc ./Core/Src/usart.o
 .debug_frame   0x000000000000067c      0x334 ./libraries/Drivers/STM32F1xx_HAL_Driver/Src/stm32f1xx_hal.o
 .debug_frame   0x00000000000009b0      0x428 ./libraries/Drivers/STM32F1xx_HAL_Driver/Src/stm32f1xx_hal_cortex.o
 .debug_frame   0x0000000000000dd8      0x20c ./libraries/Drivers/STM32F1xx_HAL_Driver/Src/stm32f1xx_hal_dma.o
 .debug_frame   0x0000000000000fe4      0x14c ./libraries/Drivers/STM32F1xx_HAL_Driver/Src/stm32f1xx_hal_gpio.o
 .debug_frame   0x0000000000001130       0x5c ./libraries/Drivers/STM32F1xx_HAL_Driver/Src/stm32f1xx_hal_iwdg.o
 .debug_frame   0x000000000000118c      0x218 ./libraries/Drivers/STM32F1xx_HAL_Driver/Src/stm32f1xx_hal_rcc.o
 .debug_frame   0x00000000000013a4      0x944 ./libraries/Drivers/STM32F1xx_HAL_Driver/Src/stm32f1xx_hal_uart.o
 .debug_frame   0x0000000000001ce8      0x144 F:/CubeIDE1.14.1/STM32CubeIDE_1.14.1/STM32CubeIDE/plugins/com.st.stm32cube.ide.mcu.externaltools.gnu-tools-for-stm32.11.3.rel1.win32_1.1.100.202309141235/tools/bin/../lib/gcc/arm-none-eabi/11.3.1/../../../../arm-none-eabi/lib/thumb/v7-m/nofp\libc_nano.a(libc_a-findfp.o)
 .debug_frame   0x0000000000001e2c       0x34 F:/CubeIDE1.14.1/STM32CubeIDE_1.14.1/STM32CubeIDE/plugins/com.st.stm32cube.ide.mcu.externaltools.gnu-tools-for-stm32.11.3.rel1.win32_1.1.100.202309141235/tools/bin/../lib/gcc/arm-none-eabi/11.3.1/../../../../arm-none-eabi/lib/thumb/v7-m/nofp\libc_nano.a(libc_a-fwalk.o)
 .debug_frame   0x0000000000001e60       0x30 F:/CubeIDE1.14.1/STM32CubeIDE_1.14.1/STM32CubeIDE/plugins/com.st.stm32cube.ide.mcu.externaltools.gnu-tools-for-stm32.11.3.rel1.win32_1.1.100.202309141235/tools/bin/../lib/gcc/arm-none-eabi/11.3.1/../../../../arm-none-eabi/lib/thumb/v7-m/nofp\libc_nano.a(libc_a-putchar.o)
 .debug_frame   0x0000000000001e90       0x3c F:/CubeIDE1.14.1/STM32CubeIDE_1.14.1/STM32CubeIDE/plugins/com.st.stm32cube.ide.mcu.externaltools.gnu-tools-for-stm32.11.3.rel1.win32_1.1.100.202309141235/tools/bin/../lib/gcc/arm-none-eabi/11.3.1/../../../../arm-none-eabi/lib/thumb/v7-m/nofp\libc_nano.a(libc_a-puts.o)
 .debug_frame   0x0000000000001ecc       0x88 F:/CubeIDE1.14.1/STM32CubeIDE_1.14.1/STM32CubeIDE/plugins/com.st.stm32cube.ide.mcu.externaltools.gnu-tools-for-stm32.11.3.rel1.win32_1.1.100.202309141235/tools/bin/../lib/gcc/arm-none-eabi/11.3.1/../../../../arm-none-eabi/lib/thumb/v7-m/nofp\libc_nano.a(libc_a-stdio.o)
 .debug_frame   0x0000000000001f54       0x40 F:/CubeIDE1.14.1/STM32CubeIDE_1.14.1/STM32CubeIDE/plugins/com.st.stm32cube.ide.mcu.externaltools.gnu-tools-for-stm32.11.3.rel1.win32_1.1.100.202309141235/tools/bin/../lib/gcc/arm-none-eabi/11.3.1/../../../../arm-none-eabi/lib/thumb/v7-m/nofp\libc_nano.a(libc_a-wbuf.o)
 .debug_frame   0x0000000000001f94       0x2c F:/CubeIDE1.14.1/STM32CubeIDE_1.14.1/STM32CubeIDE/plugins/com.st.stm32cube.ide.mcu.externaltools.gnu-tools-for-stm32.11.3.rel1.win32_1.1.100.202309141235/tools/bin/../lib/gcc/arm-none-eabi/11.3.1/../../../../arm-none-eabi/lib/thumb/v7-m/nofp\libc_nano.a(libc_a-wsetup.o)
 .debug_frame   0x0000000000001fc0       0x20 F:/CubeIDE1.14.1/STM32CubeIDE_1.14.1/STM32CubeIDE/plugins/com.st.stm32cube.ide.mcu.externaltools.gnu-tools-for-stm32.11.3.rel1.win32_1.1.100.202309141235/tools/bin/../lib/gcc/arm-none-eabi/11.3.1/../../../../arm-none-eabi/lib/thumb/v7-m/nofp\libc_nano.a(libc_a-memset.o)
 .debug_frame   0x0000000000001fe0       0x2c F:/CubeIDE1.14.1/STM32CubeIDE_1.14.1/STM32CubeIDE/plugins/com.st.stm32cube.ide.mcu.externaltools.gnu-tools-for-stm32.11.3.rel1.win32_1.1.100.202309141235/tools/bin/../lib/gcc/arm-none-eabi/11.3.1/../../../../arm-none-eabi/lib/thumb/v7-m/nofp\libc_nano.a(libc_a-closer.o)
 .debug_frame   0x000000000000200c       0x38 F:/CubeIDE1.14.1/STM32CubeIDE_1.14.1/STM32CubeIDE/plugins/com.st.stm32cube.ide.mcu.externaltools.gnu-tools-for-stm32.11.3.rel1.win32_1.1.100.202309141235/tools/bin/../lib/gcc/arm-none-eabi/11.3.1/../../../../arm-none-eabi/lib/thumb/v7-m/nofp\libc_nano.a(libc_a-reent.o)
 .debug_frame   0x0000000000002044       0x2c F:/CubeIDE1.14.1/STM32CubeIDE_1.14.1/STM32CubeIDE/plugins/com.st.stm32cube.ide.mcu.externaltools.gnu-tools-for-stm32.11.3.rel1.win32_1.1.100.202309141235/tools/bin/../lib/gcc/arm-none-eabi/11.3.1/../../../../arm-none-eabi/lib/thumb/v7-m/nofp\libc_nano.a(libc_a-lseekr.o)
 .debug_frame   0x0000000000002070       0x2c F:/CubeIDE1.14.1/STM32CubeIDE_1.14.1/STM32CubeIDE/plugins/com.st.stm32cube.ide.mcu.externaltools.gnu-tools-for-stm32.11.3.rel1.win32_1.1.100.202309141235/tools/bin/../lib/gcc/arm-none-eabi/11.3.1/../../../../arm-none-eabi/lib/thumb/v7-m/nofp\libc_nano.a(libc_a-readr.o)
 .debug_frame   0x000000000000209c       0x2c F:/CubeIDE1.14.1/STM32CubeIDE_1.14.1/STM32CubeIDE/plugins/com.st.stm32cube.ide.mcu.externaltools.gnu-tools-for-stm32.11.3.rel1.win32_1.1.100.202309141235/tools/bin/../lib/gcc/arm-none-eabi/11.3.1/../../../../arm-none-eabi/lib/thumb/v7-m/nofp\libc_nano.a(libc_a-writer.o)
 .debug_frame   0x00000000000020c8       0x20 F:/CubeIDE1.14.1/STM32CubeIDE_1.14.1/STM32CubeIDE/plugins/com.st.stm32cube.ide.mcu.externaltools.gnu-tools-for-stm32.11.3.rel1.win32_1.1.100.202309141235/tools/bin/../lib/gcc/arm-none-eabi/11.3.1/../../../../arm-none-eabi/lib/thumb/v7-m/nofp\libc_nano.a(libc_a-errno.o)
 .debug_frame   0x00000000000020e8       0x2c F:/CubeIDE1.14.1/STM32CubeIDE_1.14.1/STM32CubeIDE/plugins/com.st.stm32cube.ide.mcu.externaltools.gnu-tools-for-stm32.11.3.rel1.win32_1.1.100.202309141235/tools/bin/../lib/gcc/arm-none-eabi/11.3.1/../../../../arm-none-eabi/lib/thumb/v7-m/nofp\libc_nano.a(libc_a-init.o)
 .debug_frame   0x0000000000002114       0xb0 F:/CubeIDE1.14.1/STM32CubeIDE_1.14.1/STM32CubeIDE/plugins/com.st.stm32cube.ide.mcu.externaltools.gnu-tools-for-stm32.11.3.rel1.win32_1.1.100.202309141235/tools/bin/../lib/gcc/arm-none-eabi/11.3.1/../../../../arm-none-eabi/lib/thumb/v7-m/nofp\libc_nano.a(libc_a-lock.o)
 .debug_frame   0x00000000000021c4       0x38 F:/CubeIDE1.14.1/STM32CubeIDE_1.14.1/STM32CubeIDE/plugins/com.st.stm32cube.ide.mcu.externaltools.gnu-tools-for-stm32.11.3.rel1.win32_1.1.100.202309141235/tools/bin/../lib/gcc/arm-none-eabi/11.3.1/../../../../arm-none-eabi/lib/thumb/v7-m/nofp\libc_nano.a(libc_a-freer.o)
 .debug_frame   0x00000000000021fc       0x50 F:/CubeIDE1.14.1/STM32CubeIDE_1.14.1/STM32CubeIDE/plugins/com.st.stm32cube.ide.mcu.externaltools.gnu-tools-for-stm32.11.3.rel1.win32_1.1.100.202309141235/tools/bin/../lib/gcc/arm-none-eabi/11.3.1/../../../../arm-none-eabi/lib/thumb/v7-m/nofp\libc_nano.a(libc_a-mallocr.o)
 .debug_frame   0x000000000000224c       0x30 F:/CubeIDE1.14.1/STM32CubeIDE_1.14.1/STM32CubeIDE/plugins/com.st.stm32cube.ide.mcu.externaltools.gnu-tools-for-stm32.11.3.rel1.win32_1.1.100.202309141235/tools/bin/../lib/gcc/arm-none-eabi/11.3.1/../../../../arm-none-eabi/lib/thumb/v7-m/nofp\libc_nano.a(libc_a-mlock.o)
 .debug_frame   0x000000000000227c       0x5c F:/CubeIDE1.14.1/STM32CubeIDE_1.14.1/STM32CubeIDE/plugins/com.st.stm32cube.ide.mcu.externaltools.gnu-tools-for-stm32.11.3.rel1.win32_1.1.100.202309141235/tools/bin/../lib/gcc/arm-none-eabi/11.3.1/../../../../arm-none-eabi/lib/thumb/v7-m/nofp\libc_nano.a(libc_a-fflush.o)
 .debug_frame   0x00000000000022d8       0x58 F:/CubeIDE1.14.1/STM32CubeIDE_1.14.1/STM32CubeIDE/plugins/com.st.stm32cube.ide.mcu.externaltools.gnu-tools-for-stm32.11.3.rel1.win32_1.1.100.202309141235/tools/bin/../lib/gcc/arm-none-eabi/11.3.1/../../../../arm-none-eabi/lib/thumb/v7-m/nofp\libc_nano.a(libc_a-makebuf.o)
 .debug_frame   0x0000000000002330       0x3c F:/CubeIDE1.14.1/STM32CubeIDE_1.14.1/STM32CubeIDE/plugins/com.st.stm32cube.ide.mcu.externaltools.gnu-tools-for-stm32.11.3.rel1.win32_1.1.100.202309141235/tools/bin/../lib/gcc/arm-none-eabi/11.3.1/../../../../arm-none-eabi/lib/thumb/v7-m/nofp\libc_nano.a(libc_a-putc.o)
 .debug_frame   0x000000000000236c       0x2c F:/CubeIDE1.14.1/STM32CubeIDE_1.14.1/STM32CubeIDE/plugins/com.st.stm32cube.ide.mcu.externaltools.gnu-tools-for-stm32.11.3.rel1.win32_1.1.100.202309141235/tools/bin/../lib/gcc/arm-none-eabi/11.3.1/../../../../arm-none-eabi/lib/thumb/v7-m/nofp\libc_nano.a(libc_a-fstatr.o)
 .debug_frame   0x0000000000002398       0x2c F:/CubeIDE1.14.1/STM32CubeIDE_1.14.1/STM32CubeIDE/plugins/com.st.stm32cube.ide.mcu.externaltools.gnu-tools-for-stm32.11.3.rel1.win32_1.1.100.202309141235/tools/bin/../lib/gcc/arm-none-eabi/11.3.1/../../../../arm-none-eabi/lib/thumb/v7-m/nofp\libc_nano.a(libc_a-isattyr.o)