11:46:07 **** Incremental Build of configuration Debug for project 06_wwdg ****
make -j16 all 
arm-none-eabi-gcc "../Core/Src/main.c" -mcpu=cortex-m3 -std=gnu11 -g3 -DDEBUG -DUSE_HAL_DRIVER -DSTM32F103xE -c -I../Core/Inc -I../BSP/LED -I../BSP/KEY -I../../../libraries/Drivers/STM32F1xx_HAL_Driver/Inc/Legacy -I../../../libraries/Drivers/STM32F1xx_HAL_Driver/Inc -I../../../libraries/Drivers/CMSIS/Device/ST/STM32F1xx/Include -I../../../libraries/Drivers/CMSIS/Include -O0 -ffunction-sections -fdata-sections -Wall -fstack-usage -fcyclomatic-complexity -MMD -MP -MF"Core/Src/main.d" -MT"Core/Src/main.o" --specs=nano.specs -mfloat-abi=soft -mthumb -o "Core/Src/main.o"
arm-none-eabi-gcc -o "06_wwdg.elf" @"objects.list"   -mcpu=cortex-m3 -T"F:\CubeIDE\h503_Git\m100-m3-mini-board-stm32f103\examples\06_wwdg\STM32F103VETX_FLASH.ld" --specs=nosys.specs -Wl,-Map="06_wwdg.map" -Wl,--gc-sections -static --specs=nano.specs -mfloat-abi=soft -mthumb -Wl,--start-group -lc -lm -Wl,--end-group
Finished building target: 06_wwdg.elf
 
arm-none-eabi-size  06_wwdg.elf 
arm-none-eabi-objdump -h -S 06_wwdg.elf  > "06_wwdg.list"
   text	   data	    bss	    dec	    hex	filename
  12832	    112	   2208	  15152	   3b30	06_wwdg.elf
Finished building: default.size.stdout
 
Finished building: 06_wwdg.list
 

11:46:09 Build Finished. 0 errors, 0 warnings. (took 1s.840ms)

