11:51:12 **** Incremental Build of configuration Debug for project 28_led_flash_app ****
make -j16 all 
arm-none-eabi-gcc "../Core/Src/main.c" -mcpu=cortex-m3 -std=gnu11 -g3 -DDEBUG -DUSE_HAL_DRIVER -DSTM32F103xE -c -I../Core/Inc -I../BSP/LED -I../../../libraries/Drivers/STM32F1xx_HAL_Driver/Inc/Legacy -I../../../libraries/Drivers/STM32F1xx_HAL_Driver/Inc -I../../../libraries/Drivers/CMSIS/Device/ST/STM32F1xx/Include -I../../../libraries/Drivers/CMSIS/Include -O0 -ffunction-sections -fdata-sections -Wall -fstack-usage -fcyclomatic-complexity -MMD -MP -MF"Core/Src/main.d" -MT"Core/Src/main.o" --specs=nano.specs -mfloat-abi=soft -mthumb -o "Core/Src/main.o"
arm-none-eabi-gcc -o "28_led_flash_app.elf" @"objects.list"   -mcpu=cortex-m3 -T"F:\CubeIDE\h503_Git\m100-m3-mini-board-stm32f103\examples\28_led_flash_app\STM32F103VETX_FLASH.ld" --specs=nosys.specs -Wl,-Map="28_led_flash_app.map" -Wl,--gc-sections -static --specs=nano.specs -mfloat-abi=soft -mthumb -Wl,--start-group -lc -lm -Wl,--end-group
Finished building target: 28_led_flash_app.elf
 
arm-none-eabi-size  28_led_flash_app.elf 
arm-none-eabi-objdump -h -S 28_led_flash_app.elf  > "28_led_flash_app.list"
arm-none-eabi-objcopy  -O binary 28_led_flash_app.elf  "28_led_flash_app.bin"
   text	   data	    bss	    dec	    hex	filename
   4912	     20	   1572	   6504	   1968	28_led_flash_app.elf
Finished building: default.size.stdout
 
Finished building: 28_led_flash_app.bin
Finished building: 28_led_flash_app.list
 
 

11:51:14 Build Finished. 0 errors, 0 warnings. (took 2s.139ms)

