08:58:01 **** Incremental Build of configuration Debug for project 12_rtc ****
make -j16 all 
arm-none-eabi-gcc "../Core/Src/main.c" -mcpu=cortex-m3 -std=gnu11 -g3 -DDEBUG -DUSE_HAL_DRIVER -DSTM32F103xE -c -I../Core/Inc -I../BSP/LED -I../BSP/KEY -I../BSP/LCD -I../ATK_Middlewares -I../../../libraries/Drivers/STM32F1xx_HAL_Driver/Inc/Legacy -I../../../libraries/Drivers/STM32F1xx_HAL_Driver/Inc -I../../../libraries/Drivers/CMSIS/Device/ST/STM32F1xx/Include -I../../../libraries/Drivers/CMSIS/Include -O0 -ffunction-sections -fdata-sections -Wall -fstack-usage -fcyclomatic-complexity -MMD -MP -MF"Core/Src/main.d" -MT"Core/Src/main.o" --specs=nano.specs -mfloat-abi=soft -mthumb -o "Core/Src/main.o"
arm-none-eabi-gcc "../Core/Src/rtc.c" -mcpu=cortex-m3 -std=gnu11 -g3 -DDEBUG -DUSE_HAL_DRIVER -DSTM32F103xE -c -I../Core/Inc -I../BSP/LED -I../BSP/KEY -I../BSP/LCD -I../ATK_Middlewares -I../../../libraries/Drivers/STM32F1xx_HAL_Driver/Inc/Legacy -I../../../libraries/Drivers/STM32F1xx_HAL_Driver/Inc -I../../../libraries/Drivers/CMSIS/Device/ST/STM32F1xx/Include -I../../../libraries/Drivers/CMSIS/Include -O0 -ffunction-sections -fdata-sections -Wall -fstack-usage -fcyclomatic-complexity -MMD -MP -MF"Core/Src/rtc.d" -MT"Core/Src/rtc.o" --specs=nano.specs -mfloat-abi=soft -mthumb -o "Core/Src/rtc.o"
arm-none-eabi-gcc -o "12_rtc.elf" @"objects.list"   -mcpu=cortex-m3 -T"F:\CubeIDE\h503_Git\m100-m3-mini-board-stm32f103\examples\12_rtc\STM32F103VETX_FLASH.ld" --specs=nosys.specs -Wl,-Map="12_rtc.map" -Wl,--gc-sections -static --specs=nano.specs -mfloat-abi=soft -mthumb -Wl,--start-group -lc -lm -Wl,--end-group
Finished building target: 12_rtc.elf
 
arm-none-eabi-size  12_rtc.elf 
arm-none-eabi-objdump -h -S 12_rtc.elf  > "12_rtc.list"
   text	   data	    bss	    dec	    hex	filename
  57936	    448	   2384	  60768	   ed60	12_rtc.elf
Finished building: default.size.stdout
 
Finished building: 12_rtc.list
 
08:58:10 **** Incremental Build of configuration Debug for project 12_rtc ****
make -j16 all 
arm-none-eabi-size  12_rtc.elf 
   text	   data	    bss	    dec	    hex	filename
  57936	    448	   2384	  60768	   ed60	12_rtc.elf
Finished building: default.size.stdout
 
